Archive member included to satisfy reference by file (symbol)

.\CortexM3\ARM_GCC_541\Debug\SDHD_MovementDetection.a(LED_red.o)
                              .\CortexM3\ARM_GCC_541\Debug\led.o (LED_red_Write)
.\CortexM3\ARM_GCC_541\Debug\SDHD_MovementDetection.a(LED_yellow.o)
                              .\CortexM3\ARM_GCC_541\Debug\led.o (LED_yellow_Write)
.\CortexM3\ARM_GCC_541\Debug\SDHD_MovementDetection.a(LED_green.o)
                              .\CortexM3\ARM_GCC_541\Debug\led.o (LED_green_Write)
.\CortexM3\ARM_GCC_541\Debug\SDHD_MovementDetection.a(IRQ_BUTTON.o)
                              .\CortexM3\ARM_GCC_541\Debug\main.o (IRQ_BUTTON_StartEx)
.\CortexM3\ARM_GCC_541\Debug\SDHD_MovementDetection.a(WaveDAC.o)
                              .\CortexM3\ARM_GCC_541\Debug\main.o (WaveDAC_Start)
.\CortexM3\ARM_GCC_541\Debug\SDHD_MovementDetection.a(UART.o)
                              .\CortexM3\ARM_GCC_541\Debug\main.o (UART_Start)
.\CortexM3\ARM_GCC_541\Debug\SDHD_MovementDetection.a(UART_INT.o)
                              .\CortexM3\ARM_GCC_541\Debug\SDHD_MovementDetection.a(UART.o) (UART_TXISR)
.\CortexM3\ARM_GCC_541\Debug\SDHD_MovementDetection.a(IRQ_UART.o)
                              .\CortexM3\ARM_GCC_541\Debug\main.o (IRQ_UART_StartEx)
.\CortexM3\ARM_GCC_541\Debug\SDHD_MovementDetection.a(ADC_DelSig.o)
                              .\CortexM3\ARM_GCC_541\Debug\main.o (ADC_DelSig_Start)
.\CortexM3\ARM_GCC_541\Debug\SDHD_MovementDetection.a(ADC_DelSig_INT.o)
                              .\CortexM3\ARM_GCC_541\Debug\SDHD_MovementDetection.a(ADC_DelSig.o) (ADC_DelSig_ISR1)
.\CortexM3\ARM_GCC_541\Debug\SDHD_MovementDetection.a(DMA_ForAdc_dma.o)
                              .\CortexM3\ARM_GCC_541\Debug\dma.o (DMA_ForAdc_DmaInitialize)
.\CortexM3\ARM_GCC_541\Debug\SDHD_MovementDetection.a(IRQ_DMA.o)
                              .\CortexM3\ARM_GCC_541\Debug\main.o (IRQ_DMA_StartEx)
.\CortexM3\ARM_GCC_541\Debug\SDHD_MovementDetection.a(WaveDAC_DacClk.o)
                              .\CortexM3\ARM_GCC_541\Debug\SDHD_MovementDetection.a(WaveDAC.o) (WaveDAC_DacClk_Start)
.\CortexM3\ARM_GCC_541\Debug\SDHD_MovementDetection.a(WaveDAC_Wave1_DMA_dma.o)
                              .\CortexM3\ARM_GCC_541\Debug\SDHD_MovementDetection.a(WaveDAC.o) (WaveDAC_Wave1_DMA_DmaInitialize)
.\CortexM3\ARM_GCC_541\Debug\SDHD_MovementDetection.a(WaveDAC_Wave2_DMA_dma.o)
                              .\CortexM3\ARM_GCC_541\Debug\SDHD_MovementDetection.a(WaveDAC.o) (WaveDAC_Wave2_DMA_DmaInitialize)
.\CortexM3\ARM_GCC_541\Debug\SDHD_MovementDetection.a(WaveDAC_VDAC8.o)
                              .\CortexM3\ARM_GCC_541\Debug\SDHD_MovementDetection.a(WaveDAC.o) (WaveDAC_VDAC8_Enable)
.\CortexM3\ARM_GCC_541\Debug\SDHD_MovementDetection.a(UART_IntClock.o)
                              .\CortexM3\ARM_GCC_541\Debug\SDHD_MovementDetection.a(UART.o) (UART_IntClock_Start)
.\CortexM3\ARM_GCC_541\Debug\SDHD_MovementDetection.a(ADC_DelSig_AMux.o)
                              .\CortexM3\ARM_GCC_541\Debug\SDHD_MovementDetection.a(ADC_DelSig.o) (ADC_DelSig_AMux_Select)
.\CortexM3\ARM_GCC_541\Debug\SDHD_MovementDetection.a(ADC_DelSig_Ext_CP_Clk.o)
                              .\CortexM3\ARM_GCC_541\Debug\SDHD_MovementDetection.a(ADC_DelSig.o) (ADC_DelSig_Ext_CP_Clk_SetModeRegister)
.\CortexM3\ARM_GCC_541\Debug\SDHD_MovementDetection.a(ADC_DelSig_theACLK.o)
                              .\CortexM3\ARM_GCC_541\Debug\SDHD_MovementDetection.a(ADC_DelSig.o) (ADC_DelSig_theACLK_SetModeRegister)
.\CortexM3\ARM_GCC_541\Debug\SDHD_MovementDetection.a(CyDmac.o)
                              .\CortexM3\ARM_GCC_541\Debug\Cm3Start.o (CyDmacConfigure)
.\CortexM3\ARM_GCC_541\Debug\SDHD_MovementDetection.a(CyLib.o)
                              .\CortexM3\ARM_GCC_541\Debug\Cm3Start.o (CyHalt)
.\CortexM3\ARM_GCC_541\Debug\SDHD_MovementDetection.a(cyPm.o)
                              .\CortexM3\ARM_GCC_541\Debug\SDHD_MovementDetection.a(CyLib.o) (CyPmReadStatus)
.\CortexM3\ARM_GCC_541\Debug\SDHD_MovementDetection.a(WaveDAC_BuffAmp.o)
                              .\CortexM3\ARM_GCC_541\Debug\SDHD_MovementDetection.a(WaveDAC.o) (WaveDAC_BuffAmp_Enable)
.\CortexM3\ARM_GCC_541\Debug\SDHD_MovementDetection.a(CyBootAsmGnu.o)
                              .\CortexM3\ARM_GCC_541\Debug\cyfitter_cfg.o (CyDelayCycles)
.\CortexM3\ARM_GCC_541\Debug\SDHD_MovementDetection.a(CyFlash.o)
                              .\CortexM3\ARM_GCC_541\Debug\SDHD_MovementDetection.a(cyPm.o) (CyFlash_SetWaitCycles)
.\CortexM3\ARM_GCC_541\Debug\SDHD_MovementDetection.a(CySpc.o)
                              .\CortexM3\ARM_GCC_541\Debug\SDHD_MovementDetection.a(CyFlash.o) (CySpcStart)
c:/program files (x86)/cypress/psoc creator/4.3/psoc creator/import/gnu/arm/5.4.1/bin/../lib/gcc/arm-none-eabi/5.4.1/armv7-m\libgcc.a(_arm_addsubdf3.o)
                              .\CortexM3\ARM_GCC_541\Debug\SDHD_MovementDetection.a(ADC_DelSig.o) (__aeabi_f2d)
[...]
Memory Configuration

Name             Origin             Length             Attributes
rom              0x00000000         0x00040000         xr
ram              0x1fff8000         0x00010000         xrw
*default*        0x00000000         0xffffffff

Linker script and memory map

LOAD c:/program files (x86)/cypress/psoc creator/4.3/psoc creator/import/gnu/arm/5.4.1/bin/../lib/gcc/arm-none-eabi/5.4.1/armv7-m/crti.o
LOAD c:/program files (x86)/cypress/psoc creator/4.3/psoc creator/import/gnu/arm/5.4.1/bin/../lib/gcc/arm-none-eabi/5.4.1/armv7-m/crtbegin.o
LOAD c:/program files (x86)/cypress/psoc creator/4.3/psoc creator/import/gnu/arm/5.4.1/bin/../lib/gcc/arm-none-eabi/5.4.1/../../../../arm-none-eabi/lib/armv7-m/crt0.o
START GROUP
LOAD .\CortexM3\ARM_GCC_541\Debug\main.o
LOAD .\CortexM3\ARM_GCC_541\Debug\movementDetector.o
LOAD .\CortexM3\ARM_GCC_541\Debug\dma.o
LOAD .\CortexM3\ARM_GCC_541\Debug\led.o
LOAD .\CortexM3\ARM_GCC_541\Debug\cyfitter_cfg.o
LOAD .\CortexM3\ARM_GCC_541\Debug\cymetadata.o
LOAD .\CortexM3\ARM_GCC_541\Debug\Cm3Start.o
LOAD .\CortexM3\ARM_GCC_541\Debug\SDHD_MovementDetection.a
LOAD C:\Program Files (x86)\Cypress\PSoC Creator\4.3\PSoC Creator\psoc\content\cycomponentlibrary\CyComponentLibrary.cylib\CortexM3\ARM_GCC_541\Debug\CyComponentLibrary.a
END GROUP
START GROUP
LOAD c:/program files (x86)/cypress/psoc creator/4.3/psoc creator/import/gnu/arm/5.4.1/bin/../lib/gcc/arm-none-eabi/5.4.1/armv7-m\libgcc.a
LOAD c:/program files (x86)/cypress/psoc creator/4.3/psoc creator/import/gnu/arm/5.4.1/bin/../lib/gcc/arm-none-eabi/5.4.1/../../../../arm-none-eabi/lib/armv7-m\libg_nano.a
LOAD c:/program files (x86)/cypress/psoc creator/4.3/psoc creator/import/gnu/arm/5.4.1/bin/../lib/gcc/arm-none-eabi/5.4.1/../../../../arm-none-eabi/lib/armv7-m\libc_nano.a
END GROUP
START GROUP
LOAD c:/program files (x86)/cypress/psoc creator/4.3/psoc creator/import/gnu/arm/5.4.1/bin/../lib/gcc/arm-none-eabi/5.4.1/armv7-m\libgcc.a
LOAD c:/program files (x86)/cypress/psoc creator/4.3/psoc creator/import/gnu/arm/5.4.1/bin/../lib/gcc/arm-none-eabi/5.4.1/../../../../arm-none-eabi/lib/armv7-m\libc_nano.a
END GROUP
LOAD c:/program files (x86)/cypress/psoc creator/4.3/psoc creator/import/gnu/arm/5.4.1/bin/../lib/gcc/arm-none-eabi/5.4.1/armv7-m/crtend.o
LOAD c:/program files (x86)/cypress/psoc creator/4.3/psoc creator/import/gnu/arm/5.4.1/bin/../lib/gcc/arm-none-eabi/5.4.1/armv7-m/crtn.o
START GROUP
LOAD c:/program files (x86)/cypress/psoc creator/4.3/psoc creator/import/gnu/arm/5.4.1/bin/../lib/gcc/arm-none-eabi/5.4.1/armv7-m\libgcc.a
LOAD c:/program files (x86)/cypress/psoc creator/4.3/psoc creator/import/gnu/arm/5.4.1/bin/../lib/gcc/arm-none-eabi/5.4.1/../../../../arm-none-eabi/lib/armv7-m\libc.a
LOAD c:/program files (x86)/cypress/psoc creator/4.3/psoc creator/import/gnu/arm/5.4.1/bin/../lib/gcc/arm-none-eabi/5.4.1/../../../../arm-none-eabi/lib/armv7-m\libnosys.a
END GROUP
                0x00000000                CY_APPL_ORIGIN = 0x0
                0x00000100                CY_FLASH_ROW_SIZE = 0x100
                0x00000020                CY_ECC_ROW_SIZE = 0x20
                0x00000000                CY_EE_IN_BTLDR = 0x0
                0x00000000                CY_APPL_LOADABLE = 0x0
                0x00000800                CY_EE_SIZE = 0x800
                0x00000001                CY_APPL_NUM = 0x1
                0x00000001                CY_APPL_MAX = 0x1
                0x00000040                CY_METADATA_SIZE = 0x40
                0x00000000                CY_APPL_LOADABLE = 0x0
                0x00000000                CY_CHECKSUM_EXCLUDE_SIZE = ALIGN (0x0, CY_FLASH_ROW_SIZE)
                [!provide]                PROVIDE (__cy_heap_start, _end)
                0x00000001                PROVIDE (__cy_region_num, ((__cy_regions_end - __cy_regions) / 0x10))
                0x20008000                PROVIDE (__cy_stack, (ORIGIN (ram) + LENGTH (ram)))
                [!provide]                PROVIDE (__cy_heap_end, (__cy_stack - 0x800))

.cybootloader   0x00000000        0x0
 *(.cybootloader)
                0x00000000                appl1_start = CY_APPL_ORIGIN?CY_APPL_ORIGIN:ALIGN (CY_FLASH_ROW_SIZE)
                0x0001ff00                appl2_start = (appl1_start + ALIGN ((((LENGTH (rom) - appl1_start) - (0x2 * CY_FLASH_ROW_SIZE)) / 0x2), CY_FLASH_ROW_SIZE))
                0x00000000                appl_start = (CY_APPL_NUM == 0x1)?appl1_start:appl2_start
                0x00000000                ecc_offset = ((appl_start / CY_FLASH_ROW_SIZE) * CY_ECC_ROW_SIZE)
                0x00000000                ee_offset = (CY_APPL_LOADABLE && ! (CY_EE_IN_BTLDR))?((CY_EE_SIZE / CY_APPL_MAX) * (CY_APPL_NUM - 0x1)):0x0
                0x00000800                ee_size = (CY_APPL_LOADABLE && ! (CY_EE_IN_BTLDR))?(CY_EE_SIZE / CY_APPL_MAX):CY_EE_SIZE
                [!provide]                PROVIDE (CY_ECC_OFFSET, ecc_offset)

.text           0x00000000     0x165e
 CREATE_OBJECT_SYMBOLS
                0x00000000                PROVIDE (__cy_interrupt_vector, RomVectors)
 *(.romvectors)
 .romvectors    0x00000000       0x10 .\CortexM3\ARM_GCC_541\Debug\Cm3Start.o
                0x00000000                RomVectors
                0x00000001                ASSERT ((. != __cy_interrupt_vector), No interrupt vector)
                0x00000001                ASSERT (CY_APPL_ORIGIN?(SIZEOF (.cybootloader) <= CY_APPL_ORIGIN):0x1, Wrong image location)
                0x00000010                PROVIDE (__cy_reset, Reset)
 *(.text.Reset)
 .text.Reset    0x00000010       0x18 .\CortexM3\ARM_GCC_541\Debug\Cm3Start.o
                0x00000010                Reset
                0x00000001                ASSERT ((. != __cy_reset), No reset code)
 *(.dma_init)
                0x00000001                ASSERT ((((appl_start + .) <= 0x10000) || 0x1), DMA Init must be within the first 64k of flash)
 *(.text .text.* .gnu.linkonce.t.*)
 .text          0x00000028       0x5c c:/program files (x86)/cypress/psoc creator/4.3/psoc creator/import/gnu/arm/5.4.1/bin/../lib/gcc/arm-none-eabi/5.4.1/armv7-m/crtbegin.o
 .text.isr_Button_handler
                0x00000084       0x10 .\CortexM3\ARM_GCC_541\Debug\main.o
                0x00000084                isr_Button_handler
 .text.isr_Uart_handler_onRX
                0x00000094       0x10 .\CortexM3\ARM_GCC_541\Debug\main.o
                0x00000094                isr_Uart_handler_onRX
 .text.isr_DMA_handler_onEOC
                0x000000a4       0x10 .\CortexM3\ARM_GCC_541\Debug\main.o
                0x000000a4                isr_DMA_handler_onEOC
 .text.peripheral_init
                0x000000b4       0x20 .\CortexM3\ARM_GCC_541\Debug\main.o
                0x000000b4                peripheral_init
 .text.main     0x000000d4       0x3c .\CortexM3\ARM_GCC_541\Debug\main.o
                0x000000d4                main
 .text.setEvent
                0x00000110       0x38 .\CortexM3\ARM_GCC_541\Debug\movementDetector.o
                0x00000110                setEvent
 .text.clearEvent
                0x00000148       0x38 .\CortexM3\ARM_GCC_541\Debug\movementDetector.o
                0x00000148                clearEvent
 .text.getEvent
                0x00000180       0x38 .\CortexM3\ARM_GCC_541\Debug\movementDetector.o
                0x00000180                getEvent
 .text.ledIndictor_systemIsIdle
                0x000001b8       0x1c .\CortexM3\ARM_GCC_541\Debug\movementDetector.o
                0x000001b8                ledIndictor_systemIsIdle
 .text.ledIndicator_ReadyForMeasurement
                0x000001d4       0x1c .\CortexM3\ARM_GCC_541\Debug\movementDetector.o
                0x000001d4                ledIndicator_ReadyForMeasurement
 .text.ledIndicator_readyToSend
                0x000001f0       0x1c .\CortexM3\ARM_GCC_541\Debug\movementDetector.o
                0x000001f0                ledIndicator_readyToSend
 .text.movementDetector_StateMachine
                0x0000020c       0x9c .\CortexM3\ARM_GCC_541\Debug\movementDetector.o
                0x0000020c                movementDetector_StateMachine
 .text.DMA_Initialize
                0x000002a8       0x48 .\CortexM3\ARM_GCC_541\Debug\dma.o
                0x000002a8                DMA_Initialize
 .text.DMA_Enable
                0x000002f0       0x14 .\CortexM3\ARM_GCC_541\Debug\dma.o
                0x000002f0                DMA_Enable
 .text.LED_Set  0x00000304       0x4c .\CortexM3\ARM_GCC_541\Debug\led.o
                0x00000304                LED_Set
 .text.CyClockStartupError
                0x00000350        0x4 .\CortexM3\ARM_GCC_541\Debug\cyfitter_cfg.o
 .text.cfg_write_bytes32
                0x00000354       0x34 .\CortexM3\ARM_GCC_541\Debug\cyfitter_cfg.o
 .text.AnalogSetDefault
                0x00000388       0x54 .\CortexM3\ARM_GCC_541\Debug\cyfitter_cfg.o
 .text.CYMEMZERO
                0x000003dc        0xc .\CortexM3\ARM_GCC_541\Debug\cyfitter_cfg.o
 .text.CYCONFIGCPY
                0x000003e8        0x8 .\CortexM3\ARM_GCC_541\Debug\cyfitter_cfg.o
 .text.ClockSetup
                0x000003f0      0x10c .\CortexM3\ARM_GCC_541\Debug\cyfitter_cfg.o
 .text.ADC_DelSig_AMux_Set
                0x000004fc       0x1c .\CortexM3\ARM_GCC_541\Debug\cyfitter_cfg.o
                0x000004fc                ADC_DelSig_AMux_Set
 .text.ADC_DelSig_AMux_Unset
                0x00000518       0x1c .\CortexM3\ARM_GCC_541\Debug\cyfitter_cfg.o
                0x00000518                ADC_DelSig_AMux_Unset
 .text.cyfitter_cfg
                0x00000534      0x140 .\CortexM3\ARM_GCC_541\Debug\cyfitter_cfg.o
                0x00000534                cyfitter_cfg
 .text.IntDefaultHandler
                0x00000674       0x10 .\CortexM3\ARM_GCC_541\Debug\Cm3Start.o
                0x00000674                IntDefaultHandler
 .text.Start_c  0x00000684       0x4c .\CortexM3\ARM_GCC_541\Debug\Cm3Start.o
                0x00000684                Start_c
 .text.initialize_psoc
                0x000006d0       0x6c .\CortexM3\ARM_GCC_541\Debug\Cm3Start.o
                0x000006d0                initialize_psoc
 .text.LED_red_Write
                0x0000073c       0x18 .\CortexM3\ARM_GCC_541\Debug\SDHD_MovementDetection.a(LED_red.o)
                0x0000073c                LED_red_Write
 .text.LED_yellow_Write
                0x00000754       0x18 .\CortexM3\ARM_GCC_541\Debug\SDHD_MovementDetection.a(LED_yellow.o)
                0x00000754                LED_yellow_Write
 .text.LED_green_Write
                0x0000076c       0x18 .\CortexM3\ARM_GCC_541\Debug\SDHD_MovementDetection.a(LED_green.o)
                0x0000076c                LED_green_Write
 .text.IRQ_BUTTON_SetVector
                0x00000784        0xc .\CortexM3\ARM_GCC_541\Debug\SDHD_MovementDetection.a(IRQ_BUTTON.o)
                0x00000784                IRQ_BUTTON_SetVector
 .text.IRQ_BUTTON_SetPriority
                0x00000790       0x10 .\CortexM3\ARM_GCC_541\Debug\SDHD_MovementDetection.a(IRQ_BUTTON.o)
                0x00000790                IRQ_BUTTON_SetPriority
 .text.IRQ_BUTTON_Enable
                0x000007a0        0xc .\CortexM3\ARM_GCC_541\Debug\SDHD_MovementDetection.a(IRQ_BUTTON.o)
                0x000007a0                IRQ_BUTTON_Enable
 .text.IRQ_BUTTON_Disable
                0x000007ac        0xc .\CortexM3\ARM_GCC_541\Debug\SDHD_MovementDetection.a(IRQ_BUTTON.o)
                0x000007ac                IRQ_BUTTON_Disable
 .text.IRQ_BUTTON_StartEx
                0x000007b8       0x1c .\CortexM3\ARM_GCC_541\Debug\SDHD_MovementDetection.a(IRQ_BUTTON.o)
                0x000007b8                IRQ_BUTTON_StartEx
 .text.IRQ_BUTTON_ClearPending
                0x000007d4        0xc .\CortexM3\ARM_GCC_541\Debug\SDHD_MovementDetection.a(IRQ_BUTTON.o)
                0x000007d4                IRQ_BUTTON_ClearPending
 .text.WaveDAC_Enable
                0x000007e0       0x2c .\CortexM3\ARM_GCC_541\Debug\SDHD_MovementDetection.a(WaveDAC.o)
                0x000007e0                WaveDAC_Enable
 .text.WaveDAC_Wave1Setup
                0x0000080c       0x40 .\CortexM3\ARM_GCC_541\Debug\SDHD_MovementDetection.a(WaveDAC.o)
                0x0000080c                WaveDAC_Wave1Setup
 .text.WaveDAC_Wave2Setup
                0x0000084c       0x40 .\CortexM3\ARM_GCC_541\Debug\SDHD_MovementDetection.a(WaveDAC.o)
                0x0000084c                WaveDAC_Wave2Setup
 .text.WaveDAC_Init
                0x0000088c       0x40 .\CortexM3\ARM_GCC_541\Debug\SDHD_MovementDetection.a(WaveDAC.o)
                0x0000088c                WaveDAC_Init
 .text.WaveDAC_Start
                0x000008cc       0x1c .\CortexM3\ARM_GCC_541\Debug\SDHD_MovementDetection.a(WaveDAC.o)
                0x000008cc                WaveDAC_Start
 .text.UART_Init
                0x000008e8       0x40 .\CortexM3\ARM_GCC_541\Debug\SDHD_MovementDetection.a(UART.o)
                0x000008e8                UART_Init
 .text.UART_Enable
                0x00000928       0x48 .\CortexM3\ARM_GCC_541\Debug\SDHD_MovementDetection.a(UART.o)
                0x00000928                UART_Enable
 .text.UART_Start
                0x00000970       0x1c .\CortexM3\ARM_GCC_541\Debug\SDHD_MovementDetection.a(UART.o)
                0x00000970                UART_Start
 .text.UART_GetChar
                0x0000098c       0x2c .\CortexM3\ARM_GCC_541\Debug\SDHD_MovementDetection.a(UART.o)
                0x0000098c                UART_GetChar
 .text.UART_PutChar
                0x000009b8       0x7c .\CortexM3\ARM_GCC_541\Debug\SDHD_MovementDetection.a(UART.o)
                0x000009b8                UART_PutChar
 .text.UART_PutString
                0x00000a34       0x24 .\CortexM3\ARM_GCC_541\Debug\SDHD_MovementDetection.a(UART.o)
                0x00000a34                UART_PutString
 .text.UART_PutArray
                0x00000a58       0x28 .\CortexM3\ARM_GCC_541\Debug\SDHD_MovementDetection.a(UART.o)
                0x00000a58                UART_PutArray
 .text.UART_TXISR
                0x00000a80       0x5c .\CortexM3\ARM_GCC_541\Debug\SDHD_MovementDetection.a(UART_INT.o)
                0x00000a80                UART_TXISR
 .text.IRQ_UART_SetVector
                0x00000adc        0xc .\CortexM3\ARM_GCC_541\Debug\SDHD_MovementDetection.a(IRQ_UART.o)
                0x00000adc                IRQ_UART_SetVector
 .text.IRQ_UART_SetPriority
                0x00000ae8       0x10 .\CortexM3\ARM_GCC_541\Debug\SDHD_MovementDetection.a(IRQ_UART.o)
                0x00000ae8                IRQ_UART_SetPriority
 .text.IRQ_UART_Enable
                0x00000af8        0xc .\CortexM3\ARM_GCC_541\Debug\SDHD_MovementDetection.a(IRQ_UART.o)
                0x00000af8                IRQ_UART_Enable
 .text.IRQ_UART_Disable
                0x00000b04        0xc .\CortexM3\ARM_GCC_541\Debug\SDHD_MovementDetection.a(IRQ_UART.o)
                0x00000b04                IRQ_UART_Disable
 .text.IRQ_UART_StartEx
                0x00000b10       0x1c .\CortexM3\ARM_GCC_541\Debug\SDHD_MovementDetection.a(IRQ_UART.o)
                0x00000b10                IRQ_UART_StartEx
 .text.IRQ_UART_ClearPending
                0x00000b2c        0xc .\CortexM3\ARM_GCC_541\Debug\SDHD_MovementDetection.a(IRQ_UART.o)
                0x00000b2c                IRQ_UART_ClearPending
 .text.ADC_DelSig_GainCompensation
                0x00000b38       0xdc .\CortexM3\ARM_GCC_541\Debug\SDHD_MovementDetection.a(ADC_DelSig.o)
 .text.ADC_DelSig_SetDSMRef0Reg
                0x00000c14       0x4c .\CortexM3\ARM_GCC_541\Debug\SDHD_MovementDetection.a(ADC_DelSig.o)
 .text.ADC_DelSig_InitConfig
                0x00000c60       0xe8 .\CortexM3\ARM_GCC_541\Debug\SDHD_MovementDetection.a(ADC_DelSig.o)
 .text.ADC_DelSig_Init
                0x00000d48       0xc4 .\CortexM3\ARM_GCC_541\Debug\SDHD_MovementDetection.a(ADC_DelSig.o)
                0x00000d48                ADC_DelSig_Init
 .text.ADC_DelSig_Enable
                0x00000e0c       0xd8 .\CortexM3\ARM_GCC_541\Debug\SDHD_MovementDetection.a(ADC_DelSig.o)
                0x00000e0c                ADC_DelSig_Enable
 .text.ADC_DelSig_Start
                0x00000ee4       0x28 .\CortexM3\ARM_GCC_541\Debug\SDHD_MovementDetection.a(ADC_DelSig.o)
                0x00000ee4                ADC_DelSig_Start
 .text.ADC_DelSig_StartConvert
                0x00000f0c       0x10 .\CortexM3\ARM_GCC_541\Debug\SDHD_MovementDetection.a(ADC_DelSig.o)
                0x00000f0c                ADC_DelSig_StartConvert
 .text.ADC_DelSig_ISR1
                0x00000f1c        0x4 .\CortexM3\ARM_GCC_541\Debug\SDHD_MovementDetection.a(ADC_DelSig_INT.o)
                0x00000f1c                ADC_DelSig_ISR1
 .text.DMA_ForAdc_DmaInitialize
                0x00000f20       0x3c .\CortexM3\ARM_GCC_541\Debug\SDHD_MovementDetection.a(DMA_ForAdc_dma.o)
                0x00000f20                DMA_ForAdc_DmaInitialize
 .text.IRQ_DMA_SetVector
                0x00000f5c        0xc .\CortexM3\ARM_GCC_541\Debug\SDHD_MovementDetection.a(IRQ_DMA.o)
                0x00000f5c                IRQ_DMA_SetVector
 .text.IRQ_DMA_SetPriority
                0x00000f68       0x10 .\CortexM3\ARM_GCC_541\Debug\SDHD_MovementDetection.a(IRQ_DMA.o)
                0x00000f68                IRQ_DMA_SetPriority
 .text.IRQ_DMA_Enable
                0x00000f78        0xc .\CortexM3\ARM_GCC_541\Debug\SDHD_MovementDetection.a(IRQ_DMA.o)
                0x00000f78                IRQ_DMA_Enable
 .text.IRQ_DMA_Disable
                0x00000f84        0xc .\CortexM3\ARM_GCC_541\Debug\SDHD_MovementDetection.a(IRQ_DMA.o)
                0x00000f84                IRQ_DMA_Disable
 .text.IRQ_DMA_StartEx
                0x00000f90       0x1c .\CortexM3\ARM_GCC_541\Debug\SDHD_MovementDetection.a(IRQ_DMA.o)
                0x00000f90                IRQ_DMA_StartEx
 .text.IRQ_DMA_ClearPending
                0x00000fac        0xc .\CortexM3\ARM_GCC_541\Debug\SDHD_MovementDetection.a(IRQ_DMA.o)
                0x00000fac                IRQ_DMA_ClearPending
 .text.WaveDAC_DacClk_Start
                0x00000fb8       0x1c .\CortexM3\ARM_GCC_541\Debug\SDHD_MovementDetection.a(WaveDAC_DacClk.o)
                0x00000fb8                WaveDAC_DacClk_Start
 .text.WaveDAC_Wave1_DMA_DmaInitialize
                0x00000fd4       0x3c .\CortexM3\ARM_GCC_541\Debug\SDHD_MovementDetection.a(WaveDAC_Wave1_DMA_dma.o)
                0x00000fd4                WaveDAC_Wave1_DMA_DmaInitialize
 .text.WaveDAC_Wave2_DMA_DmaInitialize
                0x00001010       0x3c .\CortexM3\ARM_GCC_541\Debug\SDHD_MovementDetection.a(WaveDAC_Wave2_DMA_dma.o)
                0x00001010                WaveDAC_Wave2_DMA_DmaInitialize
 .text.WaveDAC_VDAC8_Enable
                0x0000104c       0x1c .\CortexM3\ARM_GCC_541\Debug\SDHD_MovementDetection.a(WaveDAC_VDAC8.o)
                0x0000104c                WaveDAC_VDAC8_Enable
 .text.WaveDAC_VDAC8_SetSpeed
                0x00001068       0x1c .\CortexM3\ARM_GCC_541\Debug\SDHD_MovementDetection.a(WaveDAC_VDAC8.o)
                0x00001068                WaveDAC_VDAC8_SetSpeed
 .text.WaveDAC_VDAC8_SetValue
                0x00001084        0xc .\CortexM3\ARM_GCC_541\Debug\SDHD_MovementDetection.a(WaveDAC_VDAC8.o)
                0x00001084                WaveDAC_VDAC8_SetValue
 .text.WaveDAC_VDAC8_DacTrim
                0x00001090       0x24 .\CortexM3\ARM_GCC_541\Debug\SDHD_MovementDetection.a(WaveDAC_VDAC8.o)
                0x00001090                WaveDAC_VDAC8_DacTrim
 .text.WaveDAC_VDAC8_SetRange
                0x000010b4       0x20 .\CortexM3\ARM_GCC_541\Debug\SDHD_MovementDetection.a(WaveDAC_VDAC8.o)
                0x000010b4                WaveDAC_VDAC8_SetRange
 .text.WaveDAC_VDAC8_Init
                0x000010d4       0x2c .\CortexM3\ARM_GCC_541\Debug\SDHD_MovementDetection.a(WaveDAC_VDAC8.o)
                0x000010d4                WaveDAC_VDAC8_Init
 .text.UART_IntClock_Start
                0x00001100       0x1c .\CortexM3\ARM_GCC_541\Debug\SDHD_MovementDetection.a(UART_IntClock.o)
                0x00001100                UART_IntClock_Start
 .text.ADC_DelSig_AMux_Start
                0x0000111c       0x20 .\CortexM3\ARM_GCC_541\Debug\SDHD_MovementDetection.a(ADC_DelSig_AMux.o)
                0x0000111c                ADC_DelSig_AMux_Start
 .text.ADC_DelSig_AMux_Select
                0x0000113c       0x18 .\CortexM3\ARM_GCC_541\Debug\SDHD_MovementDetection.a(ADC_DelSig_AMux.o)
                0x0000113c                ADC_DelSig_AMux_Select
 .text.ADC_DelSig_Ext_CP_Clk_GetDividerRegister
                0x00001154        0xc .\CortexM3\ARM_GCC_541\Debug\SDHD_MovementDetection.a(ADC_DelSig_Ext_CP_Clk.o)
                0x00001154                ADC_DelSig_Ext_CP_Clk_GetDividerRegister
 .text.ADC_DelSig_Ext_CP_Clk_SetModeRegister
                0x00001160       0x14 .\CortexM3\ARM_GCC_541\Debug\SDHD_MovementDetection.a(ADC_DelSig_Ext_CP_Clk.o)
                0x00001160                ADC_DelSig_Ext_CP_Clk_SetModeRegister
 .text.ADC_DelSig_Ext_CP_Clk_GetSourceRegister
                0x00001174       0x10 .\CortexM3\ARM_GCC_541\Debug\SDHD_MovementDetection.a(ADC_DelSig_Ext_CP_Clk.o)
                0x00001174                ADC_DelSig_Ext_CP_Clk_GetSourceRegister
 .text.ADC_DelSig_Ext_CP_Clk_SetDividerRegister
                0x00001184       0xd8 .\CortexM3\ARM_GCC_541\Debug\SDHD_MovementDetection.a(ADC_DelSig_Ext_CP_Clk.o)
                0x00001184                ADC_DelSig_Ext_CP_Clk_SetDividerRegister
 .text.ADC_DelSig_theACLK_GetDividerRegister
                0x0000125c        0xc .\CortexM3\ARM_GCC_541\Debug\SDHD_MovementDetection.a(ADC_DelSig_theACLK.o)
                0x0000125c                ADC_DelSig_theACLK_GetDividerRegister
 .text.ADC_DelSig_theACLK_SetModeRegister
                0x00001268       0x14 .\CortexM3\ARM_GCC_541\Debug\SDHD_MovementDetection.a(ADC_DelSig_theACLK.o)
                0x00001268                ADC_DelSig_theACLK_SetModeRegister
 .text.ADC_DelSig_theACLK_GetSourceRegister
                0x0000127c       0x10 .\CortexM3\ARM_GCC_541\Debug\SDHD_MovementDetection.a(ADC_DelSig_theACLK.o)
                0x0000127c                ADC_DelSig_theACLK_GetSourceRegister
 .text.ADC_DelSig_theACLK_SetDividerRegister
                0x0000128c       0xd8 .\CortexM3\ARM_GCC_541\Debug\SDHD_MovementDetection.a(ADC_DelSig_theACLK.o)
                0x0000128c                ADC_DelSig_theACLK_SetDividerRegister
 .text.CyDmacConfigure
                0x00001364       0x34 .\CortexM3\ARM_GCC_541\Debug\SDHD_MovementDetection.a(CyDmac.o)
                0x00001364                CyDmacConfigure
 .text.CyDmaChEnable
                0x00001398       0x38 .\CortexM3\ARM_GCC_541\Debug\SDHD_MovementDetection.a(CyDmac.o)
                0x00001398                CyDmaChEnable
 .text.CyDmaChPriority
                0x000013d0       0x24 .\CortexM3\ARM_GCC_541\Debug\SDHD_MovementDetection.a(CyDmac.o)
                0x000013d0                CyDmaChPriority
 .text.CyDmaChSetExtendedAddress
                0x000013f4       0x34 .\CortexM3\ARM_GCC_541\Debug\SDHD_MovementDetection.a(CyDmac.o)
                0x000013f4                CyDmaChSetExtendedAddress
 .text.CyDmaChSetInitialTd
                0x00001428       0x18 .\CortexM3\ARM_GCC_541\Debug\SDHD_MovementDetection.a(CyDmac.o)
                0x00001428                CyDmaChSetInitialTd
 .text.CyDmaChSetConfiguration
                0x00001440       0x44 .\CortexM3\ARM_GCC_541\Debug\SDHD_MovementDetection.a(CyDmac.o)
                0x00001440                CyDmaChSetConfiguration
 .text.CyDmaTdAllocate
                0x00001484       0x34 .\CortexM3\ARM_GCC_541\Debug\SDHD_MovementDetection.a(CyDmac.o)
                0x00001484                CyDmaTdAllocate
 .text.CyDmaTdSetConfiguration
                0x000014b8       0x28 .\CortexM3\ARM_GCC_541\Debug\SDHD_MovementDetection.a(CyDmac.o)
                0x000014b8                CyDmaTdSetConfiguration
 .text.CyDmaTdSetAddress
                0x000014e0       0x1c .\CortexM3\ARM_GCC_541\Debug\SDHD_MovementDetection.a(CyDmac.o)
                0x000014e0                CyDmaTdSetAddress
 .text.CyHalt   0x000014fc        0x4 .\CortexM3\ARM_GCC_541\Debug\SDHD_MovementDetection.a(CyLib.o)
                0x000014fc                CyHalt
 .text.CyDelayUs
                0x00001500       0x14 .\CortexM3\ARM_GCC_541\Debug\SDHD_MovementDetection.a(CyLib.o)
                0x00001500                CyDelayUs
 .text.CyIntSetVector
                0x00001514       0x28 .\CortexM3\ARM_GCC_541\Debug\SDHD_MovementDetection.a(CyLib.o)
                0x00001514                CyIntSetVector
 .text.CyIntSetPriority
                0x0000153c       0x30 .\CortexM3\ARM_GCC_541\Debug\SDHD_MovementDetection.a(CyLib.o)
                0x0000153c                CyIntSetPriority
 .text.WaveDAC_BuffAmp_Enable
                0x0000156c       0x28 .\CortexM3\ARM_GCC_541\Debug\SDHD_MovementDetection.a(WaveDAC_BuffAmp.o)
                0x0000156c                WaveDAC_BuffAmp_Enable
 .text.WaveDAC_BuffAmp_SetPower
                0x00001594       0x1c .\CortexM3\ARM_GCC_541\Debug\SDHD_MovementDetection.a(WaveDAC_BuffAmp.o)
                0x00001594                WaveDAC_BuffAmp_SetPower
 .text.WaveDAC_BuffAmp_Init
                0x000015b0        0xc .\CortexM3\ARM_GCC_541\Debug\SDHD_MovementDetection.a(WaveDAC_BuffAmp.o)
                0x000015b0                WaveDAC_BuffAmp_Init
 *fill*         0x000015bc        0x4 
 .text          0x000015c0       0x20 .\CortexM3\ARM_GCC_541\Debug\SDHD_MovementDetection.a(CyBootAsmGnu.o)
                0x000015c0                CyDelayCycles
                0x000015d0                CyEnterCriticalSection
                0x000015d8                CyExitCriticalSection
 .text.__errno  0x000015e0        0xc c:/program files (x86)/cypress/psoc creator/4.3/psoc creator/import/gnu/arm/5.4.1/bin/../lib/gcc/arm-none-eabi/5.4.1/../../../../arm-none-eabi/lib/armv7-m\libg_nano.a(lib_a-errno.o)
                0x000015e0                __errno
 .text.__libc_init_array
                0x000015ec       0x4c c:/program files (x86)/cypress/psoc creator/4.3/psoc creator/import/gnu/arm/5.4.1/bin/../lib/gcc/arm-none-eabi/5.4.1/../../../../arm-none-eabi/lib/armv7-m\libg_nano.a(lib_a-init.o)
                0x000015ec                __libc_init_array
 .text.memcpy   0x00001638       0x16 c:/program files (x86)/cypress/psoc creator/4.3/psoc creator/import/gnu/arm/5.4.1/bin/../lib/gcc/arm-none-eabi/5.4.1/../../../../arm-none-eabi/lib/armv7-m\libg_nano.a(lib_a-memcpy-stub.o)
                0x00001638                memcpy
 .text.memset   0x0000164e       0x10 c:/program files (x86)/cypress/psoc creator/4.3/psoc creator/import/gnu/arm/5.4.1/bin/../lib/gcc/arm-none-eabi/5.4.1/../../../../arm-none-eabi/lib/armv7-m\libg_nano.a(lib_a-memset.o)
                0x0000164e                memset
 *(.plt)
 *(.gnu.warning)
 *(.glue_7t)
 .glue_7t       0x0000165e        0x0 linker stubs
 *(.glue_7)
 .glue_7        0x0000165e        0x0 linker stubs
 *(.vfp11_veneer)
 .vfp11_veneer  0x0000165e        0x0 linker stubs
 *(.bootloader)
 *(.ARM.extab* .gnu.linkonce.armextab.*)
 *(.gcc_except_table)

.v4_bx          0x00001660        0x0
 .v4_bx         0x00001660        0x0 linker stubs

.iplt           0x00001660        0x0
 .iplt          0x00001660        0x0 c:/program files (x86)/cypress/psoc creator/4.3/psoc creator/import/gnu/arm/5.4.1/bin/../lib/gcc/arm-none-eabi/5.4.1/armv7-m/crtbegin.o

.eh_frame_hdr
 *(.eh_frame_hdr)

.eh_frame       0x00001660        0x4
 *(.eh_frame)
 .eh_frame      0x00001660        0x0 c:/program files (x86)/cypress/psoc creator/4.3/psoc creator/import/gnu/arm/5.4.1/bin/../lib/gcc/arm-none-eabi/5.4.1/armv7-m/crtbegin.o
 .eh_frame      0x00001660        0x4 c:/program files (x86)/cypress/psoc creator/4.3/psoc creator/import/gnu/arm/5.4.1/bin/../lib/gcc/arm-none-eabi/5.4.1/armv7-m/crtend.o
                [!provide]                PROVIDE (__exidx_start, .)

.ARM.exidx
 *(.ARM.exidx* .gnu.linkonce.armexidx.*)
                0x00001664                __exidx_end = .

.rodata         0x00001664      0x164
 *(.rodata .rodata.* .gnu.linkonce.r.*)
 .rodata.str1.4
                0x00001664       0x10 .\CortexM3\ARM_GCC_541\Debug\movementDetector.o
                                  0xf (size before relaxing)
 .rodata        0x00001674       0x4e .\CortexM3\ARM_GCC_541\Debug\cyfitter_cfg.o
                0x00001674                ADC_DelSig_AMux__addrTable
                0x0000167c                ADC_DelSig_AMux__maskTable
 *fill*         0x000016c2        0x2 
 .rodata        0x000016c4       0xc8 .\CortexM3\ARM_GCC_541\Debug\SDHD_MovementDetection.a(WaveDAC.o)
                0x000016c4                WaveDAC_wave1
                0x00001728                WaveDAC_wave2
 .rodata.str1.1
                0x0000178c        0x2 c:/program files (x86)/cypress/psoc creator/4.3/psoc creator/import/gnu/arm/5.4.1/bin/../lib/gcc/arm-none-eabi/5.4.1/../../../../arm-none-eabi/lib/armv7-m\libg_nano.a(lib_a-impure.o)
                0x00001790                . = ALIGN (0x4)
 *fill*         0x0000178e        0x2 
 *(.init)
 .init          0x00001790        0x4 c:/program files (x86)/cypress/psoc creator/4.3/psoc creator/import/gnu/arm/5.4.1/bin/../lib/gcc/arm-none-eabi/5.4.1/armv7-m/crti.o
                0x00001790                _init
 .init          0x00001794        0x8 c:/program files (x86)/cypress/psoc creator/4.3/psoc creator/import/gnu/arm/5.4.1/bin/../lib/gcc/arm-none-eabi/5.4.1/armv7-m/crtn.o
                0x0000179c                . = ALIGN (0x4)
                0x0000179c                __preinit_array_start = .
 *(.preinit_array)
                0x0000179c                __preinit_array_end = .
                0x0000179c                . = ALIGN (0x4)
                0x0000179c                __init_array_start = .
 *(SORT(.init_array.*))
 *(.init_array)
 .init_array    0x0000179c        0x4 c:/program files (x86)/cypress/psoc creator/4.3/psoc creator/import/gnu/arm/5.4.1/bin/../lib/gcc/arm-none-eabi/5.4.1/armv7-m/crtbegin.o
 .init_array    0x000017a0        0x4 .\CortexM3\ARM_GCC_541\Debug\Cm3Start.o
                0x000017a4                __init_array_end = .
                0x000017a4                . = ALIGN (0x4)
 *(.fini)
 .fini          0x000017a4        0x4 c:/program files (x86)/cypress/psoc creator/4.3/psoc creator/import/gnu/arm/5.4.1/bin/../lib/gcc/arm-none-eabi/5.4.1/armv7-m/crti.o
                0x000017a4                _fini
 .fini          0x000017a8        0x8 c:/program files (x86)/cypress/psoc creator/4.3/psoc creator/import/gnu/arm/5.4.1/bin/../lib/gcc/arm-none-eabi/5.4.1/armv7-m/crtn.o
                0x000017b0                . = ALIGN (0x4)
                0x000017b0                __fini_array_start = .
 *(.fini_array)
 .fini_array    0x000017b0        0x4 c:/program files (x86)/cypress/psoc creator/4.3/psoc creator/import/gnu/arm/5.4.1/bin/../lib/gcc/arm-none-eabi/5.4.1/armv7-m/crtbegin.o
 *(SORT(.fini_array.*))
                0x000017b4                __fini_array_end = .
                0x000017b4                . = ALIGN (0x4)
 *crtbegin.o(.ctors)
 *(EXCLUDE_FILE(*crtend.o) .ctors)
 *(SORT(.ctors.*))
 *crtend.o(.ctors)
                0x000017b4                . = ALIGN (0x4)
 *crtbegin.o(.dtors)
 *(EXCLUDE_FILE(*crtend.o) .dtors)
 *(SORT(.dtors.*))
 *crtend.o(.dtors)
                0x000017b4                . = ALIGN (0x4)
                0x000017b4                __cy_regions = .
                0x000017b4        0x4 LONG 0x17c8 __cy_region_init_ram
                0x000017b8        0x4 LONG 0x1fff80c8 __cy_region_start_data
                0x000017bc        0x4 LONG 0x88 __cy_region_init_size_ram
                0x000017c0        0x4 LONG 0x1048 __cy_region_zero_size_ram
                0x000017c4                __cy_regions_end = .
                0x000017c8                . = ALIGN (0x8)
 *fill*         0x000017c4        0x4 
                0x000017c8                _etext = .

.cy_checksum_exclude
                0x000017c8        0x0
 *(.cy_checksum_exclude)

.ramvectors     0x1fff8000       0xc0
                0x1fff8000                __cy_region_start_ram = .
 *(.ramvectors)
 .ramvectors    0x1fff8000       0xc0 .\CortexM3\ARM_GCC_541\Debug\Cm3Start.o
                0x1fff8000                CyRamVectors

.noinit         0x1fff80c0        0x1
 *(.noinit)
 .noinit        0x1fff80c0        0x1 .\CortexM3\ARM_GCC_541\Debug\SDHD_MovementDetection.a(CyLib.o)
                0x1fff80c0                CyResetStatus

.data           0x1fff80c8       0x88 load address 0x000017c8
                0x1fff80c8                __cy_region_start_data = .
 *(.jcr)
 .jcr           0x1fff80c8        0x0 c:/program files (x86)/cypress/psoc creator/4.3/psoc creator/import/gnu/arm/5.4.1/bin/../lib/gcc/arm-none-eabi/5.4.1/armv7-m/crtbegin.o
 .jcr           0x1fff80c8        0x4 c:/program files (x86)/cypress/psoc creator/4.3/psoc creator/import/gnu/arm/5.4.1/bin/../lib/gcc/arm-none-eabi/5.4.1/armv7-m/crtend.o
 *(.got.plt)
 *(.got)
 *(.shdata)
 *(.data .data.* .gnu.linkonce.d.*)
 .data          0x1fff80cc        0x1 .\CortexM3\ARM_GCC_541\Debug\SDHD_MovementDetection.a(ADC_DelSig.o)
                0x1fff80cc                ADC_DelSig_Config
 .data          0x1fff80cd        0x1 .\CortexM3\ARM_GCC_541\Debug\SDHD_MovementDetection.a(DMA_ForAdc_dma.o)
                0x1fff80cd                DMA_ForAdc_DmaHandle
 .data          0x1fff80ce        0x1 .\CortexM3\ARM_GCC_541\Debug\SDHD_MovementDetection.a(WaveDAC_Wave1_DMA_dma.o)
                0x1fff80ce                WaveDAC_Wave1_DMA_DmaHandle
 .data          0x1fff80cf        0x1 .\CortexM3\ARM_GCC_541\Debug\SDHD_MovementDetection.a(WaveDAC_Wave2_DMA_dma.o)
                0x1fff80cf                WaveDAC_Wave2_DMA_DmaHandle
 .data          0x1fff80d0        0x1 .\CortexM3\ARM_GCC_541\Debug\SDHD_MovementDetection.a(ADC_DelSig_AMux.o)
 *fill*         0x1fff80d1        0x3 
 .data          0x1fff80d4        0x8 .\CortexM3\ARM_GCC_541\Debug\SDHD_MovementDetection.a(CyDmac.o)
 .data          0x1fff80dc       0x10 .\CortexM3\ARM_GCC_541\Debug\SDHD_MovementDetection.a(CyLib.o)
                0x1fff80dc                cydelay_32k_ms
                0x1fff80e0                cydelay_freq_khz
                0x1fff80e4                cydelay_freq_mhz
                0x1fff80e8                cydelay_freq_hz
 .data.impure_data
                0x1fff80ec       0x60 c:/program files (x86)/cypress/psoc creator/4.3/psoc creator/import/gnu/arm/5.4.1/bin/../lib/gcc/arm-none-eabi/5.4.1/../../../../arm-none-eabi/lib/armv7-m\libg_nano.a(lib_a-impure.o)
 .data._impure_ptr
                0x1fff814c        0x4 c:/program files (x86)/cypress/psoc creator/4.3/psoc creator/import/gnu/arm/5.4.1/bin/../lib/gcc/arm-none-eabi/5.4.1/../../../../arm-none-eabi/lib/armv7-m\libg_nano.a(lib_a-impure.o)
                0x1fff814c                _impure_ptr
                0x1fff8150                . = ALIGN (0x8)
 *(.ram)
                0x1fff8150                _edata = .

.igot.plt       0x1fff8150        0x0 load address 0x00001850
 .igot.plt      0x1fff8150        0x0 c:/program files (x86)/cypress/psoc creator/4.3/psoc creator/import/gnu/arm/5.4.1/bin/../lib/gcc/arm-none-eabi/5.4.1/armv7-m/crtbegin.o

.bss            0x1fff8150     0x1048 load address 0x00001850
                0x1fff8150                PROVIDE (__bss_start__, .)
 *(.shbss)
 *(.bss .bss.* .gnu.linkonce.b.*)
 .bss           0x1fff8150       0x1c c:/program files (x86)/cypress/psoc creator/4.3/psoc creator/import/gnu/arm/5.4.1/bin/../lib/gcc/arm-none-eabi/5.4.1/armv7-m/crtbegin.o
 .bss           0x1fff816c        0x4 .\CortexM3\ARM_GCC_541\Debug\movementDetector.o
                0x1fff816c                buttonPressedFlag
                0x1fff816d                dmaCompletionFlag
                0x1fff816e                UART_RX_Flag
 .bss           0x1fff8170        0x5 .\CortexM3\ARM_GCC_541\Debug\SDHD_MovementDetection.a(WaveDAC.o)
                0x1fff8174                WaveDAC_initVar
 *fill*         0x1fff8175        0x1 
 .bss           0x1fff8176        0x7 .\CortexM3\ARM_GCC_541\Debug\SDHD_MovementDetection.a(UART.o)
                0x1fff8176                UART_initVar
                0x1fff8178                UART_txBufferRead
                0x1fff817a                UART_txBufferWrite
 *fill*         0x1fff817d        0x3 
 .bss           0x1fff8180        0xc .\CortexM3\ARM_GCC_541\Debug\SDHD_MovementDetection.a(ADC_DelSig.o)
                0x1fff8184                ADC_DelSig_stopConversion
                0x1fff8185                ADC_DelSig_convDone
                0x1fff8186                ADC_DelSig_initVar
                0x1fff8187                ADC_DelSig_started
                0x1fff8188                ADC_DelSig_Offset
 *(COMMON)
 COMMON         0x1fff818c      0x800 .\CortexM3\ARM_GCC_541\Debug\main.o
                0x1fff818c                AdcSamplesFromDMA
 COMMON         0x1fff898c        0x2 .\CortexM3\ARM_GCC_541\Debug\dma.o
                0x1fff898c                DMA_ForAdc_TD
                0x1fff898d                DMA_ForAdc_Chan
 *fill*         0x1fff898e        0x2 
 COMMON         0x1fff8990      0x800 .\CortexM3\ARM_GCC_541\Debug\SDHD_MovementDetection.a(UART.o)
                0x1fff8990                UART_txBuffer
 COMMON         0x1fff9190        0x4 .\CortexM3\ARM_GCC_541\Debug\SDHD_MovementDetection.a(ADC_DelSig.o)
                0x1fff9190                ADC_DelSig_CountsPerVolt
                0x1fff9198                . = ALIGN (0x8)
 *fill*         0x1fff9194        0x4 
 *(.ram.b)
                0x1fff9198                _end = .
                0x1fff9198                __end = .
                0x1fff9198                PROVIDE (end, .)
                0x1fff9198                PROVIDE (__bss_end__, .)
                0x000017c8                __cy_region_init_ram = LOADADDR (.data)
                0x00000088                __cy_region_init_size_ram = (_edata - ADDR (.data))
                0x00001048                __cy_region_zero_size_ram = (_end - _edata)

.heap           0x1fff9198       0x80 load address 0x00001850
                0x1fff9198                . = _end
                0x1fff9218                . = (. + 0x80)
 *fill*         0x1fff9198       0x80 
                0x1fff9218                __cy_heap_limit = .

.stack          0x20007800      0x800
                0x20007800                __cy_stack_limit = .
                0x20008000                . = (. + 0x800)
 *fill*         0x20007800      0x800 
                0x00000001                ASSERT ((__cy_stack_limit >= __cy_heap_limit), region RAM overflowed with stack)
                0x00000000                cy_checksum_exclude_size = (CY_APPL_LOADABLE == 0x1)?SIZEOF (.cy_checksum_exclude):0x0
                0x00000001                ASSERT ((cy_checksum_exclude_size <= CY_CHECKSUM_EXCLUDE_SIZE), CY_BOOT: Section .cy_checksum_exclude size exceedes specified limit.)

.cyloadermeta
 *(.cyloadermeta)

.cyloadablemeta
 *(.cyloadablemeta)

.cyconfigecc    0x80000000      0x498
 *(.cyconfigecc)
 .cyconfigecc   0x80000000      0x498 .\CortexM3\ARM_GCC_541\Debug\cymetadata.o
                0x80000000                cy_meta_configecc

.cycustnvl      0x90000000        0x4
 *(.cycustnvl)
 .cycustnvl     0x90000000        0x4 .\CortexM3\ARM_GCC_541\Debug\cymetadata.o
                0x90000000                cy_meta_custnvl

.cywolatch      0x90100000        0x4
 *(.cywolatch)
 .cywolatch     0x90100000        0x4 .\CortexM3\ARM_GCC_541\Debug\cymetadata.o
                0x90100000                cy_meta_wonvl

.cyeeprom       0x90200000        0x0
 *(.cyeeprom)
                0x00000001                ASSERT ((. <= ((0x90200000 + ee_offset) + ee_size)), .cyeeprom data will not fit in EEPROM)

.cyflashprotect
                0x90400000      0x100
 *(.cyflashprotect)
 .cyflashprotect
                0x90400000      0x100 .\CortexM3\ARM_GCC_541\Debug\cymetadata.o
                0x90400000                cy_meta_flashprotect

.cymeta         0x90500000        0xc
 *(.cymeta)
 .cymeta        0x90500000        0xc .\CortexM3\ARM_GCC_541\Debug\cymetadata.o
                0x90500000                cy_metadata

.rel.dyn        0x00001850        0x0 load address 0x9050000c
 .rel.iplt      0x00001850        0x0 c:/program files (x86)/cypress/psoc creator/4.3/psoc creator/import/gnu/arm/5.4.1/bin/../lib/gcc/arm-none-eabi/5.4.1/armv7-m/crtbegin.o

.stab
 *(.stab)

.stabstr
 *(.stabstr)

.debug
 *(.debug)

.line
 *(.line)

.debug_srcinfo
 *(.debug_srcinfo)

.debug_sfnames
 *(.debug_sfnames)

.debug_aranges  0x00000000      0xe90
 *(.debug_aranges)
 .debug_aranges
                0x00000000       0x40 .\CortexM3\ARM_GCC_541\Debug\main.o
 .debug_aranges
                0x00000040       0x50 .\CortexM3\ARM_GCC_541\Debug\movementDetector.o
 .debug_aranges
                0x00000090       0x28 .\CortexM3\ARM_GCC_541\Debug\dma.o
 .debug_aranges
                0x000000b8       0x20 .\CortexM3\ARM_GCC_541\Debug\led.o
 .debug_aranges
                0x000000d8       0x68 .\CortexM3\ARM_GCC_541\Debug\cyfitter_cfg.o
 .debug_aranges
                0x00000140       0x18 .\CortexM3\ARM_GCC_541\Debug\cymetadata.o
 .debug_aranges
                0x00000158       0x48 .\CortexM3\ARM_GCC_541\Debug\Cm3Start.o
 .debug_aranges
                0x000001a0       0x38 .\CortexM3\ARM_GCC_541\Debug\SDHD_MovementDetection.a(LED_red.o)
 .debug_aranges
                0x000001d8       0x38 .\CortexM3\ARM_GCC_541\Debug\SDHD_MovementDetection.a(LED_yellow.o)
 .debug_aranges
                0x00000210       0x38 .\CortexM3\ARM_GCC_541\Debug\SDHD_MovementDetection.a(LED_green.o)
 .debug_aranges
                0x00000248       0x80 .\CortexM3\ARM_GCC_541\Debug\SDHD_MovementDetection.a(IRQ_BUTTON.o)
 .debug_aranges
                0x000002c8       0x50 .\CortexM3\ARM_GCC_541\Debug\SDHD_MovementDetection.a(WaveDAC.o)
 .debug_aranges
                0x00000318       0xf0 .\CortexM3\ARM_GCC_541\Debug\SDHD_MovementDetection.a(UART.o)
 .debug_aranges
                0x00000408       0x20 .\CortexM3\ARM_GCC_541\Debug\SDHD_MovementDetection.a(UART_INT.o)
 .debug_aranges
                0x00000428       0x80 .\CortexM3\ARM_GCC_541\Debug\SDHD_MovementDetection.a(IRQ_UART.o)
 .debug_aranges
                0x000004a8       0xe8 .\CortexM3\ARM_GCC_541\Debug\SDHD_MovementDetection.a(ADC_DelSig.o)
 .debug_aranges
                0x00000590       0x38 .\CortexM3\ARM_GCC_541\Debug\SDHD_MovementDetection.a(ADC_DelSig_INT.o)
 .debug_aranges
                0x000005c8       0x28 .\CortexM3\ARM_GCC_541\Debug\SDHD_MovementDetection.a(DMA_ForAdc_dma.o)
 .debug_aranges
                0x000005f0       0x80 .\CortexM3\ARM_GCC_541\Debug\SDHD_MovementDetection.a(IRQ_DMA.o)
 .debug_aranges
                0x00000670       0x70 .\CortexM3\ARM_GCC_541\Debug\SDHD_MovementDetection.a(WaveDAC_DacClk.o)
 .debug_aranges
                0x000006e0       0x28 .\CortexM3\ARM_GCC_541\Debug\SDHD_MovementDetection.a(WaveDAC_Wave1_DMA_dma.o)
 .debug_aranges
                0x00000708       0x28 .\CortexM3\ARM_GCC_541\Debug\SDHD_MovementDetection.a(WaveDAC_Wave2_DMA_dma.o)
 .debug_aranges
                0x00000730       0x58 .\CortexM3\ARM_GCC_541\Debug\SDHD_MovementDetection.a(WaveDAC_VDAC8.o)
 .debug_aranges
                0x00000788       0x70 .\CortexM3\ARM_GCC_541\Debug\SDHD_MovementDetection.a(UART_IntClock.o)
 .debug_aranges
                0x000007f8       0x30 .\CortexM3\ARM_GCC_541\Debug\SDHD_MovementDetection.a(ADC_DelSig_AMux.o)
 .debug_aranges
                0x00000828       0x70 .\CortexM3\ARM_GCC_541\Debug\SDHD_MovementDetection.a(ADC_DelSig_Ext_CP_Clk.o)
 .debug_aranges
                0x00000898       0x80 .\CortexM3\ARM_GCC_541\Debug\SDHD_MovementDetection.a(ADC_DelSig_theACLK.o)
 .debug_aranges
                0x00000918       0xd8 .\CortexM3\ARM_GCC_541\Debug\SDHD_MovementDetection.a(CyDmac.o)
 .debug_aranges
                0x000009f0      0x2a0 .\CortexM3\ARM_GCC_541\Debug\SDHD_MovementDetection.a(CyLib.o)
 .debug_aranges
                0x00000c90       0x98 .\CortexM3\ARM_GCC_541\Debug\SDHD_MovementDetection.a(cyPm.o)
 .debug_aranges
                0x00000d28       0x40 .\CortexM3\ARM_GCC_541\Debug\SDHD_MovementDetection.a(WaveDAC_BuffAmp.o)
 .debug_aranges
                0x00000d68       0x20 .\CortexM3\ARM_GCC_541\Debug\SDHD_MovementDetection.a(CyBootAsmGnu.o)
 .debug_aranges
                0x00000d88       0x88 .\CortexM3\ARM_GCC_541\Debug\SDHD_MovementDetection.a(CyFlash.o)
 .debug_aranges
                0x00000e10       0x80 .\CortexM3\ARM_GCC_541\Debug\SDHD_MovementDetection.a(CySpc.o)

.debug_pubnames
 *(.debug_pubnames)

.debug_info     0x00000000     0x83a3
 *(.debug_info .gnu.linkonce.wi.*)
 .debug_info    0x00000000      0x2f6 .\CortexM3\ARM_GCC_541\Debug\main.o
 .debug_info    0x000002f6      0x4f3 .\CortexM3\ARM_GCC_541\Debug\movementDetector.o
 .debug_info    0x000007e9      0x231 .\CortexM3\ARM_GCC_541\Debug\dma.o
 .debug_info    0x00000a1a      0x288 .\CortexM3\ARM_GCC_541\Debug\led.o
 .debug_info    0x00000ca2      0x6c5 .\CortexM3\ARM_GCC_541\Debug\cyfitter_cfg.o
 .debug_info    0x00001367      0x136 .\CortexM3\ARM_GCC_541\Debug\cymetadata.o
 .debug_info    0x0000149d      0x3cf .\CortexM3\ARM_GCC_541\Debug\Cm3Start.o
 .debug_info    0x0000186c      0x11f .\CortexM3\ARM_GCC_541\Debug\SDHD_MovementDetection.a(LED_red.o)
 .debug_info    0x0000198b      0x11f .\CortexM3\ARM_GCC_541\Debug\SDHD_MovementDetection.a(LED_yellow.o)
 .debug_info    0x00001aaa      0x11f .\CortexM3\ARM_GCC_541\Debug\SDHD_MovementDetection.a(LED_green.o)
 .debug_info    0x00001bc9      0x2d2 .\CortexM3\ARM_GCC_541\Debug\SDHD_MovementDetection.a(IRQ_BUTTON.o)
 .debug_info    0x00001e9b      0x52f .\CortexM3\ARM_GCC_541\Debug\SDHD_MovementDetection.a(WaveDAC.o)
 .debug_info    0x000023ca      0x6d7 .\CortexM3\ARM_GCC_541\Debug\SDHD_MovementDetection.a(UART.o)
 .debug_info    0x00002aa1      0x108 .\CortexM3\ARM_GCC_541\Debug\SDHD_MovementDetection.a(UART_INT.o)
 .debug_info    0x00002ba9      0x2d2 .\CortexM3\ARM_GCC_541\Debug\SDHD_MovementDetection.a(IRQ_UART.o)
 .debug_info    0x00002e7b      0xa18 .\CortexM3\ARM_GCC_541\Debug\SDHD_MovementDetection.a(ADC_DelSig.o)
 .debug_info    0x00003893       0xd3 .\CortexM3\ARM_GCC_541\Debug\SDHD_MovementDetection.a(ADC_DelSig_INT.o)
 .debug_info    0x00003966      0x1a8 .\CortexM3\ARM_GCC_541\Debug\SDHD_MovementDetection.a(DMA_ForAdc_dma.o)
 .debug_info    0x00003b0e      0x2d2 .\CortexM3\ARM_GCC_541\Debug\SDHD_MovementDetection.a(IRQ_DMA.o)
 .debug_info    0x00003de0      0x283 .\CortexM3\ARM_GCC_541\Debug\SDHD_MovementDetection.a(WaveDAC_DacClk.o)
 .debug_info    0x00004063      0x1aa .\CortexM3\ARM_GCC_541\Debug\SDHD_MovementDetection.a(WaveDAC_Wave1_DMA_dma.o)
 .debug_info    0x0000420d      0x1a7 .\CortexM3\ARM_GCC_541\Debug\SDHD_MovementDetection.a(WaveDAC_Wave2_DMA_dma.o)
 .debug_info    0x000043b4      0x1de .\CortexM3\ARM_GCC_541\Debug\SDHD_MovementDetection.a(WaveDAC_VDAC8.o)
 .debug_info    0x00004592      0x283 .\CortexM3\ARM_GCC_541\Debug\SDHD_MovementDetection.a(UART_IntClock.o)
 .debug_info    0x00004815      0x165 .\CortexM3\ARM_GCC_541\Debug\SDHD_MovementDetection.a(ADC_DelSig_AMux.o)
 .debug_info    0x0000497a      0x283 .\CortexM3\ARM_GCC_541\Debug\SDHD_MovementDetection.a(ADC_DelSig_Ext_CP_Clk.o)
 .debug_info    0x00004bfd      0x2c4 .\CortexM3\ARM_GCC_541\Debug\SDHD_MovementDetection.a(ADC_DelSig_theACLK.o)
 .debug_info    0x00004ec1      0x94e .\CortexM3\ARM_GCC_541\Debug\SDHD_MovementDetection.a(CyDmac.o)
 .debug_info    0x0000580f     0x1374 .\CortexM3\ARM_GCC_541\Debug\SDHD_MovementDetection.a(CyLib.o)
 .debug_info    0x00006b83      0xa2a .\CortexM3\ARM_GCC_541\Debug\SDHD_MovementDetection.a(cyPm.o)
 .debug_info    0x000075ad      0x151 .\CortexM3\ARM_GCC_541\Debug\SDHD_MovementDetection.a(WaveDAC_BuffAmp.o)
 .debug_info    0x000076fe      0x108 .\CortexM3\ARM_GCC_541\Debug\SDHD_MovementDetection.a(CyBootAsmGnu.o)
 .debug_info    0x00007806      0x64d .\CortexM3\ARM_GCC_541\Debug\SDHD_MovementDetection.a(CyFlash.o)
 .debug_info    0x00007e53      0x550 .\CortexM3\ARM_GCC_541\Debug\SDHD_MovementDetection.a(CySpc.o)

.debug_abbrev   0x00000000     0x26a1
 *(.debug_abbrev)
 .debug_abbrev  0x00000000      0x110 .\CortexM3\ARM_GCC_541\Debug\main.o
 .debug_abbrev  0x00000110      0x14b .\CortexM3\ARM_GCC_541\Debug\movementDetector.o
 .debug_abbrev  0x0000025b      0x109 .\CortexM3\ARM_GCC_541\Debug\dma.o
 .debug_abbrev  0x00000364       0xfb .\CortexM3\ARM_GCC_541\Debug\led.o
 .debug_abbrev  0x0000045f      0x22d .\CortexM3\ARM_GCC_541\Debug\cyfitter_cfg.o
 .debug_abbrev  0x0000068c       0x77 .\CortexM3\ARM_GCC_541\Debug\cymetadata.o
 .debug_abbrev  0x00000703      0x1e8 .\CortexM3\ARM_GCC_541\Debug\Cm3Start.o
 .debug_abbrev  0x000008eb       0x90 .\CortexM3\ARM_GCC_541\Debug\SDHD_MovementDetection.a(LED_red.o)
 .debug_abbrev  0x0000097b       0x90 .\CortexM3\ARM_GCC_541\Debug\SDHD_MovementDetection.a(LED_yellow.o)
 .debug_abbrev  0x00000a0b       0x90 .\CortexM3\ARM_GCC_541\Debug\SDHD_MovementDetection.a(LED_green.o)
 .debug_abbrev  0x00000a9b      0x173 .\CortexM3\ARM_GCC_541\Debug\SDHD_MovementDetection.a(IRQ_BUTTON.o)
 .debug_abbrev  0x00000c0e      0x10b .\CortexM3\ARM_GCC_541\Debug\SDHD_MovementDetection.a(WaveDAC.o)
 .debug_abbrev  0x00000d19      0x16f .\CortexM3\ARM_GCC_541\Debug\SDHD_MovementDetection.a(UART.o)
 .debug_abbrev  0x00000e88       0x79 .\CortexM3\ARM_GCC_541\Debug\SDHD_MovementDetection.a(UART_INT.o)
 .debug_abbrev  0x00000f01      0x173 .\CortexM3\ARM_GCC_541\Debug\SDHD_MovementDetection.a(IRQ_UART.o)
 .debug_abbrev  0x00001074      0x1eb .\CortexM3\ARM_GCC_541\Debug\SDHD_MovementDetection.a(ADC_DelSig.o)
 .debug_abbrev  0x0000125f       0x42 .\CortexM3\ARM_GCC_541\Debug\SDHD_MovementDetection.a(ADC_DelSig_INT.o)
 .debug_abbrev  0x000012a1       0xcd .\CortexM3\ARM_GCC_541\Debug\SDHD_MovementDetection.a(DMA_ForAdc_dma.o)
 .debug_abbrev  0x0000136e      0x173 .\CortexM3\ARM_GCC_541\Debug\SDHD_MovementDetection.a(IRQ_DMA.o)
 .debug_abbrev  0x000014e1      0x139 .\CortexM3\ARM_GCC_541\Debug\SDHD_MovementDetection.a(WaveDAC_DacClk.o)
 .debug_abbrev  0x0000161a       0xcd .\CortexM3\ARM_GCC_541\Debug\SDHD_MovementDetection.a(WaveDAC_Wave1_DMA_dma.o)
 .debug_abbrev  0x000016e7       0xcd .\CortexM3\ARM_GCC_541\Debug\SDHD_MovementDetection.a(WaveDAC_Wave2_DMA_dma.o)
 .debug_abbrev  0x000017b4       0xf7 .\CortexM3\ARM_GCC_541\Debug\SDHD_MovementDetection.a(WaveDAC_VDAC8.o)
 .debug_abbrev  0x000018ab      0x139 .\CortexM3\ARM_GCC_541\Debug\SDHD_MovementDetection.a(UART_IntClock.o)
 .debug_abbrev  0x000019e4       0xb1 .\CortexM3\ARM_GCC_541\Debug\SDHD_MovementDetection.a(ADC_DelSig_AMux.o)
 .debug_abbrev  0x00001a95      0x139 .\CortexM3\ARM_GCC_541\Debug\SDHD_MovementDetection.a(ADC_DelSig_Ext_CP_Clk.o)
 .debug_abbrev  0x00001bce      0x121 .\CortexM3\ARM_GCC_541\Debug\SDHD_MovementDetection.a(ADC_DelSig_theACLK.o)
 .debug_abbrev  0x00001cef      0x1b2 .\CortexM3\ARM_GCC_541\Debug\SDHD_MovementDetection.a(CyDmac.o)
 .debug_abbrev  0x00001ea1      0x254 .\CortexM3\ARM_GCC_541\Debug\SDHD_MovementDetection.a(CyLib.o)
 .debug_abbrev  0x000020f5      0x1ab .\CortexM3\ARM_GCC_541\Debug\SDHD_MovementDetection.a(cyPm.o)
 .debug_abbrev  0x000022a0       0xb2 .\CortexM3\ARM_GCC_541\Debug\SDHD_MovementDetection.a(WaveDAC_BuffAmp.o)
 .debug_abbrev  0x00002352       0x14 .\CortexM3\ARM_GCC_541\Debug\SDHD_MovementDetection.a(CyBootAsmGnu.o)
 .debug_abbrev  0x00002366      0x1a7 .\CortexM3\ARM_GCC_541\Debug\SDHD_MovementDetection.a(CyFlash.o)
 .debug_abbrev  0x0000250d      0x194 .\CortexM3\ARM_GCC_541\Debug\SDHD_MovementDetection.a(CySpc.o)

.debug_line     0x00000000     0x396c
 *(.debug_line)
 .debug_line    0x00000000      0x243 .\CortexM3\ARM_GCC_541\Debug\main.o
 .debug_line    0x00000243      0x280 .\CortexM3\ARM_GCC_541\Debug\movementDetector.o
 .debug_line    0x000004c3      0x1a5 .\CortexM3\ARM_GCC_541\Debug\dma.o
 .debug_line    0x00000668      0x1d0 .\CortexM3\ARM_GCC_541\Debug\led.o
 .debug_line    0x00000838      0x22b .\CortexM3\ARM_GCC_541\Debug\cyfitter_cfg.o
 .debug_line    0x00000a63      0x141 .\CortexM3\ARM_GCC_541\Debug\cymetadata.o
 .debug_line    0x00000ba4      0x241 .\CortexM3\ARM_GCC_541\Debug\Cm3Start.o
 .debug_line    0x00000de5       0x94 .\CortexM3\ARM_GCC_541\Debug\SDHD_MovementDetection.a(LED_red.o)
 .debug_line    0x00000e79       0x97 .\CortexM3\ARM_GCC_541\Debug\SDHD_MovementDetection.a(LED_yellow.o)
 .debug_line    0x00000f10       0x96 .\CortexM3\ARM_GCC_541\Debug\SDHD_MovementDetection.a(LED_green.o)
 .debug_line    0x00000fa6      0x137 .\CortexM3\ARM_GCC_541\Debug\SDHD_MovementDetection.a(IRQ_BUTTON.o)
 .debug_line    0x000010dd      0x164 .\CortexM3\ARM_GCC_541\Debug\SDHD_MovementDetection.a(WaveDAC.o)
 .debug_line    0x00001241      0x2f9 .\CortexM3\ARM_GCC_541\Debug\SDHD_MovementDetection.a(UART.o)
 .debug_line    0x0000153a       0x7d .\CortexM3\ARM_GCC_541\Debug\SDHD_MovementDetection.a(UART_INT.o)
 .debug_line    0x000015b7      0x135 .\CortexM3\ARM_GCC_541\Debug\SDHD_MovementDetection.a(IRQ_UART.o)
 .debug_line    0x000016ec      0x372 .\CortexM3\ARM_GCC_541\Debug\SDHD_MovementDetection.a(ADC_DelSig.o)
 .debug_line    0x00001a5e       0x87 .\CortexM3\ARM_GCC_541\Debug\SDHD_MovementDetection.a(ADC_DelSig_INT.o)
 .debug_line    0x00001ae5       0x87 .\CortexM3\ARM_GCC_541\Debug\SDHD_MovementDetection.a(DMA_ForAdc_dma.o)
 .debug_line    0x00001b6c      0x134 .\CortexM3\ARM_GCC_541\Debug\SDHD_MovementDetection.a(IRQ_DMA.o)
 .debug_line    0x00001ca0      0x17d .\CortexM3\ARM_GCC_541\Debug\SDHD_MovementDetection.a(WaveDAC_DacClk.o)
 .debug_line    0x00001e1d       0x8e .\CortexM3\ARM_GCC_541\Debug\SDHD_MovementDetection.a(WaveDAC_Wave1_DMA_dma.o)
 .debug_line    0x00001eab       0x8e .\CortexM3\ARM_GCC_541\Debug\SDHD_MovementDetection.a(WaveDAC_Wave2_DMA_dma.o)
 .debug_line    0x00001f39       0xe9 .\CortexM3\ARM_GCC_541\Debug\SDHD_MovementDetection.a(WaveDAC_VDAC8.o)
 .debug_line    0x00002022      0x17c .\CortexM3\ARM_GCC_541\Debug\SDHD_MovementDetection.a(UART_IntClock.o)
 .debug_line    0x0000219e       0xb3 .\CortexM3\ARM_GCC_541\Debug\SDHD_MovementDetection.a(ADC_DelSig_AMux.o)
 .debug_line    0x00002251      0x184 .\CortexM3\ARM_GCC_541\Debug\SDHD_MovementDetection.a(ADC_DelSig_Ext_CP_Clk.o)
 .debug_line    0x000023d5      0x1a4 .\CortexM3\ARM_GCC_541\Debug\SDHD_MovementDetection.a(ADC_DelSig_theACLK.o)
 .debug_line    0x00002579      0x2e4 .\CortexM3\ARM_GCC_541\Debug\SDHD_MovementDetection.a(CyDmac.o)
 .debug_line    0x0000285d      0x816 .\CortexM3\ARM_GCC_541\Debug\SDHD_MovementDetection.a(CyLib.o)
 .debug_line    0x00003073      0x367 .\CortexM3\ARM_GCC_541\Debug\SDHD_MovementDetection.a(cyPm.o)
 .debug_line    0x000033da       0xb2 .\CortexM3\ARM_GCC_541\Debug\SDHD_MovementDetection.a(WaveDAC_BuffAmp.o)
 .debug_line    0x0000348c       0x66 .\CortexM3\ARM_GCC_541\Debug\SDHD_MovementDetection.a(CyBootAsmGnu.o)
 .debug_line    0x000034f2      0x21a .\CortexM3\ARM_GCC_541\Debug\SDHD_MovementDetection.a(CyFlash.o)
 .debug_line    0x0000370c      0x260 .\CortexM3\ARM_GCC_541\Debug\SDHD_MovementDetection.a(CySpc.o)

.debug_frame    0x00000000     0x2304
 *(.debug_frame)
 .debug_frame   0x00000000       0x9c .\CortexM3\ARM_GCC_541\Debug\main.o
 .debug_frame   0x0000009c       0xd8 .\CortexM3\ARM_GCC_541\Debug\movementDetector.o
 .debug_frame   0x00000174       0x54 .\CortexM3\ARM_GCC_541\Debug\dma.o
 .debug_frame   0x000001c8       0x30 .\CortexM3\ARM_GCC_541\Debug\led.o
 .debug_frame   0x000001f8      0x104 .\CortexM3\ARM_GCC_541\Debug\cyfitter_cfg.o
 .debug_frame   0x000002fc       0xb8 .\CortexM3\ARM_GCC_541\Debug\Cm3Start.o
 .debug_frame   0x000003b4       0x50 .\CortexM3\ARM_GCC_541\Debug\SDHD_MovementDetection.a(LED_red.o)
 .debug_frame   0x00000404       0x50 .\CortexM3\ARM_GCC_541\Debug\SDHD_MovementDetection.a(LED_yellow.o)
 .debug_frame   0x00000454       0x50 .\CortexM3\ARM_GCC_541\Debug\SDHD_MovementDetection.a(LED_green.o)
 .debug_frame   0x000004a4      0x104 .\CortexM3\ARM_GCC_541\Debug\SDHD_MovementDetection.a(IRQ_BUTTON.o)
 .debug_frame   0x000005a8       0xe0 .\CortexM3\ARM_GCC_541\Debug\SDHD_MovementDetection.a(WaveDAC.o)
 .debug_frame   0x00000688      0x268 .\CortexM3\ARM_GCC_541\Debug\SDHD_MovementDetection.a(UART.o)
 .debug_frame   0x000008f0       0x20 .\CortexM3\ARM_GCC_541\Debug\SDHD_MovementDetection.a(UART_INT.o)
 .debug_frame   0x00000910      0x104 .\CortexM3\ARM_GCC_541\Debug\SDHD_MovementDetection.a(IRQ_UART.o)
 .debug_frame   0x00000a14      0x278 .\CortexM3\ARM_GCC_541\Debug\SDHD_MovementDetection.a(ADC_DelSig.o)
 .debug_frame   0x00000c8c       0x50 .\CortexM3\ARM_GCC_541\Debug\SDHD_MovementDetection.a(ADC_DelSig_INT.o)
 .debug_frame   0x00000cdc       0x54 .\CortexM3\ARM_GCC_541\Debug\SDHD_MovementDetection.a(DMA_ForAdc_dma.o)
 .debug_frame   0x00000d30      0x104 .\CortexM3\ARM_GCC_541\Debug\SDHD_MovementDetection.a(IRQ_DMA.o)
 .debug_frame   0x00000e34       0xe0 .\CortexM3\ARM_GCC_541\Debug\SDHD_MovementDetection.a(WaveDAC_DacClk.o)
 .debug_frame   0x00000f14       0x54 .\CortexM3\ARM_GCC_541\Debug\SDHD_MovementDetection.a(WaveDAC_Wave1_DMA_dma.o)
 .debug_frame   0x00000f68       0x54 .\CortexM3\ARM_GCC_541\Debug\SDHD_MovementDetection.a(WaveDAC_Wave2_DMA_dma.o)
 .debug_frame   0x00000fbc       0xb4 .\CortexM3\ARM_GCC_541\Debug\SDHD_MovementDetection.a(WaveDAC_VDAC8.o)
 .debug_frame   0x00001070       0xe0 .\CortexM3\ARM_GCC_541\Debug\SDHD_MovementDetection.a(UART_IntClock.o)
 .debug_frame   0x00001150       0x64 .\CortexM3\ARM_GCC_541\Debug\SDHD_MovementDetection.a(ADC_DelSig_AMux.o)
 .debug_frame   0x000011b4       0xe0 .\CortexM3\ARM_GCC_541\Debug\SDHD_MovementDetection.a(ADC_DelSig_Ext_CP_Clk.o)
 .debug_frame   0x00001294      0x100 .\CortexM3\ARM_GCC_541\Debug\SDHD_MovementDetection.a(ADC_DelSig_theACLK.o)
 .debug_frame   0x00001394      0x1f8 .\CortexM3\ARM_GCC_541\Debug\SDHD_MovementDetection.a(CyDmac.o)
 .debug_frame   0x0000158c      0x738 .\CortexM3\ARM_GCC_541\Debug\SDHD_MovementDetection.a(CyLib.o)
 .debug_frame   0x00001cc4      0x1f8 .\CortexM3\ARM_GCC_541\Debug\SDHD_MovementDetection.a(cyPm.o)
 .debug_frame   0x00001ebc       0x78 .\CortexM3\ARM_GCC_541\Debug\SDHD_MovementDetection.a(WaveDAC_BuffAmp.o)
 .debug_frame   0x00001f34      0x194 .\CortexM3\ARM_GCC_541\Debug\SDHD_MovementDetection.a(CyFlash.o)
 .debug_frame   0x000020c8      0x180 .\CortexM3\ARM_GCC_541\Debug\SDHD_MovementDetection.a(CySpc.o)
 .debug_frame   0x00002248       0x20 c:/program files (x86)/cypress/psoc creator/4.3/psoc creator/import/gnu/arm/5.4.1/bin/../lib/gcc/arm-none-eabi/5.4.1/../../../../arm-none-eabi/lib/armv7-m\libg_nano.a(lib_a-errno.o)
 .debug_frame   0x00002268       0x28 c:/program files (x86)/cypress/psoc creator/4.3/psoc creator/import/gnu/arm/5.4.1/bin/../lib/gcc/arm-none-eabi/5.4.1/../../../../arm-none-eabi/lib/armv7-m\libg_nano.a(lib_a-exit.o)
 .debug_frame   0x00002290       0x2c c:/program files (x86)/cypress/psoc creator/4.3/psoc creator/import/gnu/arm/5.4.1/bin/../lib/gcc/arm-none-eabi/5.4.1/../../../../arm-none-eabi/lib/armv7-m\libg_nano.a(lib_a-init.o)
 .debug_frame   0x000022bc       0x28 c:/program files (x86)/cypress/psoc creator/4.3/psoc creator/import/gnu/arm/5.4.1/bin/../lib/gcc/arm-none-eabi/5.4.1/../../../../arm-none-eabi/lib/armv7-m\libg_nano.a(lib_a-memcpy-stub.o)
 .debug_frame   0x000022e4       0x20 c:/program files (x86)/cypress/psoc creator/4.3/psoc creator/import/gnu/arm/5.4.1/bin/../lib/gcc/arm-none-eabi/5.4.1/../../../../arm-none-eabi/lib/armv7-m\libg_nano.a(lib_a-memset.o)

.debug_str      0x00000000     0x333f
 *(.debug_str)
 .debug_str     0x00000000      0x35b .\CortexM3\ARM_GCC_541\Debug\main.o
                                0x3ae (size before relaxing)
 .debug_str     0x0000035b      0x1c9 .\CortexM3\ARM_GCC_541\Debug\movementDetector.o
                                0x45a (size before relaxing)
 .debug_str     0x00000524       0xb0 .\CortexM3\ARM_GCC_541\Debug\dma.o
                                0x2f7 (size before relaxing)
 .debug_str     0x000005d4      0x230 .\CortexM3\ARM_GCC_541\Debug\led.o
                                0x495 (size before relaxing)
 .debug_str     0x00000804      0x20b .\CortexM3\ARM_GCC_541\Debug\cyfitter_cfg.o
                                0x424 (size before relaxing)
 .debug_str     0x00000a0f       0x7f .\CortexM3\ARM_GCC_541\Debug\cymetadata.o
                                0x25c (size before relaxing)
 .debug_str     0x00000a8e      0x14f .\CortexM3\ARM_GCC_541\Debug\Cm3Start.o
                                0x392 (size before relaxing)
 .debug_str     0x00000bdd       0x67 .\CortexM3\ARM_GCC_541\Debug\SDHD_MovementDetection.a(LED_red.o)
                                0x264 (size before relaxing)
 .debug_str     0x00000c44       0x63 .\CortexM3\ARM_GCC_541\Debug\SDHD_MovementDetection.a(LED_yellow.o)
                                0x273 (size before relaxing)
 .debug_str     0x00000ca7       0x5f .\CortexM3\ARM_GCC_541\Debug\SDHD_MovementDetection.a(LED_green.o)
                                0x26e (size before relaxing)
 .debug_str     0x00000d06      0x119 .\CortexM3\ARM_GCC_541\Debug\SDHD_MovementDetection.a(IRQ_BUTTON.o)
                                0x364 (size before relaxing)
 .debug_str     0x00000e1f      0x251 .\CortexM3\ARM_GCC_541\Debug\SDHD_MovementDetection.a(WaveDAC.o)
                                0x4c2 (size before relaxing)
 .debug_str     0x00001070      0x2fd .\CortexM3\ARM_GCC_541\Debug\SDHD_MovementDetection.a(UART.o)
                                0x56e (size before relaxing)
 .debug_str     0x0000136d       0x2d .\CortexM3\ARM_GCC_541\Debug\SDHD_MovementDetection.a(UART_INT.o)
                                0x265 (size before relaxing)
 .debug_str     0x0000139a       0xe9 .\CortexM3\ARM_GCC_541\Debug\SDHD_MovementDetection.a(IRQ_UART.o)
                                0x348 (size before relaxing)
 .debug_str     0x00001483      0x46d .\CortexM3\ARM_GCC_541\Debug\SDHD_MovementDetection.a(ADC_DelSig.o)
                                0x760 (size before relaxing)
 .debug_str     0x000018f0       0x68 .\CortexM3\ARM_GCC_541\Debug\SDHD_MovementDetection.a(ADC_DelSig_INT.o)
                                0x25b (size before relaxing)
 .debug_str     0x00001958       0xd0 .\CortexM3\ARM_GCC_541\Debug\SDHD_MovementDetection.a(DMA_ForAdc_dma.o)
                                0x2f8 (size before relaxing)
 .debug_str     0x00001a28       0xdd .\CortexM3\ARM_GCC_541\Debug\SDHD_MovementDetection.a(IRQ_DMA.o)
                                0x33a (size before relaxing)
 .debug_str     0x00001b05      0x185 .\CortexM3\ARM_GCC_541\Debug\SDHD_MovementDetection.a(WaveDAC_DacClk.o)
                                0x3ba (size before relaxing)
 .debug_str     0x00001c8a       0x68 .\CortexM3\ARM_GCC_541\Debug\SDHD_MovementDetection.a(WaveDAC_Wave1_DMA_dma.o)
                                0x314 (size before relaxing)
 .debug_str     0x00001cf2       0x68 .\CortexM3\ARM_GCC_541\Debug\SDHD_MovementDetection.a(WaveDAC_Wave2_DMA_dma.o)
                                0x314 (size before relaxing)
 .debug_str     0x00001d5a       0x73 .\CortexM3\ARM_GCC_541\Debug\SDHD_MovementDetection.a(WaveDAC_VDAC8.o)
                                0x2e7 (size before relaxing)
 .debug_str     0x00001dcd      0x138 .\CortexM3\ARM_GCC_541\Debug\SDHD_MovementDetection.a(UART_IntClock.o)
                                0x3ae (size before relaxing)
 .debug_str     0x00001f05       0x7b .\CortexM3\ARM_GCC_541\Debug\SDHD_MovementDetection.a(ADC_DelSig_AMux.o)
                                0x2a8 (size before relaxing)
 .debug_str     0x00001f80      0x170 .\CortexM3\ARM_GCC_541\Debug\SDHD_MovementDetection.a(ADC_DelSig_Ext_CP_Clk.o)
                                0x40e (size before relaxing)
 .debug_str     0x000020f0      0x1a3 .\CortexM3\ARM_GCC_541\Debug\SDHD_MovementDetection.a(ADC_DelSig_theACLK.o)
                                0x43b (size before relaxing)
 .debug_str     0x00002293      0x2a1 .\CortexM3\ARM_GCC_541\Debug\SDHD_MovementDetection.a(CyDmac.o)
                                0x5c2 (size before relaxing)
 .debug_str     0x00002534      0x7bb .\CortexM3\ARM_GCC_541\Debug\SDHD_MovementDetection.a(CyLib.o)
                                0xabf (size before relaxing)
 .debug_str     0x00002cef      0x365 .\CortexM3\ARM_GCC_541\Debug\SDHD_MovementDetection.a(cyPm.o)
                                0x7ab (size before relaxing)
 .debug_str     0x00003054       0x8b .\CortexM3\ARM_GCC_541\Debug\SDHD_MovementDetection.a(WaveDAC_BuffAmp.o)
                                0x2b5 (size before relaxing)
 .debug_str     0x000030df      0x1b4 .\CortexM3\ARM_GCC_541\Debug\SDHD_MovementDetection.a(CyFlash.o)
                                0x438 (size before relaxing)
 .debug_str     0x00003293       0xac .\CortexM3\ARM_GCC_541\Debug\SDHD_MovementDetection.a(CySpc.o)
                                0x3b0 (size before relaxing)

.debug_loc      0x00000000     0x3ca8
 *(.debug_loc)
 .debug_loc     0x00000000      0x1e7 .\CortexM3\ARM_GCC_541\Debug\movementDetector.o
 .debug_loc     0x000001e7       0x4d .\CortexM3\ARM_GCC_541\Debug\dma.o
 .debug_loc     0x00000234      0x125 .\CortexM3\ARM_GCC_541\Debug\led.o
 .debug_loc     0x00000359      0x29c .\CortexM3\ARM_GCC_541\Debug\cyfitter_cfg.o
 .debug_loc     0x000005f5      0x144 .\CortexM3\ARM_GCC_541\Debug\Cm3Start.o
 .debug_loc     0x00000739       0x42 .\CortexM3\ARM_GCC_541\Debug\SDHD_MovementDetection.a(LED_red.o)
 .debug_loc     0x0000077b       0x42 .\CortexM3\ARM_GCC_541\Debug\SDHD_MovementDetection.a(LED_yellow.o)
 .debug_loc     0x000007bd       0x42 .\CortexM3\ARM_GCC_541\Debug\SDHD_MovementDetection.a(LED_green.o)
 .debug_loc     0x000007ff       0x56 .\CortexM3\ARM_GCC_541\Debug\SDHD_MovementDetection.a(IRQ_BUTTON.o)
 .debug_loc     0x00000855      0x11b .\CortexM3\ARM_GCC_541\Debug\SDHD_MovementDetection.a(WaveDAC.o)
 .debug_loc     0x00000970      0x276 .\CortexM3\ARM_GCC_541\Debug\SDHD_MovementDetection.a(UART.o)
 .debug_loc     0x00000be6       0x56 .\CortexM3\ARM_GCC_541\Debug\SDHD_MovementDetection.a(IRQ_UART.o)
 .debug_loc     0x00000c3c      0x681 .\CortexM3\ARM_GCC_541\Debug\SDHD_MovementDetection.a(ADC_DelSig.o)
 .debug_loc     0x000012bd       0x84 .\CortexM3\ARM_GCC_541\Debug\SDHD_MovementDetection.a(DMA_ForAdc_dma.o)
 .debug_loc     0x00001341       0x56 .\CortexM3\ARM_GCC_541\Debug\SDHD_MovementDetection.a(IRQ_DMA.o)
 .debug_loc     0x00001397      0x128 .\CortexM3\ARM_GCC_541\Debug\SDHD_MovementDetection.a(WaveDAC_DacClk.o)
 .debug_loc     0x000014bf       0x84 .\CortexM3\ARM_GCC_541\Debug\SDHD_MovementDetection.a(WaveDAC_Wave1_DMA_dma.o)
 .debug_loc     0x00001543       0x84 .\CortexM3\ARM_GCC_541\Debug\SDHD_MovementDetection.a(WaveDAC_Wave2_DMA_dma.o)
 .debug_loc     0x000015c7       0x79 .\CortexM3\ARM_GCC_541\Debug\SDHD_MovementDetection.a(WaveDAC_VDAC8.o)
 .debug_loc     0x00001640      0x128 .\CortexM3\ARM_GCC_541\Debug\SDHD_MovementDetection.a(UART_IntClock.o)
 .debug_loc     0x00001768       0x6c .\CortexM3\ARM_GCC_541\Debug\SDHD_MovementDetection.a(ADC_DelSig_AMux.o)
 .debug_loc     0x000017d4      0x12c .\CortexM3\ARM_GCC_541\Debug\SDHD_MovementDetection.a(ADC_DelSig_Ext_CP_Clk.o)
 .debug_loc     0x00001900      0x14d .\CortexM3\ARM_GCC_541\Debug\SDHD_MovementDetection.a(ADC_DelSig_theACLK.o)
 .debug_loc     0x00001a4d      0xb8e .\CortexM3\ARM_GCC_541\Debug\SDHD_MovementDetection.a(CyDmac.o)
 .debug_loc     0x000025db      0xa11 .\CortexM3\ARM_GCC_541\Debug\SDHD_MovementDetection.a(CyLib.o)
 .debug_loc     0x00002fec      0x1e4 .\CortexM3\ARM_GCC_541\Debug\SDHD_MovementDetection.a(cyPm.o)
 .debug_loc     0x000031d0       0x21 .\CortexM3\ARM_GCC_541\Debug\SDHD_MovementDetection.a(WaveDAC_BuffAmp.o)
 .debug_loc     0x000031f1      0x3b2 .\CortexM3\ARM_GCC_541\Debug\SDHD_MovementDetection.a(CyFlash.o)
 .debug_loc     0x000035a3      0x705 .\CortexM3\ARM_GCC_541\Debug\SDHD_MovementDetection.a(CySpc.o)

.debug_macinfo
 *(.debug_macinfo)

.debug_ranges   0x00000000      0xc78
 *(.debug_ranges)
 .debug_ranges  0x00000000       0x30 .\CortexM3\ARM_GCC_541\Debug\main.o
 .debug_ranges  0x00000030       0x40 .\CortexM3\ARM_GCC_541\Debug\movementDetector.o
 .debug_ranges  0x00000070       0x18 .\CortexM3\ARM_GCC_541\Debug\dma.o
 .debug_ranges  0x00000088       0x30 .\CortexM3\ARM_GCC_541\Debug\led.o
 .debug_ranges  0x000000b8       0x58 .\CortexM3\ARM_GCC_541\Debug\cyfitter_cfg.o
 .debug_ranges  0x00000110       0x38 .\CortexM3\ARM_GCC_541\Debug\Cm3Start.o
 .debug_ranges  0x00000148       0x28 .\CortexM3\ARM_GCC_541\Debug\SDHD_MovementDetection.a(LED_red.o)
 .debug_ranges  0x00000170       0x28 .\CortexM3\ARM_GCC_541\Debug\SDHD_MovementDetection.a(LED_yellow.o)
 .debug_ranges  0x00000198       0x28 .\CortexM3\ARM_GCC_541\Debug\SDHD_MovementDetection.a(LED_green.o)
 .debug_ranges  0x000001c0       0x70 .\CortexM3\ARM_GCC_541\Debug\SDHD_MovementDetection.a(IRQ_BUTTON.o)
 .debug_ranges  0x00000230       0x40 .\CortexM3\ARM_GCC_541\Debug\SDHD_MovementDetection.a(WaveDAC.o)
 .debug_ranges  0x00000270       0xe0 .\CortexM3\ARM_GCC_541\Debug\SDHD_MovementDetection.a(UART.o)
 .debug_ranges  0x00000350       0x10 .\CortexM3\ARM_GCC_541\Debug\SDHD_MovementDetection.a(UART_INT.o)
 .debug_ranges  0x00000360       0x70 .\CortexM3\ARM_GCC_541\Debug\SDHD_MovementDetection.a(IRQ_UART.o)
 .debug_ranges  0x000003d0       0xd8 .\CortexM3\ARM_GCC_541\Debug\SDHD_MovementDetection.a(ADC_DelSig.o)
 .debug_ranges  0x000004a8       0x28 .\CortexM3\ARM_GCC_541\Debug\SDHD_MovementDetection.a(ADC_DelSig_INT.o)
 .debug_ranges  0x000004d0       0x18 .\CortexM3\ARM_GCC_541\Debug\SDHD_MovementDetection.a(DMA_ForAdc_dma.o)
 .debug_ranges  0x000004e8       0x70 .\CortexM3\ARM_GCC_541\Debug\SDHD_MovementDetection.a(IRQ_DMA.o)
 .debug_ranges  0x00000558       0x60 .\CortexM3\ARM_GCC_541\Debug\SDHD_MovementDetection.a(WaveDAC_DacClk.o)
 .debug_ranges  0x000005b8       0x18 .\CortexM3\ARM_GCC_541\Debug\SDHD_MovementDetection.a(WaveDAC_Wave1_DMA_dma.o)
 .debug_ranges  0x000005d0       0x18 .\CortexM3\ARM_GCC_541\Debug\SDHD_MovementDetection.a(WaveDAC_Wave2_DMA_dma.o)
 .debug_ranges  0x000005e8       0x48 .\CortexM3\ARM_GCC_541\Debug\SDHD_MovementDetection.a(WaveDAC_VDAC8.o)
 .debug_ranges  0x00000630       0x60 .\CortexM3\ARM_GCC_541\Debug\SDHD_MovementDetection.a(UART_IntClock.o)
 .debug_ranges  0x00000690       0x20 .\CortexM3\ARM_GCC_541\Debug\SDHD_MovementDetection.a(ADC_DelSig_AMux.o)
 .debug_ranges  0x000006b0       0x60 .\CortexM3\ARM_GCC_541\Debug\SDHD_MovementDetection.a(ADC_DelSig_Ext_CP_Clk.o)
 .debug_ranges  0x00000710       0x70 .\CortexM3\ARM_GCC_541\Debug\SDHD_MovementDetection.a(ADC_DelSig_theACLK.o)
 .debug_ranges  0x00000780       0xc8 .\CortexM3\ARM_GCC_541\Debug\SDHD_MovementDetection.a(CyDmac.o)
 .debug_ranges  0x00000848      0x290 .\CortexM3\ARM_GCC_541\Debug\SDHD_MovementDetection.a(CyLib.o)
 .debug_ranges  0x00000ad8       0x88 .\CortexM3\ARM_GCC_541\Debug\SDHD_MovementDetection.a(cyPm.o)
 .debug_ranges  0x00000b60       0x30 .\CortexM3\ARM_GCC_541\Debug\SDHD_MovementDetection.a(WaveDAC_BuffAmp.o)
 .debug_ranges  0x00000b90       0x78 .\CortexM3\ARM_GCC_541\Debug\SDHD_MovementDetection.a(CyFlash.o)
 .debug_ranges  0x00000c08       0x70 .\CortexM3\ARM_GCC_541\Debug\SDHD_MovementDetection.a(CySpc.o)

.comment        0x00000000       0x6e
 .comment       0x00000000       0x6e .\CortexM3\ARM_GCC_541\Debug\main.o
                                 0x6f (size before relaxing)
 .comment       0x0000006e       0x6f .\CortexM3\ARM_GCC_541\Debug\movementDetector.o
 .comment       0x0000006e       0x6f .\CortexM3\ARM_GCC_541\Debug\dma.o
 .comment       0x0000006e       0x6f .\CortexM3\ARM_GCC_541\Debug\led.o
 .comment       0x0000006e       0x6f .\CortexM3\ARM_GCC_541\Debug\cyfitter_cfg.o
 .comment       0x0000006e       0x6f .\CortexM3\ARM_GCC_541\Debug\cymetadata.o
 .comment       0x0000006e       0x6f .\CortexM3\ARM_GCC_541\Debug\Cm3Start.o
 .comment       0x0000006e       0x6f .\CortexM3\ARM_GCC_541\Debug\SDHD_MovementDetection.a(LED_red.o)
 .comment       0x0000006e       0x6f .\CortexM3\ARM_GCC_541\Debug\SDHD_MovementDetection.a(LED_yellow.o)
 .comment       0x0000006e       0x6f .\CortexM3\ARM_GCC_541\Debug\SDHD_MovementDetection.a(LED_green.o)
 .comment       0x0000006e       0x6f .\CortexM3\ARM_GCC_541\Debug\SDHD_MovementDetection.a(IRQ_BUTTON.o)
 .comment       0x0000006e       0x6f .\CortexM3\ARM_GCC_541\Debug\SDHD_MovementDetection.a(WaveDAC.o)
 .comment       0x0000006e       0x6f .\CortexM3\ARM_GCC_541\Debug\SDHD_MovementDetection.a(UART.o)
 .comment       0x0000006e       0x6f .\CortexM3\ARM_GCC_541\Debug\SDHD_MovementDetection.a(UART_INT.o)
 .comment       0x0000006e       0x6f .\CortexM3\ARM_GCC_541\Debug\SDHD_MovementDetection.a(IRQ_UART.o)
 .comment       0x0000006e       0x6f .\CortexM3\ARM_GCC_541\Debug\SDHD_MovementDetection.a(ADC_DelSig.o)
 .comment       0x0000006e       0x6f .\CortexM3\ARM_GCC_541\Debug\SDHD_MovementDetection.a(ADC_DelSig_INT.o)
 .comment       0x0000006e       0x6f .\CortexM3\ARM_GCC_541\Debug\SDHD_MovementDetection.a(DMA_ForAdc_dma.o)
 .comment       0x0000006e       0x6f .\CortexM3\ARM_GCC_541\Debug\SDHD_MovementDetection.a(IRQ_DMA.o)
 .comment       0x0000006e       0x6f .\CortexM3\ARM_GCC_541\Debug\SDHD_MovementDetection.a(WaveDAC_DacClk.o)
 .comment       0x0000006e       0x6f .\CortexM3\ARM_GCC_541\Debug\SDHD_MovementDetection.a(WaveDAC_Wave1_DMA_dma.o)
 .comment       0x0000006e       0x6f .\CortexM3\ARM_GCC_541\Debug\SDHD_MovementDetection.a(WaveDAC_Wave2_DMA_dma.o)
 .comment       0x0000006e       0x6f .\CortexM3\ARM_GCC_541\Debug\SDHD_MovementDetection.a(WaveDAC_VDAC8.o)
 .comment       0x0000006e       0x6f .\CortexM3\ARM_GCC_541\Debug\SDHD_MovementDetection.a(UART_IntClock.o)
 .comment       0x0000006e       0x6f .\CortexM3\ARM_GCC_541\Debug\SDHD_MovementDetection.a(ADC_DelSig_AMux.o)
 .comment       0x0000006e       0x6f .\CortexM3\ARM_GCC_541\Debug\SDHD_MovementDetection.a(ADC_DelSig_Ext_CP_Clk.o)
 .comment       0x0000006e       0x6f .\CortexM3\ARM_GCC_541\Debug\SDHD_MovementDetection.a(ADC_DelSig_theACLK.o)
 .comment       0x0000006e       0x6f .\CortexM3\ARM_GCC_541\Debug\SDHD_MovementDetection.a(CyDmac.o)
 .comment       0x0000006e       0x6f .\CortexM3\ARM_GCC_541\Debug\SDHD_MovementDetection.a(CyLib.o)
 .comment       0x0000006e       0x6f .\CortexM3\ARM_GCC_541\Debug\SDHD_MovementDetection.a(cyPm.o)
 .comment       0x0000006e       0x6f .\CortexM3\ARM_GCC_541\Debug\SDHD_MovementDetection.a(WaveDAC_BuffAmp.o)
 .comment       0x0000006e       0x6f .\CortexM3\ARM_GCC_541\Debug\SDHD_MovementDetection.a(CyFlash.o)
 .comment       0x0000006e       0x6f .\CortexM3\ARM_GCC_541\Debug\SDHD_MovementDetection.a(CySpc.o)

.debug_weaknames
 *(.debug_weaknames)

.debug_funcnames
 *(.debug_funcnames)

.debug_typenames
 *(.debug_typenames)

.debug_varnames
 *(.debug_varnames)

.note.gnu.arm.ident
 *(.note.gnu.arm.ident)

.ARM.attributes
                0x00000000       0x29
 *(.ARM.attributes)
 .ARM.attributes
                0x00000000       0x1d c:/program files (x86)/cypress/psoc creator/4.3/psoc creator/import/gnu/arm/5.4.1/bin/../lib/gcc/arm-none-eabi/5.4.1/armv7-m/crti.o
 .ARM.attributes
                0x0000001d       0x2d c:/program files (x86)/cypress/psoc creator/4.3/psoc creator/import/gnu/arm/5.4.1/bin/../lib/gcc/arm-none-eabi/5.4.1/armv7-m/crtbegin.o
 .ARM.attributes
                0x0000004a       0x1b c:/program files (x86)/cypress/psoc creator/4.3/psoc creator/import/gnu/arm/5.4.1/bin/../lib/gcc/arm-none-eabi/5.4.1/../../../../arm-none-eabi/lib/armv7-m/crt0.o
 .ARM.attributes
                0x00000065       0x33 .\CortexM3\ARM_GCC_541\Debug\main.o
 .ARM.attributes
                0x00000098       0x33 .\CortexM3\ARM_GCC_541\Debug\movementDetector.o
 .ARM.attributes
                0x000000cb       0x33 .\CortexM3\ARM_GCC_541\Debug\dma.o
 .ARM.attributes
                0x000000fe       0x33 .\CortexM3\ARM_GCC_541\Debug\led.o
 .ARM.attributes
                0x00000131       0x33 .\CortexM3\ARM_GCC_541\Debug\cyfitter_cfg.o
 .ARM.attributes
                0x00000164       0x33 .\CortexM3\ARM_GCC_541\Debug\cymetadata.o
 .ARM.attributes
                0x00000197       0x33 .\CortexM3\ARM_GCC_541\Debug\Cm3Start.o
 .ARM.attributes
                0x000001ca       0x33 .\CortexM3\ARM_GCC_541\Debug\SDHD_MovementDetection.a(LED_red.o)
 .ARM.attributes
                0x000001fd       0x33 .\CortexM3\ARM_GCC_541\Debug\SDHD_MovementDetection.a(LED_yellow.o)
 .ARM.attributes
                0x00000230       0x33 .\CortexM3\ARM_GCC_541\Debug\SDHD_MovementDetection.a(LED_green.o)
 .ARM.attributes
                0x00000263       0x33 .\CortexM3\ARM_GCC_541\Debug\SDHD_MovementDetection.a(IRQ_BUTTON.o)
 .ARM.attributes
                0x00000296       0x33 .\CortexM3\ARM_GCC_541\Debug\SDHD_MovementDetection.a(WaveDAC.o)
 .ARM.attributes
                0x000002c9       0x33 .\CortexM3\ARM_GCC_541\Debug\SDHD_MovementDetection.a(UART.o)
 .ARM.attributes
                0x000002fc       0x33 .\CortexM3\ARM_GCC_541\Debug\SDHD_MovementDetection.a(UART_INT.o)
 .ARM.attributes
                0x0000032f       0x33 .\CortexM3\ARM_GCC_541\Debug\SDHD_MovementDetection.a(IRQ_UART.o)
 .ARM.attributes
                0x00000362       0x33 .\CortexM3\ARM_GCC_541\Debug\SDHD_MovementDetection.a(ADC_DelSig.o)
 .ARM.attributes
                0x00000395       0x33 .\CortexM3\ARM_GCC_541\Debug\SDHD_MovementDetection.a(ADC_DelSig_INT.o)
 .ARM.attributes
                0x000003c8       0x33 .\CortexM3\ARM_GCC_541\Debug\SDHD_MovementDetection.a(DMA_ForAdc_dma.o)
 .ARM.attributes
                0x000003fb       0x33 .\CortexM3\ARM_GCC_541\Debug\SDHD_MovementDetection.a(IRQ_DMA.o)
 .ARM.attributes
                0x0000042e       0x33 .\CortexM3\ARM_GCC_541\Debug\SDHD_MovementDetection.a(WaveDAC_DacClk.o)
 .ARM.attributes
                0x00000461       0x33 .\CortexM3\ARM_GCC_541\Debug\SDHD_MovementDetection.a(WaveDAC_Wave1_DMA_dma.o)
 .ARM.attributes
                0x00000494       0x33 .\CortexM3\ARM_GCC_541\Debug\SDHD_MovementDetection.a(WaveDAC_Wave2_DMA_dma.o)
 .ARM.attributes
                0x000004c7       0x33 .\CortexM3\ARM_GCC_541\Debug\SDHD_MovementDetection.a(WaveDAC_VDAC8.o)
 .ARM.attributes
                0x000004fa       0x33 .\CortexM3\ARM_GCC_541\Debug\SDHD_MovementDetection.a(UART_IntClock.o)
 .ARM.attributes
                0x0000052d       0x33 .\CortexM3\ARM_GCC_541\Debug\SDHD_MovementDetection.a(ADC_DelSig_AMux.o)
 .ARM.attributes
                0x00000560       0x33 .\CortexM3\ARM_GCC_541\Debug\SDHD_MovementDetection.a(ADC_DelSig_Ext_CP_Clk.o)
 .ARM.attributes
                0x00000593       0x33 .\CortexM3\ARM_GCC_541\Debug\SDHD_MovementDetection.a(ADC_DelSig_theACLK.o)
 .ARM.attributes
                0x000005c6       0x33 .\CortexM3\ARM_GCC_541\Debug\SDHD_MovementDetection.a(CyDmac.o)
 .ARM.attributes
                0x000005f9       0x33 .\CortexM3\ARM_GCC_541\Debug\SDHD_MovementDetection.a(CyLib.o)
 .ARM.attributes
                0x0000062c       0x33 .\CortexM3\ARM_GCC_541\Debug\SDHD_MovementDetection.a(cyPm.o)
 .ARM.attributes
                0x0000065f       0x33 .\CortexM3\ARM_GCC_541\Debug\SDHD_MovementDetection.a(WaveDAC_BuffAmp.o)
 .ARM.attributes
                0x00000692       0x21 .\CortexM3\ARM_GCC_541\Debug\SDHD_MovementDetection.a(CyBootAsmGnu.o)
 .ARM.attributes
                0x000006b3       0x33 .\CortexM3\ARM_GCC_541\Debug\SDHD_MovementDetection.a(CyFlash.o)
 .ARM.attributes
                0x000006e6       0x33 .\CortexM3\ARM_GCC_541\Debug\SDHD_MovementDetection.a(CySpc.o)
 .ARM.attributes
                0x00000719       0x1d c:/program files (x86)/cypress/psoc creator/4.3/psoc creator/import/gnu/arm/5.4.1/bin/../lib/gcc/arm-none-eabi/5.4.1/armv7-m\libgcc.a(_arm_addsubdf3.o)
 .ARM.attributes
                0x00000736       0x1d c:/program files (x86)/cypress/psoc creator/4.3/psoc creator/import/gnu/arm/5.4.1/bin/../lib/gcc/arm-none-eabi/5.4.1/armv7-m\libgcc.a(_arm_cmpdf2.o)
 .ARM.attributes
                0x00000753       0x1d c:/program files (x86)/cypress/psoc creator/4.3/psoc creator/import/gnu/arm/5.4.1/bin/../lib/gcc/arm-none-eabi/5.4.1/armv7-m\libgcc.a(_arm_addsubsf3.o)
 .ARM.attributes
                0x00000770       0x1d c:/program files (x86)/cypress/psoc creator/4.3/psoc creator/import/gnu/arm/5.4.1/bin/../lib/gcc/arm-none-eabi/5.4.1/armv7-m\libgcc.a(_arm_muldivsf3.o)
 .ARM.attributes
                0x0000078d       0x1d c:/program files (x86)/cypress/psoc creator/4.3/psoc creator/import/gnu/arm/5.4.1/bin/../lib/gcc/arm-none-eabi/5.4.1/armv7-m\libgcc.a(_arm_fixunssfsi.o)
 .ARM.attributes
                0x000007aa       0x2d c:/program files (x86)/cypress/psoc creator/4.3/psoc creator/import/gnu/arm/5.4.1/bin/../lib/gcc/arm-none-eabi/5.4.1/../../../../arm-none-eabi/lib/armv7-m\libg_nano.a(lib_a-errno.o)
 .ARM.attributes
                0x000007d7       0x2d c:/program files (x86)/cypress/psoc creator/4.3/psoc creator/import/gnu/arm/5.4.1/bin/../lib/gcc/arm-none-eabi/5.4.1/../../../../arm-none-eabi/lib/armv7-m\libg_nano.a(lib_a-exit.o)
 .ARM.attributes
                0x00000804       0x2d c:/program files (x86)/cypress/psoc creator/4.3/psoc creator/import/gnu/arm/5.4.1/bin/../lib/gcc/arm-none-eabi/5.4.1/../../../../arm-none-eabi/lib/armv7-m\libg_nano.a(lib_a-impure.o)
 .ARM.attributes
                0x00000831       0x2d c:/program files (x86)/cypress/psoc creator/4.3/psoc creator/import/gnu/arm/5.4.1/bin/../lib/gcc/arm-none-eabi/5.4.1/../../../../arm-none-eabi/lib/armv7-m\libg_nano.a(lib_a-init.o)
 .ARM.attributes
                0x0000085e       0x2d c:/program files (x86)/cypress/psoc creator/4.3/psoc creator/import/gnu/arm/5.4.1/bin/../lib/gcc/arm-none-eabi/5.4.1/../../../../arm-none-eabi/lib/armv7-m\libg_nano.a(lib_a-memcpy-stub.o)
 .ARM.attributes
                0x0000088b       0x2d c:/program files (x86)/cypress/psoc creator/4.3/psoc creator/import/gnu/arm/5.4.1/bin/../lib/gcc/arm-none-eabi/5.4.1/../../../../arm-none-eabi/lib/armv7-m\libg_nano.a(lib_a-memset.o)
 .ARM.attributes
                0x000008b8       0x2d c:/program files (x86)/cypress/psoc creator/4.3/psoc creator/import/gnu/arm/5.4.1/bin/../lib/gcc/arm-none-eabi/5.4.1/armv7-m/crtend.o
 .ARM.attributes
                0x000008e5       0x1d c:/program files (x86)/cypress/psoc creator/4.3/psoc creator/import/gnu/arm/5.4.1/bin/../lib/gcc/arm-none-eabi/5.4.1/armv7-m/crtn.o

/DISCARD/
 *(.note.GNU-stack)
OUTPUT(C:\aadarshxp\_MastersEmbeddedSystem\Semester-2\SystemLevelHardwareDesign\movement_detection_using_radar\40_Implementation\work\20_SW\Workspace_SDHD_FreeSoc2\SDHD_MovementDetection.cydsn\CortexM3\ARM_GCC_541\Debug\SDHD_MovementDetection.elf elf32-littlearm)
