Archive member included to satisfy reference by file (symbol)

.\CortexM3\ARM_GCC_541\Debug\SDHD_MovementDetection.a(LED_red.o)
                              .\CortexM3\ARM_GCC_541\Debug\led.o (LED_red_Write)
.\CortexM3\ARM_GCC_541\Debug\SDHD_MovementDetection.a(LED_yellow.o)
                              .\CortexM3\ARM_GCC_541\Debug\led.o (LED_yellow_Write)
.\CortexM3\ARM_GCC_541\Debug\SDHD_MovementDetection.a(LED_green.o)
                              .\CortexM3\ARM_GCC_541\Debug\led.o (LED_green_Write)
.\CortexM3\ARM_GCC_541\Debug\SDHD_MovementDetection.a(IRQ_BUTTON.o)
                              .\CortexM3\ARM_GCC_541\Debug\main.o (IRQ_BUTTON_StartEx)
.\CortexM3\ARM_GCC_541\Debug\SDHD_MovementDetection.a(WaveDAC.o)
                              .\CortexM3\ARM_GCC_541\Debug\main.o (WaveDAC_Start)
.\CortexM3\ARM_GCC_541\Debug\SDHD_MovementDetection.a(UART.o)
                              .\CortexM3\ARM_GCC_541\Debug\main.o (UART_Start)
.\CortexM3\ARM_GCC_541\Debug\SDHD_MovementDetection.a(UART_INT.o)
                              .\CortexM3\ARM_GCC_541\Debug\SDHD_MovementDetection.a(UART.o) (UART_TXISR)
.\CortexM3\ARM_GCC_541\Debug\SDHD_MovementDetection.a(IRQ_UART.o)
                              .\CortexM3\ARM_GCC_541\Debug\main.o (IRQ_UART_StartEx)
.\CortexM3\ARM_GCC_541\Debug\SDHD_MovementDetection.a(ADC_DelSig.o)
                              .\CortexM3\ARM_GCC_541\Debug\main.o (ADC_DelSig_Start)
.\CortexM3\ARM_GCC_541\Debug\SDHD_MovementDetection.a(ADC_DelSig_INT.o)
                              .\CortexM3\ARM_GCC_541\Debug\SDHD_MovementDetection.a(ADC_DelSig.o) (ADC_DelSig_ISR1)
.\CortexM3\ARM_GCC_541\Debug\SDHD_MovementDetection.a(DMA_ForAdc_dma.o)
                              .\CortexM3\ARM_GCC_541\Debug\dma.o (DMA_ForAdc_DmaInitialize)
.\CortexM3\ARM_GCC_541\Debug\SDHD_MovementDetection.a(IRQ_DMA.o)
                              .\CortexM3\ARM_GCC_541\Debug\main.o (IRQ_DMA_StartEx)
.\CortexM3\ARM_GCC_541\Debug\SDHD_MovementDetection.a(WaveDAC_Wave1_DMA_dma.o)
                              .\CortexM3\ARM_GCC_541\Debug\SDHD_MovementDetection.a(WaveDAC.o) (WaveDAC_Wave1_DMA_DmaInitialize)
.\CortexM3\ARM_GCC_541\Debug\SDHD_MovementDetection.a(WaveDAC_Wave2_DMA_dma.o)
                              .\CortexM3\ARM_GCC_541\Debug\SDHD_MovementDetection.a(WaveDAC.o) (WaveDAC_Wave2_DMA_DmaInitialize)
.\CortexM3\ARM_GCC_541\Debug\SDHD_MovementDetection.a(WaveDAC_VDAC8.o)
                              .\CortexM3\ARM_GCC_541\Debug\SDHD_MovementDetection.a(WaveDAC.o) (WaveDAC_VDAC8_Enable)
.\CortexM3\ARM_GCC_541\Debug\SDHD_MovementDetection.a(UART_IntClock.o)
                              .\CortexM3\ARM_GCC_541\Debug\SDHD_MovementDetection.a(UART.o) (UART_IntClock_Start)
.\CortexM3\ARM_GCC_541\Debug\SDHD_MovementDetection.a(ADC_DelSig_AMux.o)
                              .\CortexM3\ARM_GCC_541\Debug\SDHD_MovementDetection.a(ADC_DelSig.o) (ADC_DelSig_AMux_Select)
.\CortexM3\ARM_GCC_541\Debug\SDHD_MovementDetection.a(ADC_DelSig_Ext_CP_Clk.o)
                              .\CortexM3\ARM_GCC_541\Debug\SDHD_MovementDetection.a(ADC_DelSig.o) (ADC_DelSig_Ext_CP_Clk_SetModeRegister)
.\CortexM3\ARM_GCC_541\Debug\SDHD_MovementDetection.a(ADC_DelSig_theACLK.o)
                              .\CortexM3\ARM_GCC_541\Debug\SDHD_MovementDetection.a(ADC_DelSig.o) (ADC_DelSig_theACLK_SetModeRegister)
.\CortexM3\ARM_GCC_541\Debug\SDHD_MovementDetection.a(CyDmac.o)
                              .\CortexM3\ARM_GCC_541\Debug\Cm3Start.o (CyDmacConfigure)
.\CortexM3\ARM_GCC_541\Debug\SDHD_MovementDetection.a(CyLib.o)
                              .\CortexM3\ARM_GCC_541\Debug\Cm3Start.o (CyHalt)
.\CortexM3\ARM_GCC_541\Debug\SDHD_MovementDetection.a(cyPm.o)
                              .\CortexM3\ARM_GCC_541\Debug\SDHD_MovementDetection.a(CyLib.o) (CyPmReadStatus)
.\CortexM3\ARM_GCC_541\Debug\SDHD_MovementDetection.a(WaveDAC_BuffAmp.o)
                              .\CortexM3\ARM_GCC_541\Debug\SDHD_MovementDetection.a(WaveDAC.o) (WaveDAC_BuffAmp_Enable)
.\CortexM3\ARM_GCC_541\Debug\SDHD_MovementDetection.a(MuxControlRegister.o)
                              .\CortexM3\ARM_GCC_541\Debug\movementDetector.o (MuxControlRegister_Write)
.\CortexM3\ARM_GCC_541\Debug\SDHD_MovementDetection.a(CyBootAsmGnu.o)
                              .\CortexM3\ARM_GCC_541\Debug\cyfitter_cfg.o (CyDelayCycles)
.\CortexM3\ARM_GCC_541\Debug\SDHD_MovementDetection.a(CyFlash.o)
                              .\CortexM3\ARM_GCC_541\Debug\SDHD_MovementDetection.a(cyPm.o) (CyFlash_SetWaitCycles)
.\CortexM3\ARM_GCC_541\Debug\SDHD_MovementDetection.a(CySpc.o)
                              .\CortexM3\ARM_GCC_541\Debug\SDHD_MovementDetection.a(CyFlash.o) (CySpcStart)
c:/program files (x86)/cypress/psoc creator/4.3/psoc creator/import/gnu/arm/5.4.1/bin/../lib/gcc/arm-none-eabi/5.4.1/armv7-m\libgcc.a(_arm_addsubdf3.o)
                              .\CortexM3\ARM_GCC_541\Debug\SDHD_MovementDetection.a(ADC_DelSig.o) (__aeabi_f2d)
[...]
Memory Configuration

Name             Origin             Length             Attributes
rom              0x00000000         0x00040000         xr
ram              0x1fff8000         0x00010000         xrw
*default*        0x00000000         0xffffffff

Linker script and memory map

LOAD c:/program files (x86)/cypress/psoc creator/4.3/psoc creator/import/gnu/arm/5.4.1/bin/../lib/gcc/arm-none-eabi/5.4.1/armv7-m/crti.o
LOAD c:/program files (x86)/cypress/psoc creator/4.3/psoc creator/import/gnu/arm/5.4.1/bin/../lib/gcc/arm-none-eabi/5.4.1/armv7-m/crtbegin.o
LOAD c:/program files (x86)/cypress/psoc creator/4.3/psoc creator/import/gnu/arm/5.4.1/bin/../lib/gcc/arm-none-eabi/5.4.1/../../../../arm-none-eabi/lib/armv7-m/crt0.o
START GROUP
LOAD .\CortexM3\ARM_GCC_541\Debug\main.o
LOAD .\CortexM3\ARM_GCC_541\Debug\movementDetector.o
LOAD .\CortexM3\ARM_GCC_541\Debug\dma.o
LOAD .\CortexM3\ARM_GCC_541\Debug\led.o
LOAD .\CortexM3\ARM_GCC_541\Debug\cyfitter_cfg.o
LOAD .\CortexM3\ARM_GCC_541\Debug\cymetadata.o
LOAD .\CortexM3\ARM_GCC_541\Debug\Cm3Start.o
LOAD .\CortexM3\ARM_GCC_541\Debug\SDHD_MovementDetection.a
LOAD C:\Program Files (x86)\Cypress\PSoC Creator\4.3\PSoC Creator\psoc\content\cycomponentlibrary\CyComponentLibrary.cylib\CortexM3\ARM_GCC_541\Debug\CyComponentLibrary.a
END GROUP
START GROUP
LOAD c:/program files (x86)/cypress/psoc creator/4.3/psoc creator/import/gnu/arm/5.4.1/bin/../lib/gcc/arm-none-eabi/5.4.1/armv7-m\libgcc.a
LOAD c:/program files (x86)/cypress/psoc creator/4.3/psoc creator/import/gnu/arm/5.4.1/bin/../lib/gcc/arm-none-eabi/5.4.1/../../../../arm-none-eabi/lib/armv7-m\libg_nano.a
LOAD c:/program files (x86)/cypress/psoc creator/4.3/psoc creator/import/gnu/arm/5.4.1/bin/../lib/gcc/arm-none-eabi/5.4.1/../../../../arm-none-eabi/lib/armv7-m\libc_nano.a
END GROUP
START GROUP
LOAD c:/program files (x86)/cypress/psoc creator/4.3/psoc creator/import/gnu/arm/5.4.1/bin/../lib/gcc/arm-none-eabi/5.4.1/armv7-m\libgcc.a
LOAD c:/program files (x86)/cypress/psoc creator/4.3/psoc creator/import/gnu/arm/5.4.1/bin/../lib/gcc/arm-none-eabi/5.4.1/../../../../arm-none-eabi/lib/armv7-m\libc_nano.a
END GROUP
LOAD c:/program files (x86)/cypress/psoc creator/4.3/psoc creator/import/gnu/arm/5.4.1/bin/../lib/gcc/arm-none-eabi/5.4.1/armv7-m/crtend.o
LOAD c:/program files (x86)/cypress/psoc creator/4.3/psoc creator/import/gnu/arm/5.4.1/bin/../lib/gcc/arm-none-eabi/5.4.1/armv7-m/crtn.o
START GROUP
LOAD c:/program files (x86)/cypress/psoc creator/4.3/psoc creator/import/gnu/arm/5.4.1/bin/../lib/gcc/arm-none-eabi/5.4.1/armv7-m\libgcc.a
LOAD c:/program files (x86)/cypress/psoc creator/4.3/psoc creator/import/gnu/arm/5.4.1/bin/../lib/gcc/arm-none-eabi/5.4.1/../../../../arm-none-eabi/lib/armv7-m\libc.a
LOAD c:/program files (x86)/cypress/psoc creator/4.3/psoc creator/import/gnu/arm/5.4.1/bin/../lib/gcc/arm-none-eabi/5.4.1/../../../../arm-none-eabi/lib/armv7-m\libnosys.a
END GROUP
                0x00000000                CY_APPL_ORIGIN = 0x0
                0x00000100                CY_FLASH_ROW_SIZE = 0x100
                0x00000020                CY_ECC_ROW_SIZE = 0x20
                0x00000000                CY_EE_IN_BTLDR = 0x0
                0x00000000                CY_APPL_LOADABLE = 0x0
                0x00000800                CY_EE_SIZE = 0x800
                0x00000001                CY_APPL_NUM = 0x1
                0x00000001                CY_APPL_MAX = 0x1
                0x00000040                CY_METADATA_SIZE = 0x40
                0x00000000                CY_APPL_LOADABLE = 0x0
                0x00000000                CY_CHECKSUM_EXCLUDE_SIZE = ALIGN (0x0, CY_FLASH_ROW_SIZE)
                [!provide]                PROVIDE (__cy_heap_start, _end)
                0x00000001                PROVIDE (__cy_region_num, ((__cy_regions_end - __cy_regions) / 0x10))
                0x20008000                PROVIDE (__cy_stack, (ORIGIN (ram) + LENGTH (ram)))
                [!provide]                PROVIDE (__cy_heap_end, (__cy_stack - 0x800))

.cybootloader   0x00000000        0x0
 *(.cybootloader)
                0x00000000                appl1_start = CY_APPL_ORIGIN?CY_APPL_ORIGIN:ALIGN (CY_FLASH_ROW_SIZE)
                0x0001ff00                appl2_start = (appl1_start + ALIGN ((((LENGTH (rom) - appl1_start) - (0x2 * CY_FLASH_ROW_SIZE)) / 0x2), CY_FLASH_ROW_SIZE))
                0x00000000                appl_start = (CY_APPL_NUM == 0x1)?appl1_start:appl2_start
                0x00000000                ecc_offset = ((appl_start / CY_FLASH_ROW_SIZE) * CY_ECC_ROW_SIZE)
                0x00000000                ee_offset = (CY_APPL_LOADABLE && ! (CY_EE_IN_BTLDR))?((CY_EE_SIZE / CY_APPL_MAX) * (CY_APPL_NUM - 0x1)):0x0
                0x00000800                ee_size = (CY_APPL_LOADABLE && ! (CY_EE_IN_BTLDR))?(CY_EE_SIZE / CY_APPL_MAX):CY_EE_SIZE
                [!provide]                PROVIDE (CY_ECC_OFFSET, ecc_offset)

.text           0x00000000     0x1696
 CREATE_OBJECT_SYMBOLS
                0x00000000                PROVIDE (__cy_interrupt_vector, RomVectors)
 *(.romvectors)
 .romvectors    0x00000000       0x10 .\CortexM3\ARM_GCC_541\Debug\Cm3Start.o
                0x00000000                RomVectors
                0x00000001                ASSERT ((. != __cy_interrupt_vector), No interrupt vector)
                0x00000001                ASSERT (CY_APPL_ORIGIN?(SIZEOF (.cybootloader) <= CY_APPL_ORIGIN):0x1, Wrong image location)
                0x00000010                PROVIDE (__cy_reset, Reset)
 *(.text.Reset)
 .text.Reset    0x00000010       0x18 .\CortexM3\ARM_GCC_541\Debug\Cm3Start.o
                0x00000010                Reset
                0x00000001                ASSERT ((. != __cy_reset), No reset code)
 *(.dma_init)
                0x00000001                ASSERT ((((appl_start + .) <= 0x10000) || 0x1), DMA Init must be within the first 64k of flash)
 *(.text .text.* .gnu.linkonce.t.*)
 .text          0x00000028       0x5c c:/program files (x86)/cypress/psoc creator/4.3/psoc creator/import/gnu/arm/5.4.1/bin/../lib/gcc/arm-none-eabi/5.4.1/armv7-m/crtbegin.o
 .text.isr_Button_handler
                0x00000084       0x10 .\CortexM3\ARM_GCC_541\Debug\main.o
                0x00000084                isr_Button_handler
 .text.isr_Uart_handler_onRX
                0x00000094       0x10 .\CortexM3\ARM_GCC_541\Debug\main.o
                0x00000094                isr_Uart_handler_onRX
 .text.isr_DMA_handler_onEOC
                0x000000a4       0x10 .\CortexM3\ARM_GCC_541\Debug\main.o
                0x000000a4                isr_DMA_handler_onEOC
 .text.peripheral_init
                0x000000b4       0x20 .\CortexM3\ARM_GCC_541\Debug\main.o
                0x000000b4                peripheral_init
 .text.main     0x000000d4       0x3c .\CortexM3\ARM_GCC_541\Debug\main.o
                0x000000d4                main
 .text.setEvent
                0x00000110       0x38 .\CortexM3\ARM_GCC_541\Debug\movementDetector.o
                0x00000110                setEvent
 .text.clearEvent
                0x00000148       0x44 .\CortexM3\ARM_GCC_541\Debug\movementDetector.o
                0x00000148                clearEvent
 .text.getEvent
                0x0000018c       0x38 .\CortexM3\ARM_GCC_541\Debug\movementDetector.o
                0x0000018c                getEvent
 .text.ledIndictor_systemIsIdle
                0x000001c4       0x1c .\CortexM3\ARM_GCC_541\Debug\movementDetector.o
                0x000001c4                ledIndictor_systemIsIdle
 .text.ledIndicator_ReadyForMeasurement
                0x000001e0       0x1c .\CortexM3\ARM_GCC_541\Debug\movementDetector.o
                0x000001e0                ledIndicator_ReadyForMeasurement
 .text.ledIndicator_readyToSend
                0x000001fc       0x1c .\CortexM3\ARM_GCC_541\Debug\movementDetector.o
                0x000001fc                ledIndicator_readyToSend
 .text.movementDetector_StateMachine
                0x00000218       0xd4 .\CortexM3\ARM_GCC_541\Debug\movementDetector.o
                0x00000218                movementDetector_StateMachine
 .text.DMA_Initialize
                0x000002ec       0x48 .\CortexM3\ARM_GCC_541\Debug\dma.o
                0x000002ec                DMA_Initialize
 .text.DMA_Enable
                0x00000334       0x14 .\CortexM3\ARM_GCC_541\Debug\dma.o
                0x00000334                DMA_Enable
 .text.LED_Set  0x00000348       0x4c .\CortexM3\ARM_GCC_541\Debug\led.o
                0x00000348                LED_Set
 .text.CyClockStartupError
                0x00000394        0x4 .\CortexM3\ARM_GCC_541\Debug\cyfitter_cfg.o
 .text.cfg_write_bytes32
                0x00000398       0x34 .\CortexM3\ARM_GCC_541\Debug\cyfitter_cfg.o
 .text.AnalogSetDefault
                0x000003cc       0x54 .\CortexM3\ARM_GCC_541\Debug\cyfitter_cfg.o
 .text.CYMEMZERO
                0x00000420        0xc .\CortexM3\ARM_GCC_541\Debug\cyfitter_cfg.o
 .text.CYCONFIGCPY
                0x0000042c        0x8 .\CortexM3\ARM_GCC_541\Debug\cyfitter_cfg.o
 .text.ClockSetup
                0x00000434      0x134 .\CortexM3\ARM_GCC_541\Debug\cyfitter_cfg.o
 .text.ADC_DelSig_AMux_Set
                0x00000568       0x1c .\CortexM3\ARM_GCC_541\Debug\cyfitter_cfg.o
                0x00000568                ADC_DelSig_AMux_Set
 .text.ADC_DelSig_AMux_Unset
                0x00000584       0x1c .\CortexM3\ARM_GCC_541\Debug\cyfitter_cfg.o
                0x00000584                ADC_DelSig_AMux_Unset
 .text.cyfitter_cfg
                0x000005a0      0x120 .\CortexM3\ARM_GCC_541\Debug\cyfitter_cfg.o
                0x000005a0                cyfitter_cfg
 .text.IntDefaultHandler
                0x000006c0       0x10 .\CortexM3\ARM_GCC_541\Debug\Cm3Start.o
                0x000006c0                IntDefaultHandler
 .text.Start_c  0x000006d0       0x4c .\CortexM3\ARM_GCC_541\Debug\Cm3Start.o
                0x000006d0                Start_c
 .text.initialize_psoc
                0x0000071c       0x6c .\CortexM3\ARM_GCC_541\Debug\Cm3Start.o
                0x0000071c                initialize_psoc
 .text.LED_red_Write
                0x00000788       0x18 .\CortexM3\ARM_GCC_541\Debug\SDHD_MovementDetection.a(LED_red.o)
                0x00000788                LED_red_Write
 .text.LED_yellow_Write
                0x000007a0       0x18 .\CortexM3\ARM_GCC_541\Debug\SDHD_MovementDetection.a(LED_yellow.o)
                0x000007a0                LED_yellow_Write
 .text.LED_green_Write
                0x000007b8       0x18 .\CortexM3\ARM_GCC_541\Debug\SDHD_MovementDetection.a(LED_green.o)
                0x000007b8                LED_green_Write
 .text.IRQ_BUTTON_SetVector
                0x000007d0        0xc .\CortexM3\ARM_GCC_541\Debug\SDHD_MovementDetection.a(IRQ_BUTTON.o)
                0x000007d0                IRQ_BUTTON_SetVector
 .text.IRQ_BUTTON_SetPriority
                0x000007dc       0x10 .\CortexM3\ARM_GCC_541\Debug\SDHD_MovementDetection.a(IRQ_BUTTON.o)
                0x000007dc                IRQ_BUTTON_SetPriority
 .text.IRQ_BUTTON_Enable
                0x000007ec        0xc .\CortexM3\ARM_GCC_541\Debug\SDHD_MovementDetection.a(IRQ_BUTTON.o)
                0x000007ec                IRQ_BUTTON_Enable
 .text.IRQ_BUTTON_Disable
                0x000007f8        0xc .\CortexM3\ARM_GCC_541\Debug\SDHD_MovementDetection.a(IRQ_BUTTON.o)
                0x000007f8                IRQ_BUTTON_Disable
 .text.IRQ_BUTTON_StartEx
                0x00000804       0x1c .\CortexM3\ARM_GCC_541\Debug\SDHD_MovementDetection.a(IRQ_BUTTON.o)
                0x00000804                IRQ_BUTTON_StartEx
 .text.IRQ_BUTTON_ClearPending
                0x00000820        0xc .\CortexM3\ARM_GCC_541\Debug\SDHD_MovementDetection.a(IRQ_BUTTON.o)
                0x00000820                IRQ_BUTTON_ClearPending
 .text.WaveDAC_Enable
                0x0000082c       0x28 .\CortexM3\ARM_GCC_541\Debug\SDHD_MovementDetection.a(WaveDAC.o)
                0x0000082c                WaveDAC_Enable
 .text.WaveDAC_Wave1Setup
                0x00000854       0x40 .\CortexM3\ARM_GCC_541\Debug\SDHD_MovementDetection.a(WaveDAC.o)
                0x00000854                WaveDAC_Wave1Setup
 .text.WaveDAC_Wave2Setup
                0x00000894       0x40 .\CortexM3\ARM_GCC_541\Debug\SDHD_MovementDetection.a(WaveDAC.o)
                0x00000894                WaveDAC_Wave2Setup
 .text.WaveDAC_Init
                0x000008d4       0x44 .\CortexM3\ARM_GCC_541\Debug\SDHD_MovementDetection.a(WaveDAC.o)
                0x000008d4                WaveDAC_Init
 .text.WaveDAC_Start
                0x00000918       0x1c .\CortexM3\ARM_GCC_541\Debug\SDHD_MovementDetection.a(WaveDAC.o)
                0x00000918                WaveDAC_Start
 .text.UART_Init
                0x00000934       0x40 .\CortexM3\ARM_GCC_541\Debug\SDHD_MovementDetection.a(UART.o)
                0x00000934                UART_Init
 .text.UART_Enable
                0x00000974       0x48 .\CortexM3\ARM_GCC_541\Debug\SDHD_MovementDetection.a(UART.o)
                0x00000974                UART_Enable
 .text.UART_Start
                0x000009bc       0x1c .\CortexM3\ARM_GCC_541\Debug\SDHD_MovementDetection.a(UART.o)
                0x000009bc                UART_Start
 .text.UART_GetChar
                0x000009d8       0x2c .\CortexM3\ARM_GCC_541\Debug\SDHD_MovementDetection.a(UART.o)
                0x000009d8                UART_GetChar
 .text.UART_PutChar
                0x00000a04       0x7c .\CortexM3\ARM_GCC_541\Debug\SDHD_MovementDetection.a(UART.o)
                0x00000a04                UART_PutChar
 .text.UART_PutString
                0x00000a80       0x24 .\CortexM3\ARM_GCC_541\Debug\SDHD_MovementDetection.a(UART.o)
                0x00000a80                UART_PutString
 .text.UART_PutArray
                0x00000aa4       0x28 .\CortexM3\ARM_GCC_541\Debug\SDHD_MovementDetection.a(UART.o)
                0x00000aa4                UART_PutArray
 .text.UART_TXISR
                0x00000acc       0x5c .\CortexM3\ARM_GCC_541\Debug\SDHD_MovementDetection.a(UART_INT.o)
                0x00000acc                UART_TXISR
 .text.IRQ_UART_SetVector
                0x00000b28        0xc .\CortexM3\ARM_GCC_541\Debug\SDHD_MovementDetection.a(IRQ_UART.o)
                0x00000b28                IRQ_UART_SetVector
 .text.IRQ_UART_SetPriority
                0x00000b34       0x10 .\CortexM3\ARM_GCC_541\Debug\SDHD_MovementDetection.a(IRQ_UART.o)
                0x00000b34                IRQ_UART_SetPriority
 .text.IRQ_UART_Enable
                0x00000b44        0xc .\CortexM3\ARM_GCC_541\Debug\SDHD_MovementDetection.a(IRQ_UART.o)
                0x00000b44                IRQ_UART_Enable
 .text.IRQ_UART_Disable
                0x00000b50        0xc .\CortexM3\ARM_GCC_541\Debug\SDHD_MovementDetection.a(IRQ_UART.o)
                0x00000b50                IRQ_UART_Disable
 .text.IRQ_UART_StartEx
                0x00000b5c       0x1c .\CortexM3\ARM_GCC_541\Debug\SDHD_MovementDetection.a(IRQ_UART.o)
                0x00000b5c                IRQ_UART_StartEx
 .text.IRQ_UART_ClearPending
                0x00000b78        0xc .\CortexM3\ARM_GCC_541\Debug\SDHD_MovementDetection.a(IRQ_UART.o)
                0x00000b78                IRQ_UART_ClearPending
 .text.ADC_DelSig_GainCompensation
                0x00000b84       0xdc .\CortexM3\ARM_GCC_541\Debug\SDHD_MovementDetection.a(ADC_DelSig.o)
 .text.ADC_DelSig_SetDSMRef0Reg
                0x00000c60       0x4c .\CortexM3\ARM_GCC_541\Debug\SDHD_MovementDetection.a(ADC_DelSig.o)
 .text.ADC_DelSig_InitConfig
                0x00000cac       0xe8 .\CortexM3\ARM_GCC_541\Debug\SDHD_MovementDetection.a(ADC_DelSig.o)
 .text.ADC_DelSig_Init
                0x00000d94       0xc4 .\CortexM3\ARM_GCC_541\Debug\SDHD_MovementDetection.a(ADC_DelSig.o)
                0x00000d94                ADC_DelSig_Init
 .text.ADC_DelSig_Enable
                0x00000e58       0xd8 .\CortexM3\ARM_GCC_541\Debug\SDHD_MovementDetection.a(ADC_DelSig.o)
                0x00000e58                ADC_DelSig_Enable
 .text.ADC_DelSig_Start
                0x00000f30       0x28 .\CortexM3\ARM_GCC_541\Debug\SDHD_MovementDetection.a(ADC_DelSig.o)
                0x00000f30                ADC_DelSig_Start
 .text.ADC_DelSig_StartConvert
                0x00000f58       0x10 .\CortexM3\ARM_GCC_541\Debug\SDHD_MovementDetection.a(ADC_DelSig.o)
                0x00000f58                ADC_DelSig_StartConvert
 .text.ADC_DelSig_ISR1
                0x00000f68        0x4 .\CortexM3\ARM_GCC_541\Debug\SDHD_MovementDetection.a(ADC_DelSig_INT.o)
                0x00000f68                ADC_DelSig_ISR1
 .text.DMA_ForAdc_DmaInitialize
                0x00000f6c       0x3c .\CortexM3\ARM_GCC_541\Debug\SDHD_MovementDetection.a(DMA_ForAdc_dma.o)
                0x00000f6c                DMA_ForAdc_DmaInitialize
 .text.IRQ_DMA_SetVector
                0x00000fa8        0xc .\CortexM3\ARM_GCC_541\Debug\SDHD_MovementDetection.a(IRQ_DMA.o)
                0x00000fa8                IRQ_DMA_SetVector
 .text.IRQ_DMA_SetPriority
                0x00000fb4       0x10 .\CortexM3\ARM_GCC_541\Debug\SDHD_MovementDetection.a(IRQ_DMA.o)
                0x00000fb4                IRQ_DMA_SetPriority
 .text.IRQ_DMA_Enable
                0x00000fc4        0xc .\CortexM3\ARM_GCC_541\Debug\SDHD_MovementDetection.a(IRQ_DMA.o)
                0x00000fc4                IRQ_DMA_Enable
 .text.IRQ_DMA_Disable
                0x00000fd0        0xc .\CortexM3\ARM_GCC_541\Debug\SDHD_MovementDetection.a(IRQ_DMA.o)
                0x00000fd0                IRQ_DMA_Disable
 .text.IRQ_DMA_StartEx
                0x00000fdc       0x1c .\CortexM3\ARM_GCC_541\Debug\SDHD_MovementDetection.a(IRQ_DMA.o)
                0x00000fdc                IRQ_DMA_StartEx
 .text.IRQ_DMA_ClearPending
                0x00000ff8        0xc .\CortexM3\ARM_GCC_541\Debug\SDHD_MovementDetection.a(IRQ_DMA.o)
                0x00000ff8                IRQ_DMA_ClearPending
 .text.WaveDAC_Wave1_DMA_DmaInitialize
                0x00001004       0x3c .\CortexM3\ARM_GCC_541\Debug\SDHD_MovementDetection.a(WaveDAC_Wave1_DMA_dma.o)
                0x00001004                WaveDAC_Wave1_DMA_DmaInitialize
 .text.WaveDAC_Wave2_DMA_DmaInitialize
                0x00001040       0x3c .\CortexM3\ARM_GCC_541\Debug\SDHD_MovementDetection.a(WaveDAC_Wave2_DMA_dma.o)
                0x00001040                WaveDAC_Wave2_DMA_DmaInitialize
 .text.WaveDAC_VDAC8_Enable
                0x0000107c       0x1c .\CortexM3\ARM_GCC_541\Debug\SDHD_MovementDetection.a(WaveDAC_VDAC8.o)
                0x0000107c                WaveDAC_VDAC8_Enable
 .text.WaveDAC_VDAC8_SetSpeed
                0x00001098       0x1c .\CortexM3\ARM_GCC_541\Debug\SDHD_MovementDetection.a(WaveDAC_VDAC8.o)
                0x00001098                WaveDAC_VDAC8_SetSpeed
 .text.WaveDAC_VDAC8_SetValue
                0x000010b4        0xc .\CortexM3\ARM_GCC_541\Debug\SDHD_MovementDetection.a(WaveDAC_VDAC8.o)
                0x000010b4                WaveDAC_VDAC8_SetValue
 .text.WaveDAC_VDAC8_DacTrim
                0x000010c0       0x24 .\CortexM3\ARM_GCC_541\Debug\SDHD_MovementDetection.a(WaveDAC_VDAC8.o)
                0x000010c0                WaveDAC_VDAC8_DacTrim
 .text.WaveDAC_VDAC8_SetRange
                0x000010e4       0x20 .\CortexM3\ARM_GCC_541\Debug\SDHD_MovementDetection.a(WaveDAC_VDAC8.o)
                0x000010e4                WaveDAC_VDAC8_SetRange
 .text.WaveDAC_VDAC8_Init
                0x00001104       0x2c .\CortexM3\ARM_GCC_541\Debug\SDHD_MovementDetection.a(WaveDAC_VDAC8.o)
                0x00001104                WaveDAC_VDAC8_Init
 .text.UART_IntClock_Start
                0x00001130       0x1c .\CortexM3\ARM_GCC_541\Debug\SDHD_MovementDetection.a(UART_IntClock.o)
                0x00001130                UART_IntClock_Start
 .text.ADC_DelSig_AMux_Start
                0x0000114c       0x20 .\CortexM3\ARM_GCC_541\Debug\SDHD_MovementDetection.a(ADC_DelSig_AMux.o)
                0x0000114c                ADC_DelSig_AMux_Start
 .text.ADC_DelSig_AMux_Select
                0x0000116c       0x18 .\CortexM3\ARM_GCC_541\Debug\SDHD_MovementDetection.a(ADC_DelSig_AMux.o)
                0x0000116c                ADC_DelSig_AMux_Select
 .text.ADC_DelSig_Ext_CP_Clk_GetDividerRegister
                0x00001184        0xc .\CortexM3\ARM_GCC_541\Debug\SDHD_MovementDetection.a(ADC_DelSig_Ext_CP_Clk.o)
                0x00001184                ADC_DelSig_Ext_CP_Clk_GetDividerRegister
 .text.ADC_DelSig_Ext_CP_Clk_SetModeRegister
                0x00001190       0x14 .\CortexM3\ARM_GCC_541\Debug\SDHD_MovementDetection.a(ADC_DelSig_Ext_CP_Clk.o)
                0x00001190                ADC_DelSig_Ext_CP_Clk_SetModeRegister
 .text.ADC_DelSig_Ext_CP_Clk_GetSourceRegister
                0x000011a4       0x10 .\CortexM3\ARM_GCC_541\Debug\SDHD_MovementDetection.a(ADC_DelSig_Ext_CP_Clk.o)
                0x000011a4                ADC_DelSig_Ext_CP_Clk_GetSourceRegister
 .text.ADC_DelSig_Ext_CP_Clk_SetDividerRegister
                0x000011b4       0xd8 .\CortexM3\ARM_GCC_541\Debug\SDHD_MovementDetection.a(ADC_DelSig_Ext_CP_Clk.o)
                0x000011b4                ADC_DelSig_Ext_CP_Clk_SetDividerRegister
 .text.ADC_DelSig_theACLK_GetDividerRegister
                0x0000128c        0xc .\CortexM3\ARM_GCC_541\Debug\SDHD_MovementDetection.a(ADC_DelSig_theACLK.o)
                0x0000128c                ADC_DelSig_theACLK_GetDividerRegister
 .text.ADC_DelSig_theACLK_SetModeRegister
                0x00001298       0x14 .\CortexM3\ARM_GCC_541\Debug\SDHD_MovementDetection.a(ADC_DelSig_theACLK.o)
                0x00001298                ADC_DelSig_theACLK_SetModeRegister
 .text.ADC_DelSig_theACLK_GetSourceRegister
                0x000012ac       0x10 .\CortexM3\ARM_GCC_541\Debug\SDHD_MovementDetection.a(ADC_DelSig_theACLK.o)
                0x000012ac                ADC_DelSig_theACLK_GetSourceRegister
 .text.ADC_DelSig_theACLK_SetDividerRegister
                0x000012bc       0xd8 .\CortexM3\ARM_GCC_541\Debug\SDHD_MovementDetection.a(ADC_DelSig_theACLK.o)
                0x000012bc                ADC_DelSig_theACLK_SetDividerRegister
 .text.CyDmacConfigure
                0x00001394       0x34 .\CortexM3\ARM_GCC_541\Debug\SDHD_MovementDetection.a(CyDmac.o)
                0x00001394                CyDmacConfigure
 .text.CyDmaChEnable
                0x000013c8       0x38 .\CortexM3\ARM_GCC_541\Debug\SDHD_MovementDetection.a(CyDmac.o)
                0x000013c8                CyDmaChEnable
 .text.CyDmaChPriority
                0x00001400       0x24 .\CortexM3\ARM_GCC_541\Debug\SDHD_MovementDetection.a(CyDmac.o)
                0x00001400                CyDmaChPriority
 .text.CyDmaChSetExtendedAddress
                0x00001424       0x34 .\CortexM3\ARM_GCC_541\Debug\SDHD_MovementDetection.a(CyDmac.o)
                0x00001424                CyDmaChSetExtendedAddress
 .text.CyDmaChSetInitialTd
                0x00001458       0x18 .\CortexM3\ARM_GCC_541\Debug\SDHD_MovementDetection.a(CyDmac.o)
                0x00001458                CyDmaChSetInitialTd
 .text.CyDmaChSetConfiguration
                0x00001470       0x44 .\CortexM3\ARM_GCC_541\Debug\SDHD_MovementDetection.a(CyDmac.o)
                0x00001470                CyDmaChSetConfiguration
 .text.CyDmaTdAllocate
                0x000014b4       0x34 .\CortexM3\ARM_GCC_541\Debug\SDHD_MovementDetection.a(CyDmac.o)
                0x000014b4                CyDmaTdAllocate
 .text.CyDmaTdSetConfiguration
                0x000014e8       0x28 .\CortexM3\ARM_GCC_541\Debug\SDHD_MovementDetection.a(CyDmac.o)
                0x000014e8                CyDmaTdSetConfiguration
 .text.CyDmaTdSetAddress
                0x00001510       0x1c .\CortexM3\ARM_GCC_541\Debug\SDHD_MovementDetection.a(CyDmac.o)
                0x00001510                CyDmaTdSetAddress
 .text.CyHalt   0x0000152c        0x4 .\CortexM3\ARM_GCC_541\Debug\SDHD_MovementDetection.a(CyLib.o)
                0x0000152c                CyHalt
 .text.CyDelayUs
                0x00001530       0x14 .\CortexM3\ARM_GCC_541\Debug\SDHD_MovementDetection.a(CyLib.o)
                0x00001530                CyDelayUs
 .text.CyIntSetVector
                0x00001544       0x28 .\CortexM3\ARM_GCC_541\Debug\SDHD_MovementDetection.a(CyLib.o)
                0x00001544                CyIntSetVector
 .text.CyIntSetPriority
                0x0000156c       0x30 .\CortexM3\ARM_GCC_541\Debug\SDHD_MovementDetection.a(CyLib.o)
                0x0000156c                CyIntSetPriority
 .text.WaveDAC_BuffAmp_Enable
                0x0000159c       0x28 .\CortexM3\ARM_GCC_541\Debug\SDHD_MovementDetection.a(WaveDAC_BuffAmp.o)
                0x0000159c                WaveDAC_BuffAmp_Enable
 .text.WaveDAC_BuffAmp_SetPower
                0x000015c4       0x1c .\CortexM3\ARM_GCC_541\Debug\SDHD_MovementDetection.a(WaveDAC_BuffAmp.o)
                0x000015c4                WaveDAC_BuffAmp_SetPower
 .text.WaveDAC_BuffAmp_Init
                0x000015e0        0xc .\CortexM3\ARM_GCC_541\Debug\SDHD_MovementDetection.a(WaveDAC_BuffAmp.o)
                0x000015e0                WaveDAC_BuffAmp_Init
 .text.MuxControlRegister_Write
                0x000015ec        0xc .\CortexM3\ARM_GCC_541\Debug\SDHD_MovementDetection.a(MuxControlRegister.o)
                0x000015ec                MuxControlRegister_Write
 .text          0x000015f8       0x20 .\CortexM3\ARM_GCC_541\Debug\SDHD_MovementDetection.a(CyBootAsmGnu.o)
                0x000015f8                CyDelayCycles
                0x00001608                CyEnterCriticalSection
                0x00001610                CyExitCriticalSection
 .text.__errno  0x00001618        0xc c:/program files (x86)/cypress/psoc creator/4.3/psoc creator/import/gnu/arm/5.4.1/bin/../lib/gcc/arm-none-eabi/5.4.1/../../../../arm-none-eabi/lib/armv7-m\libg_nano.a(lib_a-errno.o)
                0x00001618                __errno
 .text.__libc_init_array
                0x00001624       0x4c c:/program files (x86)/cypress/psoc creator/4.3/psoc creator/import/gnu/arm/5.4.1/bin/../lib/gcc/arm-none-eabi/5.4.1/../../../../arm-none-eabi/lib/armv7-m\libg_nano.a(lib_a-init.o)
                0x00001624                __libc_init_array
 .text.memcpy   0x00001670       0x16 c:/program files (x86)/cypress/psoc creator/4.3/psoc creator/import/gnu/arm/5.4.1/bin/../lib/gcc/arm-none-eabi/5.4.1/../../../../arm-none-eabi/lib/armv7-m\libg_nano.a(lib_a-memcpy-stub.o)
                0x00001670                memcpy
 .text.memset   0x00001686       0x10 c:/program files (x86)/cypress/psoc creator/4.3/psoc creator/import/gnu/arm/5.4.1/bin/../lib/gcc/arm-none-eabi/5.4.1/../../../../arm-none-eabi/lib/armv7-m\libg_nano.a(lib_a-memset.o)
                0x00001686                memset
 *(.plt)
 *(.gnu.warning)
 *(.glue_7t)
 .glue_7t       0x00001696        0x0 linker stubs
 *(.glue_7)
 .glue_7        0x00001696        0x0 linker stubs
 *(.vfp11_veneer)
 .vfp11_veneer  0x00001696        0x0 linker stubs
 *(.bootloader)
 *(.ARM.extab* .gnu.linkonce.armextab.*)
 *(.gcc_except_table)

.v4_bx          0x00001698        0x0
 .v4_bx         0x00001698        0x0 linker stubs

.iplt           0x00001698        0x0
 .iplt          0x00001698        0x0 c:/program files (x86)/cypress/psoc creator/4.3/psoc creator/import/gnu/arm/5.4.1/bin/../lib/gcc/arm-none-eabi/5.4.1/armv7-m/crtbegin.o

.eh_frame_hdr
 *(.eh_frame_hdr)

.eh_frame       0x00001698        0x4
 *(.eh_frame)
 .eh_frame      0x00001698        0x0 c:/program files (x86)/cypress/psoc creator/4.3/psoc creator/import/gnu/arm/5.4.1/bin/../lib/gcc/arm-none-eabi/5.4.1/armv7-m/crtbegin.o
 .eh_frame      0x00001698        0x4 c:/program files (x86)/cypress/psoc creator/4.3/psoc creator/import/gnu/arm/5.4.1/bin/../lib/gcc/arm-none-eabi/5.4.1/armv7-m/crtend.o
                [!provide]                PROVIDE (__exidx_start, .)

.ARM.exidx
 *(.ARM.exidx* .gnu.linkonce.armexidx.*)
                0x0000169c                __exidx_end = .

.rodata         0x0000169c      0x4d4
 *(.rodata .rodata.* .gnu.linkonce.r.*)
 .rodata.str1.4
                0x0000169c       0x10 .\CortexM3\ARM_GCC_541\Debug\movementDetector.o
                                  0xf (size before relaxing)
 .rodata        0x000016ac       0x3c .\CortexM3\ARM_GCC_541\Debug\cyfitter_cfg.o
                0x000016ac                ADC_DelSig_AMux__addrTable
                0x000016b4                ADC_DelSig_AMux__maskTable
 .rodata        0x000016e8      0x44c .\CortexM3\ARM_GCC_541\Debug\SDHD_MovementDetection.a(WaveDAC.o)
                0x000016e8                WaveDAC_wave1
                0x00001ad0                WaveDAC_wave2
 .rodata.str1.1
                0x00001b34        0x2 c:/program files (x86)/cypress/psoc creator/4.3/psoc creator/import/gnu/arm/5.4.1/bin/../lib/gcc/arm-none-eabi/5.4.1/../../../../arm-none-eabi/lib/armv7-m\libg_nano.a(lib_a-impure.o)
                0x00001b38                . = ALIGN (0x4)
 *fill*         0x00001b36        0x2 
 *(.init)
 .init          0x00001b38        0x4 c:/program files (x86)/cypress/psoc creator/4.3/psoc creator/import/gnu/arm/5.4.1/bin/../lib/gcc/arm-none-eabi/5.4.1/armv7-m/crti.o
                0x00001b38                _init
 .init          0x00001b3c        0x8 c:/program files (x86)/cypress/psoc creator/4.3/psoc creator/import/gnu/arm/5.4.1/bin/../lib/gcc/arm-none-eabi/5.4.1/armv7-m/crtn.o
                0x00001b44                . = ALIGN (0x4)
                0x00001b44                __preinit_array_start = .
 *(.preinit_array)
                0x00001b44                __preinit_array_end = .
                0x00001b44                . = ALIGN (0x4)
                0x00001b44                __init_array_start = .
 *(SORT(.init_array.*))
 *(.init_array)
 .init_array    0x00001b44        0x4 c:/program files (x86)/cypress/psoc creator/4.3/psoc creator/import/gnu/arm/5.4.1/bin/../lib/gcc/arm-none-eabi/5.4.1/armv7-m/crtbegin.o
 .init_array    0x00001b48        0x4 .\CortexM3\ARM_GCC_541\Debug\Cm3Start.o
                0x00001b4c                __init_array_end = .
                0x00001b4c                . = ALIGN (0x4)
 *(.fini)
 .fini          0x00001b4c        0x4 c:/program files (x86)/cypress/psoc creator/4.3/psoc creator/import/gnu/arm/5.4.1/bin/../lib/gcc/arm-none-eabi/5.4.1/armv7-m/crti.o
                0x00001b4c                _fini
 .fini          0x00001b50        0x8 c:/program files (x86)/cypress/psoc creator/4.3/psoc creator/import/gnu/arm/5.4.1/bin/../lib/gcc/arm-none-eabi/5.4.1/armv7-m/crtn.o
                0x00001b58                . = ALIGN (0x4)
                0x00001b58                __fini_array_start = .
 *(.fini_array)
 .fini_array    0x00001b58        0x4 c:/program files (x86)/cypress/psoc creator/4.3/psoc creator/import/gnu/arm/5.4.1/bin/../lib/gcc/arm-none-eabi/5.4.1/armv7-m/crtbegin.o
 *(SORT(.fini_array.*))
                0x00001b5c                __fini_array_end = .
                0x00001b5c                . = ALIGN (0x4)
 *crtbegin.o(.ctors)
 *(EXCLUDE_FILE(*crtend.o) .ctors)
 *(SORT(.ctors.*))
 *crtend.o(.ctors)
                0x00001b5c                . = ALIGN (0x4)
 *crtbegin.o(.dtors)
 *(EXCLUDE_FILE(*crtend.o) .dtors)
 *(SORT(.dtors.*))
 *crtend.o(.dtors)
                0x00001b5c                . = ALIGN (0x4)
                0x00001b5c                __cy_regions = .
                0x00001b5c        0x4 LONG 0x1b70 __cy_region_init_ram
                0x00001b60        0x4 LONG 0x1fff80c8 __cy_region_start_data
                0x00001b64        0x4 LONG 0x88 __cy_region_init_size_ram
                0x00001b68        0x4 LONG 0x1048 __cy_region_zero_size_ram
                0x00001b6c                __cy_regions_end = .
                0x00001b70                . = ALIGN (0x8)
 *fill*         0x00001b6c        0x4 
                0x00001b70                _etext = .

.cy_checksum_exclude
                0x00001b70        0x0
 *(.cy_checksum_exclude)

.ramvectors     0x1fff8000       0xc0
                0x1fff8000                __cy_region_start_ram = .
 *(.ramvectors)
 .ramvectors    0x1fff8000       0xc0 .\CortexM3\ARM_GCC_541\Debug\Cm3Start.o
                0x1fff8000                CyRamVectors

.noinit         0x1fff80c0        0x1
 *(.noinit)
 .noinit        0x1fff80c0        0x1 .\CortexM3\ARM_GCC_541\Debug\SDHD_MovementDetection.a(CyLib.o)
                0x1fff80c0                CyResetStatus

.data           0x1fff80c8       0x88 load address 0x00001b70
                0x1fff80c8                __cy_region_start_data = .
 *(.jcr)
 .jcr           0x1fff80c8        0x0 c:/program files (x86)/cypress/psoc creator/4.3/psoc creator/import/gnu/arm/5.4.1/bin/../lib/gcc/arm-none-eabi/5.4.1/armv7-m/crtbegin.o
 .jcr           0x1fff80c8        0x4 c:/program files (x86)/cypress/psoc creator/4.3/psoc creator/import/gnu/arm/5.4.1/bin/../lib/gcc/arm-none-eabi/5.4.1/armv7-m/crtend.o
 *(.got.plt)
 *(.got)
 *(.shdata)
 *(.data .data.* .gnu.linkonce.d.*)
 .data          0x1fff80cc        0x1 .\CortexM3\ARM_GCC_541\Debug\SDHD_MovementDetection.a(ADC_DelSig.o)
                0x1fff80cc                ADC_DelSig_Config
 .data          0x1fff80cd        0x1 .\CortexM3\ARM_GCC_541\Debug\SDHD_MovementDetection.a(DMA_ForAdc_dma.o)
                0x1fff80cd                DMA_ForAdc_DmaHandle
 .data          0x1fff80ce        0x1 .\CortexM3\ARM_GCC_541\Debug\SDHD_MovementDetection.a(WaveDAC_Wave1_DMA_dma.o)
                0x1fff80ce                WaveDAC_Wave1_DMA_DmaHandle
 .data          0x1fff80cf        0x1 .\CortexM3\ARM_GCC_541\Debug\SDHD_MovementDetection.a(WaveDAC_Wave2_DMA_dma.o)
                0x1fff80cf                WaveDAC_Wave2_DMA_DmaHandle
 .data          0x1fff80d0        0x1 .\CortexM3\ARM_GCC_541\Debug\SDHD_MovementDetection.a(ADC_DelSig_AMux.o)
 *fill*         0x1fff80d1        0x3 
 .data          0x1fff80d4        0x8 .\CortexM3\ARM_GCC_541\Debug\SDHD_MovementDetection.a(CyDmac.o)
 .data          0x1fff80dc       0x10 .\CortexM3\ARM_GCC_541\Debug\SDHD_MovementDetection.a(CyLib.o)
                0x1fff80dc                cydelay_32k_ms
                0x1fff80e0                cydelay_freq_khz
                0x1fff80e4                cydelay_freq_mhz
                0x1fff80e8                cydelay_freq_hz
 .data.impure_data
                0x1fff80ec       0x60 c:/program files (x86)/cypress/psoc creator/4.3/psoc creator/import/gnu/arm/5.4.1/bin/../lib/gcc/arm-none-eabi/5.4.1/../../../../arm-none-eabi/lib/armv7-m\libg_nano.a(lib_a-impure.o)
 .data._impure_ptr
                0x1fff814c        0x4 c:/program files (x86)/cypress/psoc creator/4.3/psoc creator/import/gnu/arm/5.4.1/bin/../lib/gcc/arm-none-eabi/5.4.1/../../../../arm-none-eabi/lib/armv7-m\libg_nano.a(lib_a-impure.o)
                0x1fff814c                _impure_ptr
                0x1fff8150                . = ALIGN (0x8)
 *(.ram)
                0x1fff8150                _edata = .

.igot.plt       0x1fff8150        0x0 load address 0x00001bf8
 .igot.plt      0x1fff8150        0x0 c:/program files (x86)/cypress/psoc creator/4.3/psoc creator/import/gnu/arm/5.4.1/bin/../lib/gcc/arm-none-eabi/5.4.1/armv7-m/crtbegin.o

.bss            0x1fff8150     0x1048 load address 0x00001bf8
                0x1fff8150                PROVIDE (__bss_start__, .)
 *(.shbss)
 *(.bss .bss.* .gnu.linkonce.b.*)
 .bss           0x1fff8150       0x1c c:/program files (x86)/cypress/psoc creator/4.3/psoc creator/import/gnu/arm/5.4.1/bin/../lib/gcc/arm-none-eabi/5.4.1/armv7-m/crtbegin.o
 .bss           0x1fff816c        0x6 .\CortexM3\ARM_GCC_541\Debug\movementDetector.o
                0x1fff816c                buttonPressedFlag
                0x1fff816d                dmaCompletionFlag
                0x1fff816e                UART_RX_Flag
 .bss           0x1fff8172        0x5 .\CortexM3\ARM_GCC_541\Debug\SDHD_MovementDetection.a(WaveDAC.o)
                0x1fff8176                WaveDAC_initVar
 *fill*         0x1fff8177        0x1 
 .bss           0x1fff8178        0x7 .\CortexM3\ARM_GCC_541\Debug\SDHD_MovementDetection.a(UART.o)
                0x1fff8178                UART_initVar
                0x1fff817a                UART_txBufferRead
                0x1fff817c                UART_txBufferWrite
 *fill*         0x1fff817f        0x1 
 .bss           0x1fff8180        0xc .\CortexM3\ARM_GCC_541\Debug\SDHD_MovementDetection.a(ADC_DelSig.o)
                0x1fff8184                ADC_DelSig_stopConversion
                0x1fff8185                ADC_DelSig_convDone
                0x1fff8186                ADC_DelSig_initVar
                0x1fff8187                ADC_DelSig_started
                0x1fff8188                ADC_DelSig_Offset
 *(COMMON)
 COMMON         0x1fff818c      0x800 .\CortexM3\ARM_GCC_541\Debug\main.o
                0x1fff818c                AdcSamplesFromDMA
 COMMON         0x1fff898c        0x2 .\CortexM3\ARM_GCC_541\Debug\dma.o
                0x1fff898c                DMA_ForAdc_TD
                0x1fff898d                DMA_ForAdc_Chan
 *fill*         0x1fff898e        0x2 
 COMMON         0x1fff8990      0x800 .\CortexM3\ARM_GCC_541\Debug\SDHD_MovementDetection.a(UART.o)
                0x1fff8990                UART_txBuffer
 COMMON         0x1fff9190        0x4 .\CortexM3\ARM_GCC_541\Debug\SDHD_MovementDetection.a(ADC_DelSig.o)
                0x1fff9190                ADC_DelSig_CountsPerVolt
                0x1fff9198                . = ALIGN (0x8)
 *fill*         0x1fff9194        0x4 
 *(.ram.b)
                0x1fff9198                _end = .
                0x1fff9198                __end = .
                0x1fff9198                PROVIDE (end, .)
                0x1fff9198                PROVIDE (__bss_end__, .)
                0x00001b70                __cy_region_init_ram = LOADADDR (.data)
                0x00000088                __cy_region_init_size_ram = (_edata - ADDR (.data))
                0x00001048                __cy_region_zero_size_ram = (_end - _edata)

.heap           0x1fff9198       0x80 load address 0x00001bf8
                0x1fff9198                . = _end
                0x1fff9218                . = (. + 0x80)
 *fill*         0x1fff9198       0x80 
                0x1fff9218                __cy_heap_limit = .

.stack          0x20007800      0x800
                0x20007800                __cy_stack_limit = .
                0x20008000                . = (. + 0x800)
 *fill*         0x20007800      0x800 
                0x00000001                ASSERT ((__cy_stack_limit >= __cy_heap_limit), region RAM overflowed with stack)
                0x00000000                cy_checksum_exclude_size = (CY_APPL_LOADABLE == 0x1)?SIZEOF (.cy_checksum_exclude):0x0
                0x00000001                ASSERT ((cy_checksum_exclude_size <= CY_CHECKSUM_EXCLUDE_SIZE), CY_BOOT: Section .cy_checksum_exclude size exceedes specified limit.)

.cyloadermeta
 *(.cyloadermeta)

.cyloadablemeta
 *(.cyloadablemeta)

.cyconfigecc    0x80000000      0x69c
 *(.cyconfigecc)
 .cyconfigecc   0x80000000      0x69c .\CortexM3\ARM_GCC_541\Debug\cymetadata.o
                0x80000000                cy_meta_configecc

.cycustnvl      0x90000000        0x4
 *(.cycustnvl)
 .cycustnvl     0x90000000        0x4 .\CortexM3\ARM_GCC_541\Debug\cymetadata.o
                0x90000000                cy_meta_custnvl

.cywolatch      0x90100000        0x4
 *(.cywolatch)
 .cywolatch     0x90100000        0x4 .\CortexM3\ARM_GCC_541\Debug\cymetadata.o
                0x90100000                cy_meta_wonvl

.cyeeprom       0x90200000        0x0
 *(.cyeeprom)
                0x00000001                ASSERT ((. <= ((0x90200000 + ee_offset) + ee_size)), .cyeeprom data will not fit in EEPROM)

.cyflashprotect
                0x90400000      0x100
 *(.cyflashprotect)
 .cyflashprotect
                0x90400000      0x100 .\CortexM3\ARM_GCC_541\Debug\cymetadata.o
                0x90400000                cy_meta_flashprotect

.cymeta         0x90500000        0xc
 *(.cymeta)
 .cymeta        0x90500000        0xc .\CortexM3\ARM_GCC_541\Debug\cymetadata.o
                0x90500000                cy_metadata

.rel.dyn        0x00001bf8        0x0 load address 0x9050000c
 .rel.iplt      0x00001bf8        0x0 c:/program files (x86)/cypress/psoc creator/4.3/psoc creator/import/gnu/arm/5.4.1/bin/../lib/gcc/arm-none-eabi/5.4.1/armv7-m/crtbegin.o

.stab
 *(.stab)

.stabstr
 *(.stabstr)

.debug
 *(.debug)

.line
 *(.line)

.debug_srcinfo
 *(.debug_srcinfo)

.debug_sfnames
 *(.debug_sfnames)

.debug_aranges  0x00000000      0xe48
 *(.debug_aranges)
 .debug_aranges
                0x00000000       0x40 .\CortexM3\ARM_GCC_541\Debug\main.o
 .debug_aranges
                0x00000040       0x50 .\CortexM3\ARM_GCC_541\Debug\movementDetector.o
 .debug_aranges
                0x00000090       0x28 .\CortexM3\ARM_GCC_541\Debug\dma.o
 .debug_aranges
                0x000000b8       0x20 .\CortexM3\ARM_GCC_541\Debug\led.o
 .debug_aranges
                0x000000d8       0x68 .\CortexM3\ARM_GCC_541\Debug\cyfitter_cfg.o
 .debug_aranges
                0x00000140       0x18 .\CortexM3\ARM_GCC_541\Debug\cymetadata.o
 .debug_aranges
                0x00000158       0x48 .\CortexM3\ARM_GCC_541\Debug\Cm3Start.o
 .debug_aranges
                0x000001a0       0x38 .\CortexM3\ARM_GCC_541\Debug\SDHD_MovementDetection.a(LED_red.o)
 .debug_aranges
                0x000001d8       0x38 .\CortexM3\ARM_GCC_541\Debug\SDHD_MovementDetection.a(LED_yellow.o)
 .debug_aranges
                0x00000210       0x38 .\CortexM3\ARM_GCC_541\Debug\SDHD_MovementDetection.a(LED_green.o)
 .debug_aranges
                0x00000248       0x80 .\CortexM3\ARM_GCC_541\Debug\SDHD_MovementDetection.a(IRQ_BUTTON.o)
 .debug_aranges
                0x000002c8       0x50 .\CortexM3\ARM_GCC_541\Debug\SDHD_MovementDetection.a(WaveDAC.o)
 .debug_aranges
                0x00000318       0xf0 .\CortexM3\ARM_GCC_541\Debug\SDHD_MovementDetection.a(UART.o)
 .debug_aranges
                0x00000408       0x20 .\CortexM3\ARM_GCC_541\Debug\SDHD_MovementDetection.a(UART_INT.o)
 .debug_aranges
                0x00000428       0x80 .\CortexM3\ARM_GCC_541\Debug\SDHD_MovementDetection.a(IRQ_UART.o)
 .debug_aranges
                0x000004a8       0xe8 .\CortexM3\ARM_GCC_541\Debug\SDHD_MovementDetection.a(ADC_DelSig.o)
 .debug_aranges
                0x00000590       0x38 .\CortexM3\ARM_GCC_541\Debug\SDHD_MovementDetection.a(ADC_DelSig_INT.o)
 .debug_aranges
                0x000005c8       0x28 .\CortexM3\ARM_GCC_541\Debug\SDHD_MovementDetection.a(DMA_ForAdc_dma.o)
 .debug_aranges
                0x000005f0       0x80 .\CortexM3\ARM_GCC_541\Debug\SDHD_MovementDetection.a(IRQ_DMA.o)
 .debug_aranges
                0x00000670       0x28 .\CortexM3\ARM_GCC_541\Debug\SDHD_MovementDetection.a(WaveDAC_Wave1_DMA_dma.o)
 .debug_aranges
                0x00000698       0x28 .\CortexM3\ARM_GCC_541\Debug\SDHD_MovementDetection.a(WaveDAC_Wave2_DMA_dma.o)
 .debug_aranges
                0x000006c0       0x58 .\CortexM3\ARM_GCC_541\Debug\SDHD_MovementDetection.a(WaveDAC_VDAC8.o)
 .debug_aranges
                0x00000718       0x70 .\CortexM3\ARM_GCC_541\Debug\SDHD_MovementDetection.a(UART_IntClock.o)
 .debug_aranges
                0x00000788       0x30 .\CortexM3\ARM_GCC_541\Debug\SDHD_MovementDetection.a(ADC_DelSig_AMux.o)
 .debug_aranges
                0x000007b8       0x70 .\CortexM3\ARM_GCC_541\Debug\SDHD_MovementDetection.a(ADC_DelSig_Ext_CP_Clk.o)
 .debug_aranges
                0x00000828       0x80 .\CortexM3\ARM_GCC_541\Debug\SDHD_MovementDetection.a(ADC_DelSig_theACLK.o)
 .debug_aranges
                0x000008a8       0xd8 .\CortexM3\ARM_GCC_541\Debug\SDHD_MovementDetection.a(CyDmac.o)
 .debug_aranges
                0x00000980      0x2a0 .\CortexM3\ARM_GCC_541\Debug\SDHD_MovementDetection.a(CyLib.o)
 .debug_aranges
                0x00000c20       0x98 .\CortexM3\ARM_GCC_541\Debug\SDHD_MovementDetection.a(cyPm.o)
 .debug_aranges
                0x00000cb8       0x40 .\CortexM3\ARM_GCC_541\Debug\SDHD_MovementDetection.a(WaveDAC_BuffAmp.o)
 .debug_aranges
                0x00000cf8       0x28 .\CortexM3\ARM_GCC_541\Debug\SDHD_MovementDetection.a(MuxControlRegister.o)
 .debug_aranges
                0x00000d20       0x20 .\CortexM3\ARM_GCC_541\Debug\SDHD_MovementDetection.a(CyBootAsmGnu.o)
 .debug_aranges
                0x00000d40       0x88 .\CortexM3\ARM_GCC_541\Debug\SDHD_MovementDetection.a(CyFlash.o)
 .debug_aranges
                0x00000dc8       0x80 .\CortexM3\ARM_GCC_541\Debug\SDHD_MovementDetection.a(CySpc.o)

.debug_pubnames
 *(.debug_pubnames)

.debug_info     0x00000000     0x8180
 *(.debug_info .gnu.linkonce.wi.*)
 .debug_info    0x00000000      0x2fc .\CortexM3\ARM_GCC_541\Debug\main.o
 .debug_info    0x000002fc      0x55b .\CortexM3\ARM_GCC_541\Debug\movementDetector.o
 .debug_info    0x00000857      0x231 .\CortexM3\ARM_GCC_541\Debug\dma.o
 .debug_info    0x00000a88      0x288 .\CortexM3\ARM_GCC_541\Debug\led.o
 .debug_info    0x00000d10      0x5f9 .\CortexM3\ARM_GCC_541\Debug\cyfitter_cfg.o
 .debug_info    0x00001309      0x139 .\CortexM3\ARM_GCC_541\Debug\cymetadata.o
 .debug_info    0x00001442      0x3cf .\CortexM3\ARM_GCC_541\Debug\Cm3Start.o
 .debug_info    0x00001811      0x11f .\CortexM3\ARM_GCC_541\Debug\SDHD_MovementDetection.a(LED_red.o)
 .debug_info    0x00001930      0x11f .\CortexM3\ARM_GCC_541\Debug\SDHD_MovementDetection.a(LED_yellow.o)
 .debug_info    0x00001a4f      0x11f .\CortexM3\ARM_GCC_541\Debug\SDHD_MovementDetection.a(LED_green.o)
 .debug_info    0x00001b6e      0x2d2 .\CortexM3\ARM_GCC_541\Debug\SDHD_MovementDetection.a(IRQ_BUTTON.o)
 .debug_info    0x00001e40      0x515 .\CortexM3\ARM_GCC_541\Debug\SDHD_MovementDetection.a(WaveDAC.o)
 .debug_info    0x00002355      0x6d7 .\CortexM3\ARM_GCC_541\Debug\SDHD_MovementDetection.a(UART.o)
 .debug_info    0x00002a2c      0x108 .\CortexM3\ARM_GCC_541\Debug\SDHD_MovementDetection.a(UART_INT.o)
 .debug_info    0x00002b34      0x2d2 .\CortexM3\ARM_GCC_541\Debug\SDHD_MovementDetection.a(IRQ_UART.o)
 .debug_info    0x00002e06      0xa18 .\CortexM3\ARM_GCC_541\Debug\SDHD_MovementDetection.a(ADC_DelSig.o)
 .debug_info    0x0000381e       0xd3 .\CortexM3\ARM_GCC_541\Debug\SDHD_MovementDetection.a(ADC_DelSig_INT.o)
 .debug_info    0x000038f1      0x1a8 .\CortexM3\ARM_GCC_541\Debug\SDHD_MovementDetection.a(DMA_ForAdc_dma.o)
 .debug_info    0x00003a99      0x2d2 .\CortexM3\ARM_GCC_541\Debug\SDHD_MovementDetection.a(IRQ_DMA.o)
 .debug_info    0x00003d6b      0x1aa .\CortexM3\ARM_GCC_541\Debug\SDHD_MovementDetection.a(WaveDAC_Wave1_DMA_dma.o)
 .debug_info    0x00003f15      0x1a7 .\CortexM3\ARM_GCC_541\Debug\SDHD_MovementDetection.a(WaveDAC_Wave2_DMA_dma.o)
 .debug_info    0x000040bc      0x1de .\CortexM3\ARM_GCC_541\Debug\SDHD_MovementDetection.a(WaveDAC_VDAC8.o)
 .debug_info    0x0000429a      0x283 .\CortexM3\ARM_GCC_541\Debug\SDHD_MovementDetection.a(UART_IntClock.o)
 .debug_info    0x0000451d      0x165 .\CortexM3\ARM_GCC_541\Debug\SDHD_MovementDetection.a(ADC_DelSig_AMux.o)
 .debug_info    0x00004682      0x283 .\CortexM3\ARM_GCC_541\Debug\SDHD_MovementDetection.a(ADC_DelSig_Ext_CP_Clk.o)
 .debug_info    0x00004905      0x2c4 .\CortexM3\ARM_GCC_541\Debug\SDHD_MovementDetection.a(ADC_DelSig_theACLK.o)
 .debug_info    0x00004bc9      0x94e .\CortexM3\ARM_GCC_541\Debug\SDHD_MovementDetection.a(CyDmac.o)
 .debug_info    0x00005517     0x1374 .\CortexM3\ARM_GCC_541\Debug\SDHD_MovementDetection.a(CyLib.o)
 .debug_info    0x0000688b      0xa2a .\CortexM3\ARM_GCC_541\Debug\SDHD_MovementDetection.a(cyPm.o)
 .debug_info    0x000072b5      0x151 .\CortexM3\ARM_GCC_541\Debug\SDHD_MovementDetection.a(WaveDAC_BuffAmp.o)
 .debug_info    0x00007406       0xd6 .\CortexM3\ARM_GCC_541\Debug\SDHD_MovementDetection.a(MuxControlRegister.o)
 .debug_info    0x000074dc      0x107 .\CortexM3\ARM_GCC_541\Debug\SDHD_MovementDetection.a(CyBootAsmGnu.o)
 .debug_info    0x000075e3      0x64d .\CortexM3\ARM_GCC_541\Debug\SDHD_MovementDetection.a(CyFlash.o)
 .debug_info    0x00007c30      0x550 .\CortexM3\ARM_GCC_541\Debug\SDHD_MovementDetection.a(CySpc.o)

.debug_abbrev   0x00000000     0x25e3
 *(.debug_abbrev)
 .debug_abbrev  0x00000000      0x110 .\CortexM3\ARM_GCC_541\Debug\main.o
 .debug_abbrev  0x00000110      0x14b .\CortexM3\ARM_GCC_541\Debug\movementDetector.o
 .debug_abbrev  0x0000025b      0x109 .\CortexM3\ARM_GCC_541\Debug\dma.o
 .debug_abbrev  0x00000364       0xfb .\CortexM3\ARM_GCC_541\Debug\led.o
 .debug_abbrev  0x0000045f      0x21e .\CortexM3\ARM_GCC_541\Debug\cyfitter_cfg.o
 .debug_abbrev  0x0000067d       0x77 .\CortexM3\ARM_GCC_541\Debug\cymetadata.o
 .debug_abbrev  0x000006f4      0x1e8 .\CortexM3\ARM_GCC_541\Debug\Cm3Start.o
 .debug_abbrev  0x000008dc       0x90 .\CortexM3\ARM_GCC_541\Debug\SDHD_MovementDetection.a(LED_red.o)
 .debug_abbrev  0x0000096c       0x90 .\CortexM3\ARM_GCC_541\Debug\SDHD_MovementDetection.a(LED_yellow.o)
 .debug_abbrev  0x000009fc       0x90 .\CortexM3\ARM_GCC_541\Debug\SDHD_MovementDetection.a(LED_green.o)
 .debug_abbrev  0x00000a8c      0x173 .\CortexM3\ARM_GCC_541\Debug\SDHD_MovementDetection.a(IRQ_BUTTON.o)
 .debug_abbrev  0x00000bff      0x114 .\CortexM3\ARM_GCC_541\Debug\SDHD_MovementDetection.a(WaveDAC.o)
 .debug_abbrev  0x00000d13      0x16f .\CortexM3\ARM_GCC_541\Debug\SDHD_MovementDetection.a(UART.o)
 .debug_abbrev  0x00000e82       0x79 .\CortexM3\ARM_GCC_541\Debug\SDHD_MovementDetection.a(UART_INT.o)
 .debug_abbrev  0x00000efb      0x173 .\CortexM3\ARM_GCC_541\Debug\SDHD_MovementDetection.a(IRQ_UART.o)
 .debug_abbrev  0x0000106e      0x1eb .\CortexM3\ARM_GCC_541\Debug\SDHD_MovementDetection.a(ADC_DelSig.o)
 .debug_abbrev  0x00001259       0x42 .\CortexM3\ARM_GCC_541\Debug\SDHD_MovementDetection.a(ADC_DelSig_INT.o)
 .debug_abbrev  0x0000129b       0xcd .\CortexM3\ARM_GCC_541\Debug\SDHD_MovementDetection.a(DMA_ForAdc_dma.o)
 .debug_abbrev  0x00001368      0x173 .\CortexM3\ARM_GCC_541\Debug\SDHD_MovementDetection.a(IRQ_DMA.o)
 .debug_abbrev  0x000014db       0xcd .\CortexM3\ARM_GCC_541\Debug\SDHD_MovementDetection.a(WaveDAC_Wave1_DMA_dma.o)
 .debug_abbrev  0x000015a8       0xcd .\CortexM3\ARM_GCC_541\Debug\SDHD_MovementDetection.a(WaveDAC_Wave2_DMA_dma.o)
 .debug_abbrev  0x00001675       0xf7 .\CortexM3\ARM_GCC_541\Debug\SDHD_MovementDetection.a(WaveDAC_VDAC8.o)
 .debug_abbrev  0x0000176c      0x139 .\CortexM3\ARM_GCC_541\Debug\SDHD_MovementDetection.a(UART_IntClock.o)
 .debug_abbrev  0x000018a5       0xb1 .\CortexM3\ARM_GCC_541\Debug\SDHD_MovementDetection.a(ADC_DelSig_AMux.o)
 .debug_abbrev  0x00001956      0x139 .\CortexM3\ARM_GCC_541\Debug\SDHD_MovementDetection.a(ADC_DelSig_Ext_CP_Clk.o)
 .debug_abbrev  0x00001a8f      0x121 .\CortexM3\ARM_GCC_541\Debug\SDHD_MovementDetection.a(ADC_DelSig_theACLK.o)
 .debug_abbrev  0x00001bb0      0x1b2 .\CortexM3\ARM_GCC_541\Debug\SDHD_MovementDetection.a(CyDmac.o)
 .debug_abbrev  0x00001d62      0x254 .\CortexM3\ARM_GCC_541\Debug\SDHD_MovementDetection.a(CyLib.o)
 .debug_abbrev  0x00001fb6      0x1ab .\CortexM3\ARM_GCC_541\Debug\SDHD_MovementDetection.a(cyPm.o)
 .debug_abbrev  0x00002161       0xb2 .\CortexM3\ARM_GCC_541\Debug\SDHD_MovementDetection.a(WaveDAC_BuffAmp.o)
 .debug_abbrev  0x00002213       0x81 .\CortexM3\ARM_GCC_541\Debug\SDHD_MovementDetection.a(MuxControlRegister.o)
 .debug_abbrev  0x00002294       0x14 .\CortexM3\ARM_GCC_541\Debug\SDHD_MovementDetection.a(CyBootAsmGnu.o)
 .debug_abbrev  0x000022a8      0x1a7 .\CortexM3\ARM_GCC_541\Debug\SDHD_MovementDetection.a(CyFlash.o)
 .debug_abbrev  0x0000244f      0x194 .\CortexM3\ARM_GCC_541\Debug\SDHD_MovementDetection.a(CySpc.o)

.debug_line     0x00000000     0x3864
 *(.debug_line)
 .debug_line    0x00000000      0x243 .\CortexM3\ARM_GCC_541\Debug\main.o
 .debug_line    0x00000243      0x2a5 .\CortexM3\ARM_GCC_541\Debug\movementDetector.o
 .debug_line    0x000004e8      0x1a5 .\CortexM3\ARM_GCC_541\Debug\dma.o
 .debug_line    0x0000068d      0x1d0 .\CortexM3\ARM_GCC_541\Debug\led.o
 .debug_line    0x0000085d      0x217 .\CortexM3\ARM_GCC_541\Debug\cyfitter_cfg.o
 .debug_line    0x00000a74      0x141 .\CortexM3\ARM_GCC_541\Debug\cymetadata.o
 .debug_line    0x00000bb5      0x241 .\CortexM3\ARM_GCC_541\Debug\Cm3Start.o
 .debug_line    0x00000df6       0x94 .\CortexM3\ARM_GCC_541\Debug\SDHD_MovementDetection.a(LED_red.o)
 .debug_line    0x00000e8a       0x97 .\CortexM3\ARM_GCC_541\Debug\SDHD_MovementDetection.a(LED_yellow.o)
 .debug_line    0x00000f21       0x96 .\CortexM3\ARM_GCC_541\Debug\SDHD_MovementDetection.a(LED_green.o)
 .debug_line    0x00000fb7      0x137 .\CortexM3\ARM_GCC_541\Debug\SDHD_MovementDetection.a(IRQ_BUTTON.o)
 .debug_line    0x000010ee      0x14e .\CortexM3\ARM_GCC_541\Debug\SDHD_MovementDetection.a(WaveDAC.o)
 .debug_line    0x0000123c      0x2f9 .\CortexM3\ARM_GCC_541\Debug\SDHD_MovementDetection.a(UART.o)
 .debug_line    0x00001535       0x7d .\CortexM3\ARM_GCC_541\Debug\SDHD_MovementDetection.a(UART_INT.o)
 .debug_line    0x000015b2      0x135 .\CortexM3\ARM_GCC_541\Debug\SDHD_MovementDetection.a(IRQ_UART.o)
 .debug_line    0x000016e7      0x372 .\CortexM3\ARM_GCC_541\Debug\SDHD_MovementDetection.a(ADC_DelSig.o)
 .debug_line    0x00001a59       0x87 .\CortexM3\ARM_GCC_541\Debug\SDHD_MovementDetection.a(ADC_DelSig_INT.o)
 .debug_line    0x00001ae0       0x87 .\CortexM3\ARM_GCC_541\Debug\SDHD_MovementDetection.a(DMA_ForAdc_dma.o)
 .debug_line    0x00001b67      0x134 .\CortexM3\ARM_GCC_541\Debug\SDHD_MovementDetection.a(IRQ_DMA.o)
 .debug_line    0x00001c9b       0x8e .\CortexM3\ARM_GCC_541\Debug\SDHD_MovementDetection.a(WaveDAC_Wave1_DMA_dma.o)
 .debug_line    0x00001d29       0x8e .\CortexM3\ARM_GCC_541\Debug\SDHD_MovementDetection.a(WaveDAC_Wave2_DMA_dma.o)
 .debug_line    0x00001db7       0xe9 .\CortexM3\ARM_GCC_541\Debug\SDHD_MovementDetection.a(WaveDAC_VDAC8.o)
 .debug_line    0x00001ea0      0x17c .\CortexM3\ARM_GCC_541\Debug\SDHD_MovementDetection.a(UART_IntClock.o)
 .debug_line    0x0000201c       0xb3 .\CortexM3\ARM_GCC_541\Debug\SDHD_MovementDetection.a(ADC_DelSig_AMux.o)
 .debug_line    0x000020cf      0x184 .\CortexM3\ARM_GCC_541\Debug\SDHD_MovementDetection.a(ADC_DelSig_Ext_CP_Clk.o)
 .debug_line    0x00002253      0x1a4 .\CortexM3\ARM_GCC_541\Debug\SDHD_MovementDetection.a(ADC_DelSig_theACLK.o)
 .debug_line    0x000023f7      0x2e4 .\CortexM3\ARM_GCC_541\Debug\SDHD_MovementDetection.a(CyDmac.o)
 .debug_line    0x000026db      0x816 .\CortexM3\ARM_GCC_541\Debug\SDHD_MovementDetection.a(CyLib.o)
 .debug_line    0x00002ef1      0x367 .\CortexM3\ARM_GCC_541\Debug\SDHD_MovementDetection.a(cyPm.o)
 .debug_line    0x00003258       0xb2 .\CortexM3\ARM_GCC_541\Debug\SDHD_MovementDetection.a(WaveDAC_BuffAmp.o)
 .debug_line    0x0000330a       0x7a .\CortexM3\ARM_GCC_541\Debug\SDHD_MovementDetection.a(MuxControlRegister.o)
 .debug_line    0x00003384       0x66 .\CortexM3\ARM_GCC_541\Debug\SDHD_MovementDetection.a(CyBootAsmGnu.o)
 .debug_line    0x000033ea      0x21a .\CortexM3\ARM_GCC_541\Debug\SDHD_MovementDetection.a(CyFlash.o)
 .debug_line    0x00003604      0x260 .\CortexM3\ARM_GCC_541\Debug\SDHD_MovementDetection.a(CySpc.o)

.debug_frame    0x00000000     0x2254
 *(.debug_frame)
 .debug_frame   0x00000000       0x9c .\CortexM3\ARM_GCC_541\Debug\main.o
 .debug_frame   0x0000009c       0xd8 .\CortexM3\ARM_GCC_541\Debug\movementDetector.o
 .debug_frame   0x00000174       0x54 .\CortexM3\ARM_GCC_541\Debug\dma.o
 .debug_frame   0x000001c8       0x30 .\CortexM3\ARM_GCC_541\Debug\led.o
 .debug_frame   0x000001f8      0x104 .\CortexM3\ARM_GCC_541\Debug\cyfitter_cfg.o
 .debug_frame   0x000002fc       0xb8 .\CortexM3\ARM_GCC_541\Debug\Cm3Start.o
 .debug_frame   0x000003b4       0x50 .\CortexM3\ARM_GCC_541\Debug\SDHD_MovementDetection.a(LED_red.o)
 .debug_frame   0x00000404       0x50 .\CortexM3\ARM_GCC_541\Debug\SDHD_MovementDetection.a(LED_yellow.o)
 .debug_frame   0x00000454       0x50 .\CortexM3\ARM_GCC_541\Debug\SDHD_MovementDetection.a(LED_green.o)
 .debug_frame   0x000004a4      0x104 .\CortexM3\ARM_GCC_541\Debug\SDHD_MovementDetection.a(IRQ_BUTTON.o)
 .debug_frame   0x000005a8       0xe0 .\CortexM3\ARM_GCC_541\Debug\SDHD_MovementDetection.a(WaveDAC.o)
 .debug_frame   0x00000688      0x268 .\CortexM3\ARM_GCC_541\Debug\SDHD_MovementDetection.a(UART.o)
 .debug_frame   0x000008f0       0x20 .\CortexM3\ARM_GCC_541\Debug\SDHD_MovementDetection.a(UART_INT.o)
 .debug_frame   0x00000910      0x104 .\CortexM3\ARM_GCC_541\Debug\SDHD_MovementDetection.a(IRQ_UART.o)
 .debug_frame   0x00000a14      0x278 .\CortexM3\ARM_GCC_541\Debug\SDHD_MovementDetection.a(ADC_DelSig.o)
 .debug_frame   0x00000c8c       0x50 .\CortexM3\ARM_GCC_541\Debug\SDHD_MovementDetection.a(ADC_DelSig_INT.o)
 .debug_frame   0x00000cdc       0x54 .\CortexM3\ARM_GCC_541\Debug\SDHD_MovementDetection.a(DMA_ForAdc_dma.o)
 .debug_frame   0x00000d30      0x104 .\CortexM3\ARM_GCC_541\Debug\SDHD_MovementDetection.a(IRQ_DMA.o)
 .debug_frame   0x00000e34       0x54 .\CortexM3\ARM_GCC_541\Debug\SDHD_MovementDetection.a(WaveDAC_Wave1_DMA_dma.o)
 .debug_frame   0x00000e88       0x54 .\CortexM3\ARM_GCC_541\Debug\SDHD_MovementDetection.a(WaveDAC_Wave2_DMA_dma.o)
 .debug_frame   0x00000edc       0xb4 .\CortexM3\ARM_GCC_541\Debug\SDHD_MovementDetection.a(WaveDAC_VDAC8.o)
 .debug_frame   0x00000f90       0xe0 .\CortexM3\ARM_GCC_541\Debug\SDHD_MovementDetection.a(UART_IntClock.o)
 .debug_frame   0x00001070       0x64 .\CortexM3\ARM_GCC_541\Debug\SDHD_MovementDetection.a(ADC_DelSig_AMux.o)
 .debug_frame   0x000010d4       0xe0 .\CortexM3\ARM_GCC_541\Debug\SDHD_MovementDetection.a(ADC_DelSig_Ext_CP_Clk.o)
 .debug_frame   0x000011b4      0x100 .\CortexM3\ARM_GCC_541\Debug\SDHD_MovementDetection.a(ADC_DelSig_theACLK.o)
 .debug_frame   0x000012b4      0x1f8 .\CortexM3\ARM_GCC_541\Debug\SDHD_MovementDetection.a(CyDmac.o)
 .debug_frame   0x000014ac      0x738 .\CortexM3\ARM_GCC_541\Debug\SDHD_MovementDetection.a(CyLib.o)
 .debug_frame   0x00001be4      0x1f8 .\CortexM3\ARM_GCC_541\Debug\SDHD_MovementDetection.a(cyPm.o)
 .debug_frame   0x00001ddc       0x78 .\CortexM3\ARM_GCC_541\Debug\SDHD_MovementDetection.a(WaveDAC_BuffAmp.o)
 .debug_frame   0x00001e54       0x30 .\CortexM3\ARM_GCC_541\Debug\SDHD_MovementDetection.a(MuxControlRegister.o)
 .debug_frame   0x00001e84      0x194 .\CortexM3\ARM_GCC_541\Debug\SDHD_MovementDetection.a(CyFlash.o)
 .debug_frame   0x00002018      0x180 .\CortexM3\ARM_GCC_541\Debug\SDHD_MovementDetection.a(CySpc.o)
 .debug_frame   0x00002198       0x20 c:/program files (x86)/cypress/psoc creator/4.3/psoc creator/import/gnu/arm/5.4.1/bin/../lib/gcc/arm-none-eabi/5.4.1/../../../../arm-none-eabi/lib/armv7-m\libg_nano.a(lib_a-errno.o)
 .debug_frame   0x000021b8       0x28 c:/program files (x86)/cypress/psoc creator/4.3/psoc creator/import/gnu/arm/5.4.1/bin/../lib/gcc/arm-none-eabi/5.4.1/../../../../arm-none-eabi/lib/armv7-m\libg_nano.a(lib_a-exit.o)
 .debug_frame   0x000021e0       0x2c c:/program files (x86)/cypress/psoc creator/4.3/psoc creator/import/gnu/arm/5.4.1/bin/../lib/gcc/arm-none-eabi/5.4.1/../../../../arm-none-eabi/lib/armv7-m\libg_nano.a(lib_a-init.o)
 .debug_frame   0x0000220c       0x28 c:/program files (x86)/cypress/psoc creator/4.3/psoc creator/import/gnu/arm/5.4.1/bin/../lib/gcc/arm-none-eabi/5.4.1/../../../../arm-none-eabi/lib/armv7-m\libg_nano.a(lib_a-memcpy-stub.o)
 .debug_frame   0x00002234       0x20 c:/program files (x86)/cypress/psoc creator/4.3/psoc creator/import/gnu/arm/5.4.1/bin/../lib/gcc/arm-none-eabi/5.4.1/../../../../arm-none-eabi/lib/armv7-m\libg_nano.a(lib_a-memset.o)

.debug_str      0x00000000     0x3218
 *(.debug_str)
 .debug_str     0x00000000      0x361 .\CortexM3\ARM_GCC_541\Debug\main.o
                                0x3b4 (size before relaxing)
 .debug_str     0x00000361      0x202 .\CortexM3\ARM_GCC_541\Debug\movementDetector.o
                                0x4a1 (size before relaxing)
 .debug_str     0x00000563       0xb0 .\CortexM3\ARM_GCC_541\Debug\dma.o
                                0x2f6 (size before relaxing)
 .debug_str     0x00000613      0x230 .\CortexM3\ARM_GCC_541\Debug\led.o
                                0x494 (size before relaxing)
 .debug_str     0x00000843      0x1d6 .\CortexM3\ARM_GCC_541\Debug\cyfitter_cfg.o
                                0x3ee (size before relaxing)
 .debug_str     0x00000a19       0x75 .\CortexM3\ARM_GCC_541\Debug\cymetadata.o
                                0x25b (size before relaxing)
 .debug_str     0x00000a8e      0x14f .\CortexM3\ARM_GCC_541\Debug\Cm3Start.o
                                0x391 (size before relaxing)
 .debug_str     0x00000bdd       0x67 .\CortexM3\ARM_GCC_541\Debug\SDHD_MovementDetection.a(LED_red.o)
                                0x263 (size before relaxing)
 .debug_str     0x00000c44       0x63 .\CortexM3\ARM_GCC_541\Debug\SDHD_MovementDetection.a(LED_yellow.o)
                                0x272 (size before relaxing)
 .debug_str     0x00000ca7       0x5f .\CortexM3\ARM_GCC_541\Debug\SDHD_MovementDetection.a(LED_green.o)
                                0x26d (size before relaxing)
 .debug_str     0x00000d06      0x119 .\CortexM3\ARM_GCC_541\Debug\SDHD_MovementDetection.a(IRQ_BUTTON.o)
                                0x363 (size before relaxing)
 .debug_str     0x00000e1f      0x228 .\CortexM3\ARM_GCC_541\Debug\SDHD_MovementDetection.a(WaveDAC.o)
                                0x498 (size before relaxing)
 .debug_str     0x00001047      0x2fd .\CortexM3\ARM_GCC_541\Debug\SDHD_MovementDetection.a(UART.o)
                                0x56d (size before relaxing)
 .debug_str     0x00001344       0x2d .\CortexM3\ARM_GCC_541\Debug\SDHD_MovementDetection.a(UART_INT.o)
                                0x264 (size before relaxing)
 .debug_str     0x00001371       0xe9 .\CortexM3\ARM_GCC_541\Debug\SDHD_MovementDetection.a(IRQ_UART.o)
                                0x347 (size before relaxing)
 .debug_str     0x0000145a      0x46d .\CortexM3\ARM_GCC_541\Debug\SDHD_MovementDetection.a(ADC_DelSig.o)
                                0x75f (size before relaxing)
 .debug_str     0x000018c7       0x68 .\CortexM3\ARM_GCC_541\Debug\SDHD_MovementDetection.a(ADC_DelSig_INT.o)
                                0x25a (size before relaxing)
 .debug_str     0x0000192f       0xd0 .\CortexM3\ARM_GCC_541\Debug\SDHD_MovementDetection.a(DMA_ForAdc_dma.o)
                                0x2f7 (size before relaxing)
 .debug_str     0x000019ff       0xdd .\CortexM3\ARM_GCC_541\Debug\SDHD_MovementDetection.a(IRQ_DMA.o)
                                0x339 (size before relaxing)
 .debug_str     0x00001adc       0x68 .\CortexM3\ARM_GCC_541\Debug\SDHD_MovementDetection.a(WaveDAC_Wave1_DMA_dma.o)
                                0x313 (size before relaxing)
 .debug_str     0x00001b44       0x68 .\CortexM3\ARM_GCC_541\Debug\SDHD_MovementDetection.a(WaveDAC_Wave2_DMA_dma.o)
                                0x313 (size before relaxing)
 .debug_str     0x00001bac       0x73 .\CortexM3\ARM_GCC_541\Debug\SDHD_MovementDetection.a(WaveDAC_VDAC8.o)
                                0x2e6 (size before relaxing)
 .debug_str     0x00001c1f      0x17b .\CortexM3\ARM_GCC_541\Debug\SDHD_MovementDetection.a(UART_IntClock.o)
                                0x3ad (size before relaxing)
 .debug_str     0x00001d9a       0x7b .\CortexM3\ARM_GCC_541\Debug\SDHD_MovementDetection.a(ADC_DelSig_AMux.o)
                                0x2a7 (size before relaxing)
 .debug_str     0x00001e15      0x170 .\CortexM3\ARM_GCC_541\Debug\SDHD_MovementDetection.a(ADC_DelSig_Ext_CP_Clk.o)
                                0x40d (size before relaxing)
 .debug_str     0x00001f85      0x1a3 .\CortexM3\ARM_GCC_541\Debug\SDHD_MovementDetection.a(ADC_DelSig_theACLK.o)
                                0x43a (size before relaxing)
 .debug_str     0x00002128      0x2a1 .\CortexM3\ARM_GCC_541\Debug\SDHD_MovementDetection.a(CyDmac.o)
                                0x5c1 (size before relaxing)
 .debug_str     0x000023c9      0x7bb .\CortexM3\ARM_GCC_541\Debug\SDHD_MovementDetection.a(CyLib.o)
                                0xabe (size before relaxing)
 .debug_str     0x00002b84      0x365 .\CortexM3\ARM_GCC_541\Debug\SDHD_MovementDetection.a(cyPm.o)
                                0x7aa (size before relaxing)
 .debug_str     0x00002ee9       0x8b .\CortexM3\ARM_GCC_541\Debug\SDHD_MovementDetection.a(WaveDAC_BuffAmp.o)
                                0x2b4 (size before relaxing)
 .debug_str     0x00002f74       0x44 .\CortexM3\ARM_GCC_541\Debug\SDHD_MovementDetection.a(MuxControlRegister.o)
                                0x24d (size before relaxing)
 .debug_str     0x00002fb8      0x1b4 .\CortexM3\ARM_GCC_541\Debug\SDHD_MovementDetection.a(CyFlash.o)
                                0x437 (size before relaxing)
 .debug_str     0x0000316c       0xac .\CortexM3\ARM_GCC_541\Debug\SDHD_MovementDetection.a(CySpc.o)
                                0x3af (size before relaxing)

.debug_loc      0x00000000     0x3afd
 *(.debug_loc)
 .debug_loc     0x00000000      0x1e7 .\CortexM3\ARM_GCC_541\Debug\movementDetector.o
 .debug_loc     0x000001e7       0x4d .\CortexM3\ARM_GCC_541\Debug\dma.o
 .debug_loc     0x00000234      0x125 .\CortexM3\ARM_GCC_541\Debug\led.o
 .debug_loc     0x00000359      0x219 .\CortexM3\ARM_GCC_541\Debug\cyfitter_cfg.o
 .debug_loc     0x00000572      0x144 .\CortexM3\ARM_GCC_541\Debug\Cm3Start.o
 .debug_loc     0x000006b6       0x42 .\CortexM3\ARM_GCC_541\Debug\SDHD_MovementDetection.a(LED_red.o)
 .debug_loc     0x000006f8       0x42 .\CortexM3\ARM_GCC_541\Debug\SDHD_MovementDetection.a(LED_yellow.o)
 .debug_loc     0x0000073a       0x42 .\CortexM3\ARM_GCC_541\Debug\SDHD_MovementDetection.a(LED_green.o)
 .debug_loc     0x0000077c       0x56 .\CortexM3\ARM_GCC_541\Debug\SDHD_MovementDetection.a(IRQ_BUTTON.o)
 .debug_loc     0x000007d2      0x11b .\CortexM3\ARM_GCC_541\Debug\SDHD_MovementDetection.a(WaveDAC.o)
 .debug_loc     0x000008ed      0x276 .\CortexM3\ARM_GCC_541\Debug\SDHD_MovementDetection.a(UART.o)
 .debug_loc     0x00000b63       0x56 .\CortexM3\ARM_GCC_541\Debug\SDHD_MovementDetection.a(IRQ_UART.o)
 .debug_loc     0x00000bb9      0x681 .\CortexM3\ARM_GCC_541\Debug\SDHD_MovementDetection.a(ADC_DelSig.o)
 .debug_loc     0x0000123a       0x84 .\CortexM3\ARM_GCC_541\Debug\SDHD_MovementDetection.a(DMA_ForAdc_dma.o)
 .debug_loc     0x000012be       0x56 .\CortexM3\ARM_GCC_541\Debug\SDHD_MovementDetection.a(IRQ_DMA.o)
 .debug_loc     0x00001314       0x84 .\CortexM3\ARM_GCC_541\Debug\SDHD_MovementDetection.a(WaveDAC_Wave1_DMA_dma.o)
 .debug_loc     0x00001398       0x84 .\CortexM3\ARM_GCC_541\Debug\SDHD_MovementDetection.a(WaveDAC_Wave2_DMA_dma.o)
 .debug_loc     0x0000141c       0x79 .\CortexM3\ARM_GCC_541\Debug\SDHD_MovementDetection.a(WaveDAC_VDAC8.o)
 .debug_loc     0x00001495      0x128 .\CortexM3\ARM_GCC_541\Debug\SDHD_MovementDetection.a(UART_IntClock.o)
 .debug_loc     0x000015bd       0x6c .\CortexM3\ARM_GCC_541\Debug\SDHD_MovementDetection.a(ADC_DelSig_AMux.o)
 .debug_loc     0x00001629      0x12c .\CortexM3\ARM_GCC_541\Debug\SDHD_MovementDetection.a(ADC_DelSig_Ext_CP_Clk.o)
 .debug_loc     0x00001755      0x14d .\CortexM3\ARM_GCC_541\Debug\SDHD_MovementDetection.a(ADC_DelSig_theACLK.o)
 .debug_loc     0x000018a2      0xb8e .\CortexM3\ARM_GCC_541\Debug\SDHD_MovementDetection.a(CyDmac.o)
 .debug_loc     0x00002430      0xa11 .\CortexM3\ARM_GCC_541\Debug\SDHD_MovementDetection.a(CyLib.o)
 .debug_loc     0x00002e41      0x1e4 .\CortexM3\ARM_GCC_541\Debug\SDHD_MovementDetection.a(cyPm.o)
 .debug_loc     0x00003025       0x21 .\CortexM3\ARM_GCC_541\Debug\SDHD_MovementDetection.a(WaveDAC_BuffAmp.o)
 .debug_loc     0x00003046      0x3b2 .\CortexM3\ARM_GCC_541\Debug\SDHD_MovementDetection.a(CyFlash.o)
 .debug_loc     0x000033f8      0x705 .\CortexM3\ARM_GCC_541\Debug\SDHD_MovementDetection.a(CySpc.o)

.debug_macinfo
 *(.debug_macinfo)

.debug_ranges   0x00000000      0xc30
 *(.debug_ranges)
 .debug_ranges  0x00000000       0x30 .\CortexM3\ARM_GCC_541\Debug\main.o
 .debug_ranges  0x00000030       0x40 .\CortexM3\ARM_GCC_541\Debug\movementDetector.o
 .debug_ranges  0x00000070       0x18 .\CortexM3\ARM_GCC_541\Debug\dma.o
 .debug_ranges  0x00000088       0x30 .\CortexM3\ARM_GCC_541\Debug\led.o
 .debug_ranges  0x000000b8       0x58 .\CortexM3\ARM_GCC_541\Debug\cyfitter_cfg.o
 .debug_ranges  0x00000110       0x38 .\CortexM3\ARM_GCC_541\Debug\Cm3Start.o
 .debug_ranges  0x00000148       0x28 .\CortexM3\ARM_GCC_541\Debug\SDHD_MovementDetection.a(LED_red.o)
 .debug_ranges  0x00000170       0x28 .\CortexM3\ARM_GCC_541\Debug\SDHD_MovementDetection.a(LED_yellow.o)
 .debug_ranges  0x00000198       0x28 .\CortexM3\ARM_GCC_541\Debug\SDHD_MovementDetection.a(LED_green.o)
 .debug_ranges  0x000001c0       0x70 .\CortexM3\ARM_GCC_541\Debug\SDHD_MovementDetection.a(IRQ_BUTTON.o)
 .debug_ranges  0x00000230       0x40 .\CortexM3\ARM_GCC_541\Debug\SDHD_MovementDetection.a(WaveDAC.o)
 .debug_ranges  0x00000270       0xe0 .\CortexM3\ARM_GCC_541\Debug\SDHD_MovementDetection.a(UART.o)
 .debug_ranges  0x00000350       0x10 .\CortexM3\ARM_GCC_541\Debug\SDHD_MovementDetection.a(UART_INT.o)
 .debug_ranges  0x00000360       0x70 .\CortexM3\ARM_GCC_541\Debug\SDHD_MovementDetection.a(IRQ_UART.o)
 .debug_ranges  0x000003d0       0xd8 .\CortexM3\ARM_GCC_541\Debug\SDHD_MovementDetection.a(ADC_DelSig.o)
 .debug_ranges  0x000004a8       0x28 .\CortexM3\ARM_GCC_541\Debug\SDHD_MovementDetection.a(ADC_DelSig_INT.o)
 .debug_ranges  0x000004d0       0x18 .\CortexM3\ARM_GCC_541\Debug\SDHD_MovementDetection.a(DMA_ForAdc_dma.o)
 .debug_ranges  0x000004e8       0x70 .\CortexM3\ARM_GCC_541\Debug\SDHD_MovementDetection.a(IRQ_DMA.o)
 .debug_ranges  0x00000558       0x18 .\CortexM3\ARM_GCC_541\Debug\SDHD_MovementDetection.a(WaveDAC_Wave1_DMA_dma.o)
 .debug_ranges  0x00000570       0x18 .\CortexM3\ARM_GCC_541\Debug\SDHD_MovementDetection.a(WaveDAC_Wave2_DMA_dma.o)
 .debug_ranges  0x00000588       0x48 .\CortexM3\ARM_GCC_541\Debug\SDHD_MovementDetection.a(WaveDAC_VDAC8.o)
 .debug_ranges  0x000005d0       0x60 .\CortexM3\ARM_GCC_541\Debug\SDHD_MovementDetection.a(UART_IntClock.o)
 .debug_ranges  0x00000630       0x20 .\CortexM3\ARM_GCC_541\Debug\SDHD_MovementDetection.a(ADC_DelSig_AMux.o)
 .debug_ranges  0x00000650       0x60 .\CortexM3\ARM_GCC_541\Debug\SDHD_MovementDetection.a(ADC_DelSig_Ext_CP_Clk.o)
 .debug_ranges  0x000006b0       0x70 .\CortexM3\ARM_GCC_541\Debug\SDHD_MovementDetection.a(ADC_DelSig_theACLK.o)
 .debug_ranges  0x00000720       0xc8 .\CortexM3\ARM_GCC_541\Debug\SDHD_MovementDetection.a(CyDmac.o)
 .debug_ranges  0x000007e8      0x290 .\CortexM3\ARM_GCC_541\Debug\SDHD_MovementDetection.a(CyLib.o)
 .debug_ranges  0x00000a78       0x88 .\CortexM3\ARM_GCC_541\Debug\SDHD_MovementDetection.a(cyPm.o)
 .debug_ranges  0x00000b00       0x30 .\CortexM3\ARM_GCC_541\Debug\SDHD_MovementDetection.a(WaveDAC_BuffAmp.o)
 .debug_ranges  0x00000b30       0x18 .\CortexM3\ARM_GCC_541\Debug\SDHD_MovementDetection.a(MuxControlRegister.o)
 .debug_ranges  0x00000b48       0x78 .\CortexM3\ARM_GCC_541\Debug\SDHD_MovementDetection.a(CyFlash.o)
 .debug_ranges  0x00000bc0       0x70 .\CortexM3\ARM_GCC_541\Debug\SDHD_MovementDetection.a(CySpc.o)

.comment        0x00000000       0x6e
 .comment       0x00000000       0x6e .\CortexM3\ARM_GCC_541\Debug\main.o
                                 0x6f (size before relaxing)
 .comment       0x0000006e       0x6f .\CortexM3\ARM_GCC_541\Debug\movementDetector.o
 .comment       0x0000006e       0x6f .\CortexM3\ARM_GCC_541\Debug\dma.o
 .comment       0x0000006e       0x6f .\CortexM3\ARM_GCC_541\Debug\led.o
 .comment       0x0000006e       0x6f .\CortexM3\ARM_GCC_541\Debug\cyfitter_cfg.o
 .comment       0x0000006e       0x6f .\CortexM3\ARM_GCC_541\Debug\cymetadata.o
 .comment       0x0000006e       0x6f .\CortexM3\ARM_GCC_541\Debug\Cm3Start.o
 .comment       0x0000006e       0x6f .\CortexM3\ARM_GCC_541\Debug\SDHD_MovementDetection.a(LED_red.o)
 .comment       0x0000006e       0x6f .\CortexM3\ARM_GCC_541\Debug\SDHD_MovementDetection.a(LED_yellow.o)
 .comment       0x0000006e       0x6f .\CortexM3\ARM_GCC_541\Debug\SDHD_MovementDetection.a(LED_green.o)
 .comment       0x0000006e       0x6f .\CortexM3\ARM_GCC_541\Debug\SDHD_MovementDetection.a(IRQ_BUTTON.o)
 .comment       0x0000006e       0x6f .\CortexM3\ARM_GCC_541\Debug\SDHD_MovementDetection.a(WaveDAC.o)
 .comment       0x0000006e       0x6f .\CortexM3\ARM_GCC_541\Debug\SDHD_MovementDetection.a(UART.o)
 .comment       0x0000006e       0x6f .\CortexM3\ARM_GCC_541\Debug\SDHD_MovementDetection.a(UART_INT.o)
 .comment       0x0000006e       0x6f .\CortexM3\ARM_GCC_541\Debug\SDHD_MovementDetection.a(IRQ_UART.o)
 .comment       0x0000006e       0x6f .\CortexM3\ARM_GCC_541\Debug\SDHD_MovementDetection.a(ADC_DelSig.o)
 .comment       0x0000006e       0x6f .\CortexM3\ARM_GCC_541\Debug\SDHD_MovementDetection.a(ADC_DelSig_INT.o)
 .comment       0x0000006e       0x6f .\CortexM3\ARM_GCC_541\Debug\SDHD_MovementDetection.a(DMA_ForAdc_dma.o)
 .comment       0x0000006e       0x6f .\CortexM3\ARM_GCC_541\Debug\SDHD_MovementDetection.a(IRQ_DMA.o)
 .comment       0x0000006e       0x6f .\CortexM3\ARM_GCC_541\Debug\SDHD_MovementDetection.a(WaveDAC_Wave1_DMA_dma.o)
 .comment       0x0000006e       0x6f .\CortexM3\ARM_GCC_541\Debug\SDHD_MovementDetection.a(WaveDAC_Wave2_DMA_dma.o)
 .comment       0x0000006e       0x6f .\CortexM3\ARM_GCC_541\Debug\SDHD_MovementDetection.a(WaveDAC_VDAC8.o)
 .comment       0x0000006e       0x6f .\CortexM3\ARM_GCC_541\Debug\SDHD_MovementDetection.a(UART_IntClock.o)
 .comment       0x0000006e       0x6f .\CortexM3\ARM_GCC_541\Debug\SDHD_MovementDetection.a(ADC_DelSig_AMux.o)
 .comment       0x0000006e       0x6f .\CortexM3\ARM_GCC_541\Debug\SDHD_MovementDetection.a(ADC_DelSig_Ext_CP_Clk.o)
 .comment       0x0000006e       0x6f .\CortexM3\ARM_GCC_541\Debug\SDHD_MovementDetection.a(ADC_DelSig_theACLK.o)
 .comment       0x0000006e       0x6f .\CortexM3\ARM_GCC_541\Debug\SDHD_MovementDetection.a(CyDmac.o)
 .comment       0x0000006e       0x6f .\CortexM3\ARM_GCC_541\Debug\SDHD_MovementDetection.a(CyLib.o)
 .comment       0x0000006e       0x6f .\CortexM3\ARM_GCC_541\Debug\SDHD_MovementDetection.a(cyPm.o)
 .comment       0x0000006e       0x6f .\CortexM3\ARM_GCC_541\Debug\SDHD_MovementDetection.a(WaveDAC_BuffAmp.o)
 .comment       0x0000006e       0x6f .\CortexM3\ARM_GCC_541\Debug\SDHD_MovementDetection.a(MuxControlRegister.o)
 .comment       0x0000006e       0x6f .\CortexM3\ARM_GCC_541\Debug\SDHD_MovementDetection.a(CyFlash.o)
 .comment       0x0000006e       0x6f .\CortexM3\ARM_GCC_541\Debug\SDHD_MovementDetection.a(CySpc.o)

.debug_weaknames
 *(.debug_weaknames)

.debug_funcnames
 *(.debug_funcnames)

.debug_typenames
 *(.debug_typenames)

.debug_varnames
 *(.debug_varnames)

.note.gnu.arm.ident
 *(.note.gnu.arm.ident)

.ARM.attributes
                0x00000000       0x29
 *(.ARM.attributes)
 .ARM.attributes
                0x00000000       0x1d c:/program files (x86)/cypress/psoc creator/4.3/psoc creator/import/gnu/arm/5.4.1/bin/../lib/gcc/arm-none-eabi/5.4.1/armv7-m/crti.o
 .ARM.attributes
                0x0000001d       0x2d c:/program files (x86)/cypress/psoc creator/4.3/psoc creator/import/gnu/arm/5.4.1/bin/../lib/gcc/arm-none-eabi/5.4.1/armv7-m/crtbegin.o
 .ARM.attributes
                0x0000004a       0x1b c:/program files (x86)/cypress/psoc creator/4.3/psoc creator/import/gnu/arm/5.4.1/bin/../lib/gcc/arm-none-eabi/5.4.1/../../../../arm-none-eabi/lib/armv7-m/crt0.o
 .ARM.attributes
                0x00000065       0x33 .\CortexM3\ARM_GCC_541\Debug\main.o
 .ARM.attributes
                0x00000098       0x33 .\CortexM3\ARM_GCC_541\Debug\movementDetector.o
 .ARM.attributes
                0x000000cb       0x33 .\CortexM3\ARM_GCC_541\Debug\dma.o
 .ARM.attributes
                0x000000fe       0x33 .\CortexM3\ARM_GCC_541\Debug\led.o
 .ARM.attributes
                0x00000131       0x33 .\CortexM3\ARM_GCC_541\Debug\cyfitter_cfg.o
 .ARM.attributes
                0x00000164       0x33 .\CortexM3\ARM_GCC_541\Debug\cymetadata.o
 .ARM.attributes
                0x00000197       0x33 .\CortexM3\ARM_GCC_541\Debug\Cm3Start.o
 .ARM.attributes
                0x000001ca       0x33 .\CortexM3\ARM_GCC_541\Debug\SDHD_MovementDetection.a(LED_red.o)
 .ARM.attributes
                0x000001fd       0x33 .\CortexM3\ARM_GCC_541\Debug\SDHD_MovementDetection.a(LED_yellow.o)
 .ARM.attributes
                0x00000230       0x33 .\CortexM3\ARM_GCC_541\Debug\SDHD_MovementDetection.a(LED_green.o)
 .ARM.attributes
                0x00000263       0x33 .\CortexM3\ARM_GCC_541\Debug\SDHD_MovementDetection.a(IRQ_BUTTON.o)
 .ARM.attributes
                0x00000296       0x33 .\CortexM3\ARM_GCC_541\Debug\SDHD_MovementDetection.a(WaveDAC.o)
 .ARM.attributes
                0x000002c9       0x33 .\CortexM3\ARM_GCC_541\Debug\SDHD_MovementDetection.a(UART.o)
 .ARM.attributes
                0x000002fc       0x33 .\CortexM3\ARM_GCC_541\Debug\SDHD_MovementDetection.a(UART_INT.o)
 .ARM.attributes
                0x0000032f       0x33 .\CortexM3\ARM_GCC_541\Debug\SDHD_MovementDetection.a(IRQ_UART.o)
 .ARM.attributes
                0x00000362       0x33 .\CortexM3\ARM_GCC_541\Debug\SDHD_MovementDetection.a(ADC_DelSig.o)
 .ARM.attributes
                0x00000395       0x33 .\CortexM3\ARM_GCC_541\Debug\SDHD_MovementDetection.a(ADC_DelSig_INT.o)
 .ARM.attributes
                0x000003c8       0x33 .\CortexM3\ARM_GCC_541\Debug\SDHD_MovementDetection.a(DMA_ForAdc_dma.o)
 .ARM.attributes
                0x000003fb       0x33 .\CortexM3\ARM_GCC_541\Debug\SDHD_MovementDetection.a(IRQ_DMA.o)
 .ARM.attributes
                0x0000042e       0x33 .\CortexM3\ARM_GCC_541\Debug\SDHD_MovementDetection.a(WaveDAC_Wave1_DMA_dma.o)
 .ARM.attributes
                0x00000461       0x33 .\CortexM3\ARM_GCC_541\Debug\SDHD_MovementDetection.a(WaveDAC_Wave2_DMA_dma.o)
 .ARM.attributes
                0x00000494       0x33 .\CortexM3\ARM_GCC_541\Debug\SDHD_MovementDetection.a(WaveDAC_VDAC8.o)
 .ARM.attributes
                0x000004c7       0x33 .\CortexM3\ARM_GCC_541\Debug\SDHD_MovementDetection.a(UART_IntClock.o)
 .ARM.attributes
                0x000004fa       0x33 .\CortexM3\ARM_GCC_541\Debug\SDHD_MovementDetection.a(ADC_DelSig_AMux.o)
 .ARM.attributes
                0x0000052d       0x33 .\CortexM3\ARM_GCC_541\Debug\SDHD_MovementDetection.a(ADC_DelSig_Ext_CP_Clk.o)
 .ARM.attributes
                0x00000560       0x33 .\CortexM3\ARM_GCC_541\Debug\SDHD_MovementDetection.a(ADC_DelSig_theACLK.o)
 .ARM.attributes
                0x00000593       0x33 .\CortexM3\ARM_GCC_541\Debug\SDHD_MovementDetection.a(CyDmac.o)
 .ARM.attributes
                0x000005c6       0x33 .\CortexM3\ARM_GCC_541\Debug\SDHD_MovementDetection.a(CyLib.o)
 .ARM.attributes
                0x000005f9       0x33 .\CortexM3\ARM_GCC_541\Debug\SDHD_MovementDetection.a(cyPm.o)
 .ARM.attributes
                0x0000062c       0x33 .\CortexM3\ARM_GCC_541\Debug\SDHD_MovementDetection.a(WaveDAC_BuffAmp.o)
 .ARM.attributes
                0x0000065f       0x33 .\CortexM3\ARM_GCC_541\Debug\SDHD_MovementDetection.a(MuxControlRegister.o)
 .ARM.attributes
                0x00000692       0x21 .\CortexM3\ARM_GCC_541\Debug\SDHD_MovementDetection.a(CyBootAsmGnu.o)
 .ARM.attributes
                0x000006b3       0x33 .\CortexM3\ARM_GCC_541\Debug\SDHD_MovementDetection.a(CyFlash.o)
 .ARM.attributes
                0x000006e6       0x33 .\CortexM3\ARM_GCC_541\Debug\SDHD_MovementDetection.a(CySpc.o)
 .ARM.attributes
                0x00000719       0x1d c:/program files (x86)/cypress/psoc creator/4.3/psoc creator/import/gnu/arm/5.4.1/bin/../lib/gcc/arm-none-eabi/5.4.1/armv7-m\libgcc.a(_arm_addsubdf3.o)
 .ARM.attributes
                0x00000736       0x1d c:/program files (x86)/cypress/psoc creator/4.3/psoc creator/import/gnu/arm/5.4.1/bin/../lib/gcc/arm-none-eabi/5.4.1/armv7-m\libgcc.a(_arm_cmpdf2.o)
 .ARM.attributes
                0x00000753       0x1d c:/program files (x86)/cypress/psoc creator/4.3/psoc creator/import/gnu/arm/5.4.1/bin/../lib/gcc/arm-none-eabi/5.4.1/armv7-m\libgcc.a(_arm_addsubsf3.o)
 .ARM.attributes
                0x00000770       0x1d c:/program files (x86)/cypress/psoc creator/4.3/psoc creator/import/gnu/arm/5.4.1/bin/../lib/gcc/arm-none-eabi/5.4.1/armv7-m\libgcc.a(_arm_muldivsf3.o)
 .ARM.attributes
                0x0000078d       0x1d c:/program files (x86)/cypress/psoc creator/4.3/psoc creator/import/gnu/arm/5.4.1/bin/../lib/gcc/arm-none-eabi/5.4.1/armv7-m\libgcc.a(_arm_fixunssfsi.o)
 .ARM.attributes
                0x000007aa       0x2d c:/program files (x86)/cypress/psoc creator/4.3/psoc creator/import/gnu/arm/5.4.1/bin/../lib/gcc/arm-none-eabi/5.4.1/../../../../arm-none-eabi/lib/armv7-m\libg_nano.a(lib_a-errno.o)
 .ARM.attributes
                0x000007d7       0x2d c:/program files (x86)/cypress/psoc creator/4.3/psoc creator/import/gnu/arm/5.4.1/bin/../lib/gcc/arm-none-eabi/5.4.1/../../../../arm-none-eabi/lib/armv7-m\libg_nano.a(lib_a-exit.o)
 .ARM.attributes
                0x00000804       0x2d c:/program files (x86)/cypress/psoc creator/4.3/psoc creator/import/gnu/arm/5.4.1/bin/../lib/gcc/arm-none-eabi/5.4.1/../../../../arm-none-eabi/lib/armv7-m\libg_nano.a(lib_a-impure.o)
 .ARM.attributes
                0x00000831       0x2d c:/program files (x86)/cypress/psoc creator/4.3/psoc creator/import/gnu/arm/5.4.1/bin/../lib/gcc/arm-none-eabi/5.4.1/../../../../arm-none-eabi/lib/armv7-m\libg_nano.a(lib_a-init.o)
 .ARM.attributes
                0x0000085e       0x2d c:/program files (x86)/cypress/psoc creator/4.3/psoc creator/import/gnu/arm/5.4.1/bin/../lib/gcc/arm-none-eabi/5.4.1/../../../../arm-none-eabi/lib/armv7-m\libg_nano.a(lib_a-memcpy-stub.o)
 .ARM.attributes
                0x0000088b       0x2d c:/program files (x86)/cypress/psoc creator/4.3/psoc creator/import/gnu/arm/5.4.1/bin/../lib/gcc/arm-none-eabi/5.4.1/../../../../arm-none-eabi/lib/armv7-m\libg_nano.a(lib_a-memset.o)
 .ARM.attributes
                0x000008b8       0x2d c:/program files (x86)/cypress/psoc creator/4.3/psoc creator/import/gnu/arm/5.4.1/bin/../lib/gcc/arm-none-eabi/5.4.1/armv7-m/crtend.o
 .ARM.attributes
                0x000008e5       0x1d c:/program files (x86)/cypress/psoc creator/4.3/psoc creator/import/gnu/arm/5.4.1/bin/../lib/gcc/arm-none-eabi/5.4.1/armv7-m/crtn.o

/DISCARD/
 *(.note.GNU-stack)
OUTPUT(C:\aadarshxp\_MastersEmbeddedSystem\Semester-2\SystemLevelHardwareDesign\movement_detection_using_radar\40_Implementation\work\30_SW_improve_autoFreqChange\SDHD_MovementDetection.cydsn\CortexM3\ARM_GCC_541\Debug\SDHD_MovementDetection.elf elf32-littlearm)
